Archive member included to satisfy reference by file (symbol)

c:/st/stm32cubeide_1.11.0/stm32cubeide/plugins/com.st.stm32cube.ide.mcu.externaltools.gnu-tools-for-stm32.10.3-2021.10.win32_1.0.100.202210260954/tools/bin/../lib/gcc/arm-none-eabi/10.3.1/../../../../arm-none-eabi/lib/thumb/v7e-m+fp/hard\libc_nano.a(lib_a-errno.o)
                              ./Core/Src/syscalls.o (__errno)
c:/st/stm32cubeide_1.11.0/stm32cubeide/plugins/com.st.stm32cube.ide.mcu.externaltools.gnu-tools-for-stm32.10.3-2021.10.win32_1.0.100.202210260954/tools/bin/../lib/gcc/arm-none-eabi/10.3.1/../../../../arm-none-eabi/lib/thumb/v7e-m+fp/hard\libc_nano.a(lib_a-exit.o)
                              c:/st/stm32cubeide_1.11.0/stm32cubeide/plugins/com.st.stm32cube.ide.mcu.externaltools.gnu-tools-for-stm32.10.3-2021.10.win32_1.0.100.202210260954/tools/bin/../lib/gcc/arm-none-eabi/10.3.1/../../../../arm-none-eabi/lib/thumb/v7e-m+fp/hard/crt0.o (exit)
c:/st/stm32cubeide_1.11.0/stm32cubeide/plugins/com.st.stm32cube.ide.mcu.externaltools.gnu-tools-for-stm32.10.3-2021.10.win32_1.0.100.202210260954/tools/bin/../lib/gcc/arm-none-eabi/10.3.1/../../../../arm-none-eabi/lib/thumb/v7e-m+fp/hard\libc_nano.a(lib_a-impure.o)
                              c:/st/stm32cubeide_1.11.0/stm32cubeide/plugins/com.st.stm32cube.ide.mcu.externaltools.gnu-tools-for-stm32.10.3-2021.10.win32_1.0.100.202210260954/tools/bin/../lib/gcc/arm-none-eabi/10.3.1/../../../../arm-none-eabi/lib/thumb/v7e-m+fp/hard\libc_nano.a(lib_a-exit.o) (_global_impure_ptr)
c:/st/stm32cubeide_1.11.0/stm32cubeide/plugins/com.st.stm32cube.ide.mcu.externaltools.gnu-tools-for-stm32.10.3-2021.10.win32_1.0.100.202210260954/tools/bin/../lib/gcc/arm-none-eabi/10.3.1/../../../../arm-none-eabi/lib/thumb/v7e-m+fp/hard\libc_nano.a(lib_a-init.o)
                              c:/st/stm32cubeide_1.11.0/stm32cubeide/plugins/com.st.stm32cube.ide.mcu.externaltools.gnu-tools-for-stm32.10.3-2021.10.win32_1.0.100.202210260954/tools/bin/../lib/gcc/arm-none-eabi/10.3.1/../../../../arm-none-eabi/lib/thumb/v7e-m+fp/hard/crt0.o (__libc_init_array)
c:/st/stm32cubeide_1.11.0/stm32cubeide/plugins/com.st.stm32cube.ide.mcu.externaltools.gnu-tools-for-stm32.10.3-2021.10.win32_1.0.100.202210260954/tools/bin/../lib/gcc/arm-none-eabi/10.3.1/../../../../arm-none-eabi/lib/thumb/v7e-m+fp/hard\libc_nano.a(lib_a-memcpy-stub.o)
                              ./Thirdparty/FreeRTOS/Source/queue.o (memcpy)
c:/st/stm32cubeide_1.11.0/stm32cubeide/plugins/com.st.stm32cube.ide.mcu.externaltools.gnu-tools-for-stm32.10.3-2021.10.win32_1.0.100.202210260954/tools/bin/../lib/gcc/arm-none-eabi/10.3.1/../../../../arm-none-eabi/lib/thumb/v7e-m+fp/hard\libc_nano.a(lib_a-memset.o)
                              c:/st/stm32cubeide_1.11.0/stm32cubeide/plugins/com.st.stm32cube.ide.mcu.externaltools.gnu-tools-for-stm32.10.3-2021.10.win32_1.0.100.202210260954/tools/bin/../lib/gcc/arm-none-eabi/10.3.1/../../../../arm-none-eabi/lib/thumb/v7e-m+fp/hard/crt0.o (memset)
c:/st/stm32cubeide_1.11.0/stm32cubeide/plugins/com.st.stm32cube.ide.mcu.externaltools.gnu-tools-for-stm32.10.3-2021.10.win32_1.0.100.202210260954/tools/bin/../lib/gcc/arm-none-eabi/10.3.1/thumb/v7e-m+fp/hard\libgcc.a(_aeabi_uldivmod.o)
                              ./Drivers/STM32F4xx_HAL_Driver/Src/stm32f4xx_hal_rcc.o (__aeabi_uldivmod)
c:/st/stm32cubeide_1.11.0/stm32cubeide/plugins/com.st.stm32cube.ide.mcu.externaltools.gnu-tools-for-stm32.10.3-2021.10.win32_1.0.100.202210260954/tools/bin/../lib/gcc/arm-none-eabi/10.3.1/thumb/v7e-m+fp/hard\libgcc.a(_udivmoddi4.o)
                              c:/st/stm32cubeide_1.11.0/stm32cubeide/plugins/com.st.stm32cube.ide.mcu.externaltools.gnu-tools-for-stm32.10.3-2021.10.win32_1.0.100.202210260954/tools/bin/../lib/gcc/arm-none-eabi/10.3.1/thumb/v7e-m+fp/hard\libgcc.a(_aeabi_uldivmod.o) (__udivmoddi4)
c:/st/stm32cubeide_1.11.0/stm32cubeide/plugins/com.st.stm32cube.ide.mcu.externaltools.gnu-tools-for-stm32.10.3-2021.10.win32_1.0.100.202210260954/tools/bin/../lib/gcc/arm-none-eabi/10.3.1/thumb/v7e-m+fp/hard\libgcc.a(_dvmd_tls.o)
                              c:/st/stm32cubeide_1.11.0/stm32cubeide/plugins/com.st.stm32cube.ide.mcu.externaltools.gnu-tools-for-stm32.10.3-2021.10.win32_1.0.100.202210260954/tools/bin/../lib/gcc/arm-none-eabi/10.3.1/thumb/v7e-m+fp/hard\libgcc.a(_aeabi_uldivmod.o) (__aeabi_ldiv0)

Discarded input sections

 .text          0x0000000000000000        0x0 c:/st/stm32cubeide_1.11.0/stm32cubeide/plugins/com.st.stm32cube.ide.mcu.externaltools.gnu-tools-for-stm32.10.3-2021.10.win32_1.0.100.202210260954/tools/bin/../lib/gcc/arm-none-eabi/10.3.1/thumb/v7e-m+fp/hard/crti.o
 .data          0x0000000000000000        0x0 c:/st/stm32cubeide_1.11.0/stm32cubeide/plugins/com.st.stm32cube.ide.mcu.externaltools.gnu-tools-for-stm32.10.3-2021.10.win32_1.0.100.202210260954/tools/bin/../lib/gcc/arm-none-eabi/10.3.1/thumb/v7e-m+fp/hard/crti.o
[...]
Memory Configuration

Name             Origin             Length             Attributes
CCMRAM           0x0000000010000000 0x0000000000010000 xrw
RAM              0x0000000020000000 0x0000000000020000 xrw
FLASH            0x0000000008000000 0x0000000000100000 xr
*default*        0x0000000000000000 0xffffffffffffffff

Linker script and memory map

LOAD c:/st/stm32cubeide_1.11.0/stm32cubeide/plugins/com.st.stm32cube.ide.mcu.externaltools.gnu-tools-for-stm32.10.3-2021.10.win32_1.0.100.202210260954/tools/bin/../lib/gcc/arm-none-eabi/10.3.1/thumb/v7e-m+fp/hard/crti.o
LOAD c:/st/stm32cubeide_1.11.0/stm32cubeide/plugins/com.st.stm32cube.ide.mcu.externaltools.gnu-tools-for-stm32.10.3-2021.10.win32_1.0.100.202210260954/tools/bin/../lib/gcc/arm-none-eabi/10.3.1/thumb/v7e-m+fp/hard/crtbegin.o
LOAD c:/st/stm32cubeide_1.11.0/stm32cubeide/plugins/com.st.stm32cube.ide.mcu.externaltools.gnu-tools-for-stm32.10.3-2021.10.win32_1.0.100.202210260954/tools/bin/../lib/gcc/arm-none-eabi/10.3.1/../../../../arm-none-eabi/lib/thumb/v7e-m+fp/hard/crt0.o
LOAD ./Core/Src/main.o
LOAD ./Core/Src/stm32f4xx_hal_msp.o
LOAD ./Core/Src/stm32f4xx_hal_timebase_tim.o
LOAD ./Core/Src/stm32f4xx_it.o
LOAD ./Core/Src/syscalls.o
LOAD ./Core/Src/system_stm32f4xx.o
LOAD ./Core/Startup/startup_stm32f405rgtx.o
LOAD ./Drivers/STM32F4xx_HAL_Driver/Src/stm32f4xx_hal.o
LOAD ./Drivers/STM32F4xx_HAL_Driver/Src/stm32f4xx_hal_cortex.o
LOAD ./Drivers/STM32F4xx_HAL_Driver/Src/stm32f4xx_hal_dma.o
LOAD ./Drivers/STM32F4xx_HAL_Driver/Src/stm32f4xx_hal_dma_ex.o
LOAD ./Drivers/STM32F4xx_HAL_Driver/Src/stm32f4xx_hal_exti.o
LOAD ./Drivers/STM32F4xx_HAL_Driver/Src/stm32f4xx_hal_flash.o
LOAD ./Drivers/STM32F4xx_HAL_Driver/Src/stm32f4xx_hal_flash_ex.o
LOAD ./Drivers/STM32F4xx_HAL_Driver/Src/stm32f4xx_hal_flash_ramfunc.o
LOAD ./Drivers/STM32F4xx_HAL_Driver/Src/stm32f4xx_hal_gpio.o
LOAD ./Drivers/STM32F4xx_HAL_Driver/Src/stm32f4xx_hal_pwr.o
LOAD ./Drivers/STM32F4xx_HAL_Driver/Src/stm32f4xx_hal_pwr_ex.o
LOAD ./Drivers/STM32F4xx_HAL_Driver/Src/stm32f4xx_hal_rcc.o
LOAD ./Drivers/STM32F4xx_HAL_Driver/Src/stm32f4xx_hal_rcc_ex.o
LOAD ./Drivers/STM32F4xx_HAL_Driver/Src/stm32f4xx_hal_tim.o
LOAD ./Drivers/STM32F4xx_HAL_Driver/Src/stm32f4xx_hal_tim_ex.o
LOAD ./Thirdparty/FreeRTOS/Source/croutine.o
LOAD ./Thirdparty/FreeRTOS/Source/event_groups.o
LOAD ./Thirdparty/FreeRTOS/Source/list.o
LOAD ./Thirdparty/FreeRTOS/Source/queue.o
LOAD ./Thirdparty/FreeRTOS/Source/stream_buffer.o
LOAD ./Thirdparty/FreeRTOS/Source/tasks.o
LOAD ./Thirdparty/FreeRTOS/Source/timers.o
LOAD ./Thirdparty/FreeRTOS/Source/portable/GCC/ARM_CM4F/port.o
LOAD ./Thirdparty/FreeRTOS/Source/portable/MemMang/heap_4.o
START GROUP
LOAD c:/st/stm32cubeide_1.11.0/stm32cubeide/plugins/com.st.stm32cube.ide.mcu.externaltools.gnu-tools-for-stm32.10.3-2021.10.win32_1.0.100.202210260954/tools/bin/../lib/gcc/arm-none-eabi/10.3.1/../../../../arm-none-eabi/lib/thumb/v7e-m+fp/hard\libc_nano.a
LOAD c:/st/stm32cubeide_1.11.0/stm32cubeide/plugins/com.st.stm32cube.ide.mcu.externaltools.gnu-tools-for-stm32.10.3-2021.10.win32_1.0.100.202210260954/tools/bin/../lib/gcc/arm-none-eabi/10.3.1/../../../../arm-none-eabi/lib/thumb/v7e-m+fp/hard\libm.a
END GROUP
START GROUP
LOAD c:/st/stm32cubeide_1.11.0/stm32cubeide/plugins/com.st.stm32cube.ide.mcu.externaltools.gnu-tools-for-stm32.10.3-2021.10.win32_1.0.100.202210260954/tools/bin/../lib/gcc/arm-none-eabi/10.3.1/thumb/v7e-m+fp/hard\libgcc.a
LOAD c:/st/stm32cubeide_1.11.0/stm32cubeide/plugins/com.st.stm32cube.ide.mcu.externaltools.gnu-tools-for-stm32.10.3-2021.10.win32_1.0.100.202210260954/tools/bin/../lib/gcc/arm-none-eabi/10.3.1/../../../../arm-none-eabi/lib/thumb/v7e-m+fp/hard\libc_nano.a
END GROUP
START GROUP
LOAD c:/st/stm32cubeide_1.11.0/stm32cubeide/plugins/com.st.stm32cube.ide.mcu.externaltools.gnu-tools-for-stm32.10.3-2021.10.win32_1.0.100.202210260954/tools/bin/../lib/gcc/arm-none-eabi/10.3.1/thumb/v7e-m+fp/hard\libgcc.a
LOAD c:/st/stm32cubeide_1.11.0/stm32cubeide/plugins/com.st.stm32cube.ide.mcu.externaltools.gnu-tools-for-stm32.10.3-2021.10.win32_1.0.100.202210260954/tools/bin/../lib/gcc/arm-none-eabi/10.3.1/../../../../arm-none-eabi/lib/thumb/v7e-m+fp/hard\libc_nano.a
LOAD c:/st/stm32cubeide_1.11.0/stm32cubeide/plugins/com.st.stm32cube.ide.mcu.externaltools.gnu-tools-for-stm32.10.3-2021.10.win32_1.0.100.202210260954/tools/bin/../lib/gcc/arm-none-eabi/10.3.1/../../../../arm-none-eabi/lib/thumb/v7e-m+fp/hard\libnosys.a
END GROUP
START GROUP
LOAD c:/st/stm32cubeide_1.11.0/stm32cubeide/plugins/com.st.stm32cube.ide.mcu.externaltools.gnu-tools-for-stm32.10.3-2021.10.win32_1.0.100.202210260954/tools/bin/../lib/gcc/arm-none-eabi/10.3.1/thumb/v7e-m+fp/hard\libgcc.a
LOAD c:/st/stm32cubeide_1.11.0/stm32cubeide/plugins/com.st.stm32cube.ide.mcu.externaltools.gnu-tools-for-stm32.10.3-2021.10.win32_1.0.100.202210260954/tools/bin/../lib/gcc/arm-none-eabi/10.3.1/../../../../arm-none-eabi/lib/thumb/v7e-m+fp/hard\libc_nano.a
LOAD c:/st/stm32cubeide_1.11.0/stm32cubeide/plugins/com.st.stm32cube.ide.mcu.externaltools.gnu-tools-for-stm32.10.3-2021.10.win32_1.0.100.202210260954/tools/bin/../lib/gcc/arm-none-eabi/10.3.1/../../../../arm-none-eabi/lib/thumb/v7e-m+fp/hard\libnosys.a
END GROUP
LOAD c:/st/stm32cubeide_1.11.0/stm32cubeide/plugins/com.st.stm32cube.ide.mcu.externaltools.gnu-tools-for-stm32.10.3-2021.10.win32_1.0.100.202210260954/tools/bin/../lib/gcc/arm-none-eabi/10.3.1/thumb/v7e-m+fp/hard/crtend.o
LOAD c:/st/stm32cubeide_1.11.0/stm32cubeide/plugins/com.st.stm32cube.ide.mcu.externaltools.gnu-tools-for-stm32.10.3-2021.10.win32_1.0.100.202210260954/tools/bin/../lib/gcc/arm-none-eabi/10.3.1/thumb/v7e-m+fp/hard/crtn.o
                0x0000000020020000                _estack = (ORIGIN (RAM) + LENGTH (RAM))
                0x0000000000000200                _Min_Heap_Size = 0x200
                0x0000000000000400                _Min_Stack_Size = 0x400

.isr_vector     0x0000000008000000      0x188
                0x0000000008000000                . = ALIGN (0x4)
 *(.isr_vector)
 .isr_vector    0x0000000008000000      0x188 ./Core/Startup/startup_stm32f405rgtx.o
                0x0000000008000000                g_pfnVectors
                0x0000000008000188                . = ALIGN (0x4)

.text           0x0000000008000190     0x4ba0
                0x0000000008000190                . = ALIGN (0x4)
 *(.text)
 .text          0x0000000008000190       0x40 c:/st/stm32cubeide_1.11.0/stm32cubeide/plugins/com.st.stm32cube.ide.mcu.externaltools.gnu-tools-for-stm32.10.3-2021.10.win32_1.0.100.202210260954/tools/bin/../lib/gcc/arm-none-eabi/10.3.1/thumb/v7e-m+fp/hard/crtbegin.o
 .text          0x00000000080001d0       0x30 c:/st/stm32cubeide_1.11.0/stm32cubeide/plugins/com.st.stm32cube.ide.mcu.externaltools.gnu-tools-for-stm32.10.3-2021.10.win32_1.0.100.202210260954/tools/bin/../lib/gcc/arm-none-eabi/10.3.1/thumb/v7e-m+fp/hard\libgcc.a(_aeabi_uldivmod.o)
                0x00000000080001d0                __aeabi_uldivmod
 .text          0x0000000008000200      0x2d0 c:/st/stm32cubeide_1.11.0/stm32cubeide/plugins/com.st.stm32cube.ide.mcu.externaltools.gnu-tools-for-stm32.10.3-2021.10.win32_1.0.100.202210260954/tools/bin/../lib/gcc/arm-none-eabi/10.3.1/thumb/v7e-m+fp/hard\libgcc.a(_udivmoddi4.o)
                0x0000000008000200                __udivmoddi4
 .text          0x00000000080004d0        0x4 c:/st/stm32cubeide_1.11.0/stm32cubeide/plugins/com.st.stm32cube.ide.mcu.externaltools.gnu-tools-for-stm32.10.3-2021.10.win32_1.0.100.202210260954/tools/bin/../lib/gcc/arm-none-eabi/10.3.1/thumb/v7e-m+fp/hard\libgcc.a(_dvmd_tls.o)
                0x00000000080004d0                __aeabi_idiv0
                0x00000000080004d0                __aeabi_ldiv0
 *(.text*)
 .text.main     0x00000000080004d4       0x7c ./Core/Src/main.o
                0x00000000080004d4                main
 .text.LED_Task_1
                0x0000000008000550       0x74 ./Core/Src/main.o
                0x0000000008000550                LED_Task_1
 .text.LED_Task_2
                0x00000000080005c4       0x78 ./Core/Src/main.o
                0x00000000080005c4                LED_Task_2
 .text.SystemClock_Config
                0x000000000800063c       0xbc ./Core/Src/main.o
                0x000000000800063c                SystemClock_Config
 .text.MX_GPIO_Init
                0x00000000080006f8       0xd4 ./Core/Src/main.o
 .text.HAL_TIM_PeriodElapsedCallback
                0x00000000080007cc       0x24 ./Core/Src/main.o
                0x00000000080007cc                HAL_TIM_PeriodElapsedCallback
 .text.Error_Handler
                0x00000000080007f0        0xe ./Core/Src/main.o
                0x00000000080007f0                Error_Handler
 *fill*         0x00000000080007fe        0x2 
 .text.HAL_MspInit
                0x0000000008000800       0x50 ./Core/Src/stm32f4xx_hal_msp.o
                0x0000000008000800                HAL_MspInit
 .text.HAL_InitTick
                0x0000000008000850       0xf8 ./Core/Src/stm32f4xx_hal_timebase_tim.o
                0x0000000008000850                HAL_InitTick
 .text.NMI_Handler
                0x0000000008000948        0x6 ./Core/Src/stm32f4xx_it.o
                0x0000000008000948                NMI_Handler
 .text.HardFault_Handler
                0x000000000800094e        0x6 ./Core/Src/stm32f4xx_it.o
                0x000000000800094e                HardFault_Handler
 .text.MemManage_Handler
                0x0000000008000954        0x6 ./Core/Src/stm32f4xx_it.o
                0x0000000008000954                MemManage_Handler
 .text.BusFault_Handler
                0x000000000800095a        0x6 ./Core/Src/stm32f4xx_it.o
                0x000000000800095a                BusFault_Handler
 .text.UsageFault_Handler
                0x0000000008000960        0x6 ./Core/Src/stm32f4xx_it.o
                0x0000000008000960                UsageFault_Handler
 .text.DebugMon_Handler
                0x0000000008000966        0xe ./Core/Src/stm32f4xx_it.o
                0x0000000008000966                DebugMon_Handler
 .text.TIM6_DAC_IRQHandler
                0x0000000008000974       0x14 ./Core/Src/stm32f4xx_it.o
                0x0000000008000974                TIM6_DAC_IRQHandler
 .text.SystemInit
                0x0000000008000988       0x24 ./Core/Src/system_stm32f4xx.o
                0x0000000008000988                SystemInit
 .text.Reset_Handler
                0x00000000080009ac       0x50 ./Core/Startup/startup_stm32f405rgtx.o
                0x00000000080009ac                Reset_Handler
 .text.Default_Handler
                0x00000000080009fc        0x2 ./Core/Startup/startup_stm32f405rgtx.o
                0x00000000080009fc                RTC_Alarm_IRQHandler
                0x00000000080009fc                HASH_RNG_IRQHandler
                0x00000000080009fc                EXTI2_IRQHandler
                0x00000000080009fc                TIM8_CC_IRQHandler
                0x00000000080009fc                TIM1_CC_IRQHandler
                0x00000000080009fc                DMA2_Stream5_IRQHandler
                0x00000000080009fc                DMA1_Stream5_IRQHandler
                0x00000000080009fc                PVD_IRQHandler
                0x00000000080009fc                SDIO_IRQHandler
                0x00000000080009fc                TAMP_STAMP_IRQHandler
                0x00000000080009fc                CAN2_RX1_IRQHandler
                0x00000000080009fc                EXTI3_IRQHandler
                0x00000000080009fc                TIM8_TRG_COM_TIM14_IRQHandler
                0x00000000080009fc                TIM1_UP_TIM10_IRQHandler
                0x00000000080009fc                TIM8_UP_TIM13_IRQHandler
                0x00000000080009fc                I2C3_ER_IRQHandler
                0x00000000080009fc                EXTI0_IRQHandler
                0x00000000080009fc                I2C2_EV_IRQHandler
                0x00000000080009fc                DMA1_Stream2_IRQHandler
                0x00000000080009fc                CAN1_RX0_IRQHandler
                0x00000000080009fc                FPU_IRQHandler
                0x00000000080009fc                OTG_HS_WKUP_IRQHandler
                0x00000000080009fc                CAN2_SCE_IRQHandler
                0x00000000080009fc                DMA2_Stream2_IRQHandler
                0x00000000080009fc                SPI1_IRQHandler
                0x00000000080009fc                TIM1_BRK_TIM9_IRQHandler
                0x00000000080009fc                CAN2_RX0_IRQHandler
                0x00000000080009fc                DMA2_Stream3_IRQHandler
                0x00000000080009fc                USART6_IRQHandler
                0x00000000080009fc                USART3_IRQHandler
                0x00000000080009fc                CAN1_RX1_IRQHandler
                0x00000000080009fc                UART5_IRQHandler
                0x00000000080009fc                DMA2_Stream0_IRQHandler
                0x00000000080009fc                TIM4_IRQHandler
                0x00000000080009fc                I2C1_EV_IRQHandler
                0x00000000080009fc                DMA1_Stream6_IRQHandler
                0x00000000080009fc                DMA1_Stream1_IRQHandler
                0x00000000080009fc                UART4_IRQHandler
                0x00000000080009fc                TIM3_IRQHandler
                0x00000000080009fc                RCC_IRQHandler
                0x00000000080009fc                TIM8_BRK_TIM12_IRQHandler
                0x00000000080009fc                Default_Handler
                0x00000000080009fc                EXTI15_10_IRQHandler
                0x00000000080009fc                ADC_IRQHandler
                0x00000000080009fc                DMA1_Stream7_IRQHandler
                0x00000000080009fc                TIM7_IRQHandler
                0x00000000080009fc                CAN2_TX_IRQHandler
                0x00000000080009fc                TIM5_IRQHandler
                0x00000000080009fc                DMA2_Stream7_IRQHandler
                0x00000000080009fc                I2C3_EV_IRQHandler
                0x00000000080009fc                EXTI9_5_IRQHandler
                0x00000000080009fc                RTC_WKUP_IRQHandler
                0x00000000080009fc                SPI2_IRQHandler
                0x00000000080009fc                OTG_HS_EP1_IN_IRQHandler
                0x00000000080009fc                DMA1_Stream0_IRQHandler
                0x00000000080009fc                CAN1_TX_IRQHandler
                0x00000000080009fc                EXTI4_IRQHandler
                0x00000000080009fc                FSMC_IRQHandler
                0x00000000080009fc                OTG_HS_EP1_OUT_IRQHandler
                0x00000000080009fc                WWDG_IRQHandler
                0x00000000080009fc                TIM2_IRQHandler
                0x00000000080009fc                OTG_FS_WKUP_IRQHandler
                0x00000000080009fc                TIM1_TRG_COM_TIM11_IRQHandler
                0x00000000080009fc                OTG_HS_IRQHandler
                0x00000000080009fc                EXTI1_IRQHandler
                0x00000000080009fc                USART2_IRQHandler
                0x00000000080009fc                I2C2_ER_IRQHandler
                0x00000000080009fc                DMA2_Stream1_IRQHandler
                0x00000000080009fc                CAN1_SCE_IRQHandler
                0x00000000080009fc                FLASH_IRQHandler
                0x00000000080009fc                DMA2_Stream4_IRQHandler
                0x00000000080009fc                USART1_IRQHandler
                0x00000000080009fc                OTG_FS_IRQHandler
                0x00000000080009fc                SPI3_IRQHandler
                0x00000000080009fc                DMA1_Stream4_IRQHandler
                0x00000000080009fc                I2C1_ER_IRQHandler
                0x00000000080009fc                DMA2_Stream6_IRQHandler
                0x00000000080009fc                DMA1_Stream3_IRQHandler
 *fill*         0x00000000080009fe        0x2 
 .text.HAL_Init
                0x0000000008000a00       0x44 ./Drivers/STM32F4xx_HAL_Driver/Src/stm32f4xx_hal.o
                0x0000000008000a00                HAL_Init
 .text.HAL_IncTick
                0x0000000008000a44       0x28 ./Drivers/STM32F4xx_HAL_Driver/Src/stm32f4xx_hal.o
                0x0000000008000a44                HAL_IncTick
 .text.HAL_GetTick
                0x0000000008000a6c       0x18 ./Drivers/STM32F4xx_HAL_Driver/Src/stm32f4xx_hal.o
                0x0000000008000a6c                HAL_GetTick
 .text.__NVIC_SetPriorityGrouping
                0x0000000008000a84       0x48 ./Drivers/STM32F4xx_HAL_Driver/Src/stm32f4xx_hal_cortex.o
 .text.__NVIC_GetPriorityGrouping
                0x0000000008000acc       0x1c ./Drivers/STM32F4xx_HAL_Driver/Src/stm32f4xx_hal_cortex.o
 .text.__NVIC_EnableIRQ
                0x0000000008000ae8       0x3c ./Drivers/STM32F4xx_HAL_Driver/Src/stm32f4xx_hal_cortex.o
 .text.__NVIC_SetPriority
                0x0000000008000b24       0x54 ./Drivers/STM32F4xx_HAL_Driver/Src/stm32f4xx_hal_cortex.o
 .text.NVIC_EncodePriority
                0x0000000008000b78       0x66 ./Drivers/STM32F4xx_HAL_Driver/Src/stm32f4xx_hal_cortex.o
 .text.HAL_NVIC_SetPriorityGrouping
                0x0000000008000bde       0x16 ./Drivers/STM32F4xx_HAL_Driver/Src/stm32f4xx_hal_cortex.o
                0x0000000008000bde                HAL_NVIC_SetPriorityGrouping
 .text.HAL_NVIC_SetPriority
                0x0000000008000bf4       0x38 ./Drivers/STM32F4xx_HAL_Driver/Src/stm32f4xx_hal_cortex.o
                0x0000000008000bf4                HAL_NVIC_SetPriority
 .text.HAL_NVIC_EnableIRQ
                0x0000000008000c2c       0x1c ./Drivers/STM32F4xx_HAL_Driver/Src/stm32f4xx_hal_cortex.o
                0x0000000008000c2c                HAL_NVIC_EnableIRQ
 .text.HAL_GPIO_Init
                0x0000000008000c48      0x338 ./Drivers/STM32F4xx_HAL_Driver/Src/stm32f4xx_hal_gpio.o
                0x0000000008000c48                HAL_GPIO_Init
 .text.HAL_GPIO_WritePin
                0x0000000008000f80       0x32 ./Drivers/STM32F4xx_HAL_Driver/Src/stm32f4xx_hal_gpio.o
                0x0000000008000f80                HAL_GPIO_WritePin
 .text.HAL_GPIO_TogglePin
                0x0000000008000fb2       0x34 ./Drivers/STM32F4xx_HAL_Driver/Src/stm32f4xx_hal_gpio.o
                0x0000000008000fb2                HAL_GPIO_TogglePin
 *fill*         0x0000000008000fe6        0x2 
 .text.HAL_RCC_OscConfig
                0x0000000008000fe8      0x4f0 ./Drivers/STM32F4xx_HAL_Driver/Src/stm32f4xx_hal_rcc.o
                0x0000000008000fe8                HAL_RCC_OscConfig
 .text.HAL_RCC_ClockConfig
                0x00000000080014d8      0x1cc ./Drivers/STM32F4xx_HAL_Driver/Src/stm32f4xx_hal_rcc.o
                0x00000000080014d8                HAL_RCC_ClockConfig
 .text.HAL_RCC_GetSysClockFreq
                0x00000000080016a4      0x18c ./Drivers/STM32F4xx_HAL_Driver/Src/stm32f4xx_hal_rcc.o
                0x00000000080016a4                HAL_RCC_GetSysClockFreq
 .text.HAL_RCC_GetHCLKFreq
                0x0000000008001830       0x18 ./Drivers/STM32F4xx_HAL_Driver/Src/stm32f4xx_hal_rcc.o
                0x0000000008001830                HAL_RCC_GetHCLKFreq
 .text.HAL_RCC_GetPCLK1Freq
                0x0000000008001848       0x28 ./Drivers/STM32F4xx_HAL_Driver/Src/stm32f4xx_hal_rcc.o
                0x0000000008001848                HAL_RCC_GetPCLK1Freq
 .text.HAL_RCC_GetClockConfig
                0x0000000008001870       0x64 ./Drivers/STM32F4xx_HAL_Driver/Src/stm32f4xx_hal_rcc.o
                0x0000000008001870                HAL_RCC_GetClockConfig
 .text.HAL_TIM_Base_Init
                0x00000000080018d4       0x9e ./Drivers/STM32F4xx_HAL_Driver/Src/stm32f4xx_hal_tim.o
                0x00000000080018d4                HAL_TIM_Base_Init
 .text.HAL_TIM_Base_MspInit
                0x0000000008001972       0x14 ./Drivers/STM32F4xx_HAL_Driver/Src/stm32f4xx_hal_tim.o
                0x0000000008001972                HAL_TIM_Base_MspInit
 *fill*         0x0000000008001986        0x2 
 .text.HAL_TIM_Base_Start_IT
                0x0000000008001988       0xe0 ./Drivers/STM32F4xx_HAL_Driver/Src/stm32f4xx_hal_tim.o
                0x0000000008001988                HAL_TIM_Base_Start_IT
 .text.HAL_TIM_IRQHandler
                0x0000000008001a68      0x210 ./Drivers/STM32F4xx_HAL_Driver/Src/stm32f4xx_hal_tim.o
                0x0000000008001a68                HAL_TIM_IRQHandler
 .text.HAL_TIM_OC_DelayElapsedCallback
                0x0000000008001c78       0x14 ./Drivers/STM32F4xx_HAL_Driver/Src/stm32f4xx_hal_tim.o
                0x0000000008001c78                HAL_TIM_OC_DelayElapsedCallback
 .text.HAL_TIM_IC_CaptureCallback
                0x0000000008001c8c       0x14 ./Drivers/STM32F4xx_HAL_Driver/Src/stm32f4xx_hal_tim.o
                0x0000000008001c8c                HAL_TIM_IC_CaptureCallback
 .text.HAL_TIM_PWM_PulseFinishedCallback
                0x0000000008001ca0       0x14 ./Drivers/STM32F4xx_HAL_Driver/Src/stm32f4xx_hal_tim.o
                0x0000000008001ca0                HAL_TIM_PWM_PulseFinishedCallback
 .text.HAL_TIM_TriggerCallback
                0x0000000008001cb4       0x14 ./Drivers/STM32F4xx_HAL_Driver/Src/stm32f4xx_hal_tim.o
                0x0000000008001cb4                HAL_TIM_TriggerCallback
 .text.TIM_Base_SetConfig
                0x0000000008001cc8      0x140 ./Drivers/STM32F4xx_HAL_Driver/Src/stm32f4xx_hal_tim.o
                0x0000000008001cc8                TIM_Base_SetConfig
 .text.HAL_TIMEx_CommutCallback
                0x0000000008001e08       0x14 ./Drivers/STM32F4xx_HAL_Driver/Src/stm32f4xx_hal_tim_ex.o
                0x0000000008001e08                HAL_TIMEx_CommutCallback
 .text.HAL_TIMEx_BreakCallback
                0x0000000008001e1c       0x14 ./Drivers/STM32F4xx_HAL_Driver/Src/stm32f4xx_hal_tim_ex.o
                0x0000000008001e1c                HAL_TIMEx_BreakCallback
 .text.vListInitialise
                0x0000000008001e30       0x40 ./Thirdparty/FreeRTOS/Source/list.o
                0x0000000008001e30                vListInitialise
 .text.vListInitialiseItem
                0x0000000008001e70       0x1a ./Thirdparty/FreeRTOS/Source/list.o
                0x0000000008001e70                vListInitialiseItem
 .text.vListInsert
                0x0000000008001e8a       0x72 ./Thirdparty/FreeRTOS/Source/list.o
                0x0000000008001e8a                vListInsert
 .text.uxListRemove
                0x0000000008001efc       0x54 ./Thirdparty/FreeRTOS/Source/list.o
                0x0000000008001efc                uxListRemove
 .text.xQueueGenericReset
                0x0000000008001f50      0x120 ./Thirdparty/FreeRTOS/Source/queue.o
                0x0000000008001f50                xQueueGenericReset
 .text.xQueueGenericCreate
                0x0000000008002070       0x9c ./Thirdparty/FreeRTOS/Source/queue.o
                0x0000000008002070                xQueueGenericCreate
 .text.prvInitialiseNewQueue
                0x000000000800210c       0x46 ./Thirdparty/FreeRTOS/Source/queue.o
 .text.prvInitialiseMutex
                0x0000000008002152       0x34 ./Thirdparty/FreeRTOS/Source/queue.o
 .text.xQueueCreateMutex
                0x0000000008002186       0x30 ./Thirdparty/FreeRTOS/Source/queue.o
                0x0000000008002186                xQueueCreateMutex
 *fill*         0x00000000080021b6        0x2 
 .text.xQueueGenericSend
                0x00000000080021b8      0x1fc ./Thirdparty/FreeRTOS/Source/queue.o
                0x00000000080021b8                xQueueGenericSend
 .text.xQueueReceive
                0x00000000080023b4      0x1c0 ./Thirdparty/FreeRTOS/Source/queue.o
                0x00000000080023b4                xQueueReceive
 .text.xQueueSemaphoreTake
                0x0000000008002574      0x1fc ./Thirdparty/FreeRTOS/Source/queue.o
                0x0000000008002574                xQueueSemaphoreTake
 .text.prvGetDisinheritPriorityAfterTimeout
                0x0000000008002770       0x30 ./Thirdparty/FreeRTOS/Source/queue.o
 .text.prvCopyDataToQueue
                0x00000000080027a0       0xd4 ./Thirdparty/FreeRTOS/Source/queue.o
 .text.prvCopyDataFromQueue
                0x0000000008002874       0x4c ./Thirdparty/FreeRTOS/Source/queue.o
 .text.prvUnlockQueue
                0x00000000080028c0       0xa4 ./Thirdparty/FreeRTOS/Source/queue.o
 .text.prvIsQueueEmpty
                0x0000000008002964       0x2c ./Thirdparty/FreeRTOS/Source/queue.o
 .text.prvIsQueueFull
                0x0000000008002990       0x30 ./Thirdparty/FreeRTOS/Source/queue.o
 .text.vQueueAddToRegistry
                0x00000000080029c0       0x9c ./Thirdparty/FreeRTOS/Source/queue.o
                0x00000000080029c0                vQueueAddToRegistry
 .text.vQueueWaitForMessageRestricted
                0x0000000008002a5c       0x68 ./Thirdparty/FreeRTOS/Source/queue.o
                0x0000000008002a5c                vQueueWaitForMessageRestricted
 .text.xTaskCreate
                0x0000000008002ac4       0x8c ./Thirdparty/FreeRTOS/Source/tasks.o
                0x0000000008002ac4                xTaskCreate
 .text.prvInitialiseNewTask
                0x0000000008002b50      0x11c ./Thirdparty/FreeRTOS/Source/tasks.o
 .text.prvAddNewTaskToReadyList
                0x0000000008002c6c      0x12c ./Thirdparty/FreeRTOS/Source/tasks.o
 .text.vTaskDelay
                0x0000000008002d98       0x68 ./Thirdparty/FreeRTOS/Source/tasks.o
                0x0000000008002d98                vTaskDelay
 .text.uxTaskPriorityGet
                0x0000000008002e00       0x34 ./Thirdparty/FreeRTOS/Source/tasks.o
                0x0000000008002e00                uxTaskPriorityGet
 .text.vTaskPrioritySet
                0x0000000008002e34      0x1a4 ./Thirdparty/FreeRTOS/Source/tasks.o
                0x0000000008002e34                vTaskPrioritySet
 .text.vTaskStartScheduler
                0x0000000008002fd8       0xa4 ./Thirdparty/FreeRTOS/Source/tasks.o
                0x0000000008002fd8                vTaskStartScheduler
 .text.vTaskSuspendAll
                0x000000000800307c       0x1c ./Thirdparty/FreeRTOS/Source/tasks.o
                0x000000000800307c                vTaskSuspendAll
 .text.xTaskResumeAll
                0x0000000008003098      0x1f8 ./Thirdparty/FreeRTOS/Source/tasks.o
                0x0000000008003098                xTaskResumeAll
 .text.xTaskGetTickCount
                0x0000000008003290       0x20 ./Thirdparty/FreeRTOS/Source/tasks.o
                0x0000000008003290                xTaskGetTickCount
 .text.xTaskIncrementTick
                0x00000000080032b0      0x22c ./Thirdparty/FreeRTOS/Source/tasks.o
                0x00000000080032b0                xTaskIncrementTick
 .text.vTaskSwitchContext
                0x00000000080034dc       0xb8 ./Thirdparty/FreeRTOS/Source/tasks.o
                0x00000000080034dc                vTaskSwitchContext
 .text.vTaskPlaceOnEventList
                0x0000000008003594       0x48 ./Thirdparty/FreeRTOS/Source/tasks.o
                0x0000000008003594                vTaskPlaceOnEventList
 .text.vTaskPlaceOnEventListRestricted
                0x00000000080035dc       0x8c ./Thirdparty/FreeRTOS/Source/tasks.o
                0x00000000080035dc                vTaskPlaceOnEventListRestricted
 .text.xTaskRemoveFromEventList
                0x0000000008003668      0x1ac ./Thirdparty/FreeRTOS/Source/tasks.o
                0x0000000008003668                xTaskRemoveFromEventList
 .text.vTaskInternalSetTimeOutState
                0x0000000008003814       0x2c ./Thirdparty/FreeRTOS/Source/tasks.o
                0x0000000008003814                vTaskInternalSetTimeOutState
 .text.xTaskCheckForTimeOut
                0x0000000008003840       0xcc ./Thirdparty/FreeRTOS/Source/tasks.o
                0x0000000008003840                xTaskCheckForTimeOut
 .text.vTaskMissedYield
                0x000000000800390c       0x18 ./Thirdparty/FreeRTOS/Source/tasks.o
                0x000000000800390c                vTaskMissedYield
 .text.prvIdleTask
                0x0000000008003924       0x30 ./Thirdparty/FreeRTOS/Source/tasks.o
 .text.prvInitialiseTaskLists
                0x0000000008003954       0x80 ./Thirdparty/FreeRTOS/Source/tasks.o
 .text.prvCheckTasksWaitingTermination
                0x00000000080039d4       0x5c ./Thirdparty/FreeRTOS/Source/tasks.o
 .text.prvDeleteTCB
                0x0000000008003a30       0x20 ./Thirdparty/FreeRTOS/Source/tasks.o
 .text.prvResetNextTaskUnblockTime
                0x0000000008003a50       0x38 ./Thirdparty/FreeRTOS/Source/tasks.o
 .text.xTaskGetSchedulerState
                0x0000000008003a88       0x3c ./Thirdparty/FreeRTOS/Source/tasks.o
                0x0000000008003a88                xTaskGetSchedulerState
 .text.xTaskPriorityInherit
                0x0000000008003ac4      0x13c ./Thirdparty/FreeRTOS/Source/tasks.o
                0x0000000008003ac4                xTaskPriorityInherit
 .text.xTaskPriorityDisinherit
                0x0000000008003c00      0x148 ./Thirdparty/FreeRTOS/Source/tasks.o
                0x0000000008003c00                xTaskPriorityDisinherit
 .text.vTaskPriorityDisinheritAfterTimeout
                0x0000000008003d48      0x170 ./Thirdparty/FreeRTOS/Source/tasks.o
                0x0000000008003d48                vTaskPriorityDisinheritAfterTimeout
 .text.pvTaskIncrementMutexHeldCount
                0x0000000008003eb8       0x28 ./Thirdparty/FreeRTOS/Source/tasks.o
                0x0000000008003eb8                pvTaskIncrementMutexHeldCount
 .text.prvAddCurrentTaskToDelayedList
                0x0000000008003ee0      0x100 ./Thirdparty/FreeRTOS/Source/tasks.o
 .text.xTimerCreateTimerTask
                0x0000000008003fe0       0x64 ./Thirdparty/FreeRTOS/Source/timers.o
                0x0000000008003fe0                xTimerCreateTimerTask
 .text.prvReloadTimer
                0x0000000008004044       0x42 ./Thirdparty/FreeRTOS/Source/timers.o
 *fill*         0x0000000008004086        0x2 
 .text.prvProcessExpiredTimer
                0x0000000008004088       0x60 ./Thirdparty/FreeRTOS/Source/timers.o
 .text.prvTimerTask
                0x00000000080040e8       0x24 ./Thirdparty/FreeRTOS/Source/timers.o
 .text.prvProcessTimerOrBlockTask
                0x000000000800410c       0x9c ./Thirdparty/FreeRTOS/Source/timers.o
 .text.prvGetNextExpireTime
                0x00000000080041a8       0x48 ./Thirdparty/FreeRTOS/Source/timers.o
 .text.prvSampleTimeNow
                0x00000000080041f0       0x40 ./Thirdparty/FreeRTOS/Source/timers.o
 .text.prvInsertTimerInActiveList
                0x0000000008004230       0x84 ./Thirdparty/FreeRTOS/Source/timers.o
 .text.prvProcessReceivedCommands
                0x00000000080042b4      0x17c ./Thirdparty/FreeRTOS/Source/timers.o
 .text.prvSwitchTimerLists
                0x0000000008004430       0x4c ./Thirdparty/FreeRTOS/Source/timers.o
 .text.prvCheckForValidListAndQueue
                0x000000000800447c       0x6c ./Thirdparty/FreeRTOS/Source/timers.o
 .text.pxPortInitialiseStack
                0x00000000080044e8       0x68 ./Thirdparty/FreeRTOS/Source/portable/GCC/ARM_CM4F/port.o
                0x00000000080044e8                pxPortInitialiseStack
 .text.prvTaskExitError
                0x0000000008004550       0x58 ./Thirdparty/FreeRTOS/Source/portable/GCC/ARM_CM4F/port.o
 *fill*         0x00000000080045a8        0x8 
 .text.SVC_Handler
                0x00000000080045b0       0x28 ./Thirdparty/FreeRTOS/Source/portable/GCC/ARM_CM4F/port.o
                0x00000000080045b0                SVC_Handler
 .text.prvPortStartFirstTask
                0x00000000080045d8       0x2c ./Thirdparty/FreeRTOS/Source/portable/GCC/ARM_CM4F/port.o
 .text.xPortStartScheduler
                0x0000000008004604      0x144 ./Thirdparty/FreeRTOS/Source/portable/GCC/ARM_CM4F/port.o
                0x0000000008004604                xPortStartScheduler
 .text.vPortEnterCritical
                0x0000000008004748       0x60 ./Thirdparty/FreeRTOS/Source/portable/GCC/ARM_CM4F/port.o
                0x0000000008004748                vPortEnterCritical
 .text.vPortExitCritical
                0x00000000080047a8       0x54 ./Thirdparty/FreeRTOS/Source/portable/GCC/ARM_CM4F/port.o
                0x00000000080047a8                vPortExitCritical
 *fill*         0x00000000080047fc        0x4 
 .text.PendSV_Handler
                0x0000000008004800       0x68 ./Thirdparty/FreeRTOS/Source/portable/GCC/ARM_CM4F/port.o
                0x0000000008004800                PendSV_Handler
 .text.SysTick_Handler
                0x0000000008004868       0x44 ./Thirdparty/FreeRTOS/Source/portable/GCC/ARM_CM4F/port.o
                0x0000000008004868                SysTick_Handler
 .text.vPortSetupTimerInterrupt
                0x00000000080048ac       0x48 ./Thirdparty/FreeRTOS/Source/portable/GCC/ARM_CM4F/port.o
                0x00000000080048ac                vPortSetupTimerInterrupt
 .text.vPortEnableVFP
                0x00000000080048f4       0x18 ./Thirdparty/FreeRTOS/Source/portable/GCC/ARM_CM4F/port.o
 .text.pvPortMalloc
                0x000000000800490c      0x174 ./Thirdparty/FreeRTOS/Source/portable/MemMang/heap_4.o
                0x000000000800490c                pvPortMalloc
 .text.vPortFree
                0x0000000008004a80       0xb8 ./Thirdparty/FreeRTOS/Source/portable/MemMang/heap_4.o
                0x0000000008004a80                vPortFree
 .text.prvHeapInit
                0x0000000008004b38       0xb8 ./Thirdparty/FreeRTOS/Source/portable/MemMang/heap_4.o
 .text.prvInsertBlockIntoFreeList
                0x0000000008004bf0       0xb4 ./Thirdparty/FreeRTOS/Source/portable/MemMang/heap_4.o
 .text.__libc_init_array
                0x0000000008004ca4       0x48 c:/st/stm32cubeide_1.11.0/stm32cubeide/plugins/com.st.stm32cube.ide.mcu.externaltools.gnu-tools-for-stm32.10.3-2021.10.win32_1.0.100.202210260954/tools/bin/../lib/gcc/arm-none-eabi/10.3.1/../../../../arm-none-eabi/lib/thumb/v7e-m+fp/hard\libc_nano.a(lib_a-init.o)
                0x0000000008004ca4                __libc_init_array
 .text.memcpy   0x0000000008004cec       0x1c c:/st/stm32cubeide_1.11.0/stm32cubeide/plugins/com.st.stm32cube.ide.mcu.externaltools.gnu-tools-for-stm32.10.3-2021.10.win32_1.0.100.202210260954/tools/bin/../lib/gcc/arm-none-eabi/10.3.1/../../../../arm-none-eabi/lib/thumb/v7e-m+fp/hard\libc_nano.a(lib_a-memcpy-stub.o)
                0x0000000008004cec                memcpy
 .text.memset   0x0000000008004d08       0x10 c:/st/stm32cubeide_1.11.0/stm32cubeide/plugins/com.st.stm32cube.ide.mcu.externaltools.gnu-tools-for-stm32.10.3-2021.10.win32_1.0.100.202210260954/tools/bin/../lib/gcc/arm-none-eabi/10.3.1/../../../../arm-none-eabi/lib/thumb/v7e-m+fp/hard\libc_nano.a(lib_a-memset.o)
                0x0000000008004d08                memset
 *(.glue_7)
 .glue_7        0x0000000008004d18        0x0 linker stubs
 *(.glue_7t)
 .glue_7t       0x0000000008004d18        0x0 linker stubs
 *(.eh_frame)
 .eh_frame      0x0000000008004d18        0x0 c:/st/stm32cubeide_1.11.0/stm32cubeide/plugins/com.st.stm32cube.ide.mcu.externaltools.gnu-tools-for-stm32.10.3-2021.10.win32_1.0.100.202210260954/tools/bin/../lib/gcc/arm-none-eabi/10.3.1/thumb/v7e-m+fp/hard/crtbegin.o
 *(.init)
 .init          0x0000000008004d18        0x4 c:/st/stm32cubeide_1.11.0/stm32cubeide/plugins/com.st.stm32cube.ide.mcu.externaltools.gnu-tools-for-stm32.10.3-2021.10.win32_1.0.100.202210260954/tools/bin/../lib/gcc/arm-none-eabi/10.3.1/thumb/v7e-m+fp/hard/crti.o
                0x0000000008004d18                _init
 .init          0x0000000008004d1c        0x8 c:/st/stm32cubeide_1.11.0/stm32cubeide/plugins/com.st.stm32cube.ide.mcu.externaltools.gnu-tools-for-stm32.10.3-2021.10.win32_1.0.100.202210260954/tools/bin/../lib/gcc/arm-none-eabi/10.3.1/thumb/v7e-m+fp/hard/crtn.o
 *(.fini)
 .fini          0x0000000008004d24        0x4 c:/st/stm32cubeide_1.11.0/stm32cubeide/plugins/com.st.stm32cube.ide.mcu.externaltools.gnu-tools-for-stm32.10.3-2021.10.win32_1.0.100.202210260954/tools/bin/../lib/gcc/arm-none-eabi/10.3.1/thumb/v7e-m+fp/hard/crti.o
                0x0000000008004d24                _fini
 .fini          0x0000000008004d28        0x8 c:/st/stm32cubeide_1.11.0/stm32cubeide/plugins/com.st.stm32cube.ide.mcu.externaltools.gnu-tools-for-stm32.10.3-2021.10.win32_1.0.100.202210260954/tools/bin/../lib/gcc/arm-none-eabi/10.3.1/thumb/v7e-m+fp/hard/crtn.o
                0x0000000008004d30                . = ALIGN (0x4)
                0x0000000008004d30                _etext = .

.vfp11_veneer   0x0000000008004d30        0x0
 .vfp11_veneer  0x0000000008004d30        0x0 linker stubs

.v4_bx          0x0000000008004d30        0x0
 .v4_bx         0x0000000008004d30        0x0 linker stubs

.iplt           0x0000000008004d30        0x0
 .iplt          0x0000000008004d30        0x0 c:/st/stm32cubeide_1.11.0/stm32cubeide/plugins/com.st.stm32cube.ide.mcu.externaltools.gnu-tools-for-stm32.10.3-2021.10.win32_1.0.100.202210260954/tools/bin/../lib/gcc/arm-none-eabi/10.3.1/thumb/v7e-m+fp/hard/crtbegin.o

.rodata         0x0000000008004d30       0x48
                0x0000000008004d30                . = ALIGN (0x4)
 *(.rodata)
 .rodata        0x0000000008004d30       0x17 ./Core/Src/main.o
 *fill*         0x0000000008004d47        0x1 
 .rodata        0x0000000008004d48        0x5 ./Thirdparty/FreeRTOS/Source/tasks.o
 *fill*         0x0000000008004d4d        0x3 
 .rodata        0x0000000008004d50        0xd ./Thirdparty/FreeRTOS/Source/timers.o
 *(.rodata*)
 *fill*         0x0000000008004d5d        0x3 
 .rodata.AHBPrescTable
                0x0000000008004d60       0x10 ./Core/Src/system_stm32f4xx.o
                0x0000000008004d60                AHBPrescTable
 .rodata.APBPrescTable
                0x0000000008004d70        0x8 ./Core/Src/system_stm32f4xx.o
                0x0000000008004d70                APBPrescTable
                0x0000000008004d78                . = ALIGN (0x4)

.ARM.extab      0x0000000008004d78        0x0
                0x0000000008004d78                . = ALIGN (0x4)
 *(.ARM.extab* .gnu.linkonce.armextab.*)
                0x0000000008004d78                . = ALIGN (0x4)

.ARM            0x0000000008004d78        0x8
                0x0000000008004d78                . = ALIGN (0x4)
                0x0000000008004d78                __exidx_start = .
 *(.ARM.exidx*)
 .ARM.exidx     0x0000000008004d78        0x8 c:/st/stm32cubeide_1.11.0/stm32cubeide/plugins/com.st.stm32cube.ide.mcu.externaltools.gnu-tools-for-stm32.10.3-2021.10.win32_1.0.100.202210260954/tools/bin/../lib/gcc/arm-none-eabi/10.3.1/thumb/v7e-m+fp/hard\libgcc.a(_udivmoddi4.o)
                0x0000000008004d80                __exidx_end = .
                0x0000000008004d80                . = ALIGN (0x4)

.rel.dyn        0x0000000008004d80        0x0
 .rel.iplt      0x0000000008004d80        0x0 c:/st/stm32cubeide_1.11.0/stm32cubeide/plugins/com.st.stm32cube.ide.mcu.externaltools.gnu-tools-for-stm32.10.3-2021.10.win32_1.0.100.202210260954/tools/bin/../lib/gcc/arm-none-eabi/10.3.1/thumb/v7e-m+fp/hard/crtbegin.o

.preinit_array  0x0000000008004d80        0x0
                0x0000000008004d80                . = ALIGN (0x4)
                0x0000000008004d80                PROVIDE (__preinit_array_start = .)
 *(.preinit_array*)
                0x0000000008004d80                PROVIDE (__preinit_array_end = .)
                0x0000000008004d80                . = ALIGN (0x4)

.init_array     0x0000000008004d80        0x4
                0x0000000008004d80                . = ALIGN (0x4)
                0x0000000008004d80                PROVIDE (__init_array_start = .)
 *(SORT_BY_NAME(.init_array.*))
 *(.init_array*)
 .init_array    0x0000000008004d80        0x4 c:/st/stm32cubeide_1.11.0/stm32cubeide/plugins/com.st.stm32cube.ide.mcu.externaltools.gnu-tools-for-stm32.10.3-2021.10.win32_1.0.100.202210260954/tools/bin/../lib/gcc/arm-none-eabi/10.3.1/thumb/v7e-m+fp/hard/crtbegin.o
                0x0000000008004d84                PROVIDE (__init_array_end = .)
                0x0000000008004d84                . = ALIGN (0x4)

.fini_array     0x0000000008004d84        0x4
                0x0000000008004d84                . = ALIGN (0x4)
                [!provide]                        PROVIDE (__fini_array_start = .)
 *(SORT_BY_NAME(.fini_array.*))
 *(.fini_array*)
 .fini_array    0x0000000008004d84        0x4 c:/st/stm32cubeide_1.11.0/stm32cubeide/plugins/com.st.stm32cube.ide.mcu.externaltools.gnu-tools-for-stm32.10.3-2021.10.win32_1.0.100.202210260954/tools/bin/../lib/gcc/arm-none-eabi/10.3.1/thumb/v7e-m+fp/hard/crtbegin.o
                [!provide]                        PROVIDE (__fini_array_end = .)
                0x0000000008004d88                . = ALIGN (0x4)
                0x0000000008004d88                _sidata = LOADADDR (.data)

.data           0x0000000020000000       0x14 load address 0x0000000008004d88
                0x0000000020000000                . = ALIGN (0x4)
                0x0000000020000000                _sdata = .
 *(.data)
 *(.data*)
 .data.SystemCoreClock
                0x0000000020000000        0x4 ./Core/Src/system_stm32f4xx.o
                0x0000000020000000                SystemCoreClock
 .data.uwTickPrio
                0x0000000020000004        0x4 ./Drivers/STM32F4xx_HAL_Driver/Src/stm32f4xx_hal.o
                0x0000000020000004                uwTickPrio
 .data.uwTickFreq
                0x0000000020000008        0x1 ./Drivers/STM32F4xx_HAL_Driver/Src/stm32f4xx_hal.o
                0x0000000020000008                uwTickFreq
 *fill*         0x0000000020000009        0x3 
 .data.uxTopUsedPriority
                0x000000002000000c        0x4 ./Thirdparty/FreeRTOS/Source/tasks.o
                0x000000002000000c                uxTopUsedPriority
 .data.uxCriticalNesting
                0x0000000020000010        0x4 ./Thirdparty/FreeRTOS/Source/portable/GCC/ARM_CM4F/port.o
 *(.RamFunc)
 *(.RamFunc*)
                0x0000000020000014                . = ALIGN (0x4)
                0x0000000020000014                _edata = .
                0x0000000008004d9c                _siccmram = LOADADDR (.ccmram)

.igot.plt       0x0000000020000014        0x0 load address 0x0000000008004d9c
 .igot.plt      0x0000000020000014        0x0 c:/st/stm32cubeide_1.11.0/stm32cubeide/plugins/com.st.stm32cube.ide.mcu.externaltools.gnu-tools-for-stm32.10.3-2021.10.win32_1.0.100.202210260954/tools/bin/../lib/gcc/arm-none-eabi/10.3.1/thumb/v7e-m+fp/hard/crtbegin.o

.ccmram         0x0000000010000000        0x0 load address 0x0000000008004d9c
                0x0000000010000000                . = ALIGN (0x4)
                0x0000000010000000                _sccmram = .
 *(.ccmram)
 *(.ccmram*)
                0x0000000010000000                . = ALIGN (0x4)
                0x0000000010000000                _eccmram = .
                0x0000000010000000                . = ALIGN (0x4)

.bss            0x0000000020000014    0x12e18
                0x0000000020000014                _sbss = .
                0x0000000020000014                __bss_start__ = _sbss
 *(.bss)
 .bss           0x0000000020000014       0x1c c:/st/stm32cubeide_1.11.0/stm32cubeide/plugins/com.st.stm32cube.ide.mcu.externaltools.gnu-tools-for-stm32.10.3-2021.10.win32_1.0.100.202210260954/tools/bin/../lib/gcc/arm-none-eabi/10.3.1/thumb/v7e-m+fp/hard/crtbegin.o
 *(.bss*)
 .bss.ledTaskHandle1
                0x0000000020000030        0x4 ./Core/Src/main.o
                0x0000000020000030                ledTaskHandle1
 .bss.ledTaskHandle2
                0x0000000020000034        0x4 ./Core/Src/main.o
                0x0000000020000034                ledTaskHandle2
 .bss.mutexHandle
                0x0000000020000038        0x4 ./Core/Src/main.o
                0x0000000020000038                mutexHandle
 .bss.htim6     0x000000002000003c       0x48 ./Core/Src/stm32f4xx_hal_timebase_tim.o
                0x000000002000003c                htim6
 .bss.uwTick    0x0000000020000084        0x4 ./Drivers/STM32F4xx_HAL_Driver/Src/stm32f4xx_hal.o
                0x0000000020000084                uwTick
 .bss.xQueueRegistry
                0x0000000020000088       0x40 ./Thirdparty/FreeRTOS/Source/queue.o
                0x0000000020000088                xQueueRegistry
 .bss.pxCurrentTCB
                0x00000000200000c8        0x4 ./Thirdparty/FreeRTOS/Source/tasks.o
                0x00000000200000c8                pxCurrentTCB
 .bss.pxReadyTasksLists
                0x00000000200000cc       0x64 ./Thirdparty/FreeRTOS/Source/tasks.o
 .bss.xDelayedTaskList1
                0x0000000020000130       0x14 ./Thirdparty/FreeRTOS/Source/tasks.o
 .bss.xDelayedTaskList2
                0x0000000020000144       0x14 ./Thirdparty/FreeRTOS/Source/tasks.o
 .bss.pxDelayedTaskList
                0x0000000020000158        0x4 ./Thirdparty/FreeRTOS/Source/tasks.o
 .bss.pxOverflowDelayedTaskList
                0x000000002000015c        0x4 ./Thirdparty/FreeRTOS/Source/tasks.o
 .bss.xPendingReadyList
                0x0000000020000160       0x14 ./Thirdparty/FreeRTOS/Source/tasks.o
 .bss.xTasksWaitingTermination
                0x0000000020000174       0x14 ./Thirdparty/FreeRTOS/Source/tasks.o
 .bss.uxDeletedTasksWaitingCleanUp
                0x0000000020000188        0x4 ./Thirdparty/FreeRTOS/Source/tasks.o
 .bss.xSuspendedTaskList
                0x000000002000018c       0x14 ./Thirdparty/FreeRTOS/Source/tasks.o
 .bss.uxCurrentNumberOfTasks
                0x00000000200001a0        0x4 ./Thirdparty/FreeRTOS/Source/tasks.o
 .bss.xTickCount
                0x00000000200001a4        0x4 ./Thirdparty/FreeRTOS/Source/tasks.o
 .bss.uxTopReadyPriority
                0x00000000200001a8        0x4 ./Thirdparty/FreeRTOS/Source/tasks.o
 .bss.xSchedulerRunning
                0x00000000200001ac        0x4 ./Thirdparty/FreeRTOS/Source/tasks.o
 .bss.xPendedTicks
                0x00000000200001b0        0x4 ./Thirdparty/FreeRTOS/Source/tasks.o
 .bss.xYieldPending
                0x00000000200001b4        0x4 ./Thirdparty/FreeRTOS/Source/tasks.o
 .bss.xNumOfOverflows
                0x00000000200001b8        0x4 ./Thirdparty/FreeRTOS/Source/tasks.o
 .bss.uxTaskNumber
                0x00000000200001bc        0x4 ./Thirdparty/FreeRTOS/Source/tasks.o
 .bss.xNextTaskUnblockTime
                0x00000000200001c0        0x4 ./Thirdparty/FreeRTOS/Source/tasks.o
 .bss.xIdleTaskHandle
                0x00000000200001c4        0x4 ./Thirdparty/FreeRTOS/Source/tasks.o
 .bss.uxSchedulerSuspended
                0x00000000200001c8        0x4 ./Thirdparty/FreeRTOS/Source/tasks.o
 .bss.xActiveTimerList1
                0x00000000200001cc       0x14 ./Thirdparty/FreeRTOS/Source/timers.o
 .bss.xActiveTimerList2
                0x00000000200001e0       0x14 ./Thirdparty/FreeRTOS/Source/timers.o
 .bss.pxCurrentTimerList
                0x00000000200001f4        0x4 ./Thirdparty/FreeRTOS/Source/timers.o
 .bss.pxOverflowTimerList
                0x00000000200001f8        0x4 ./Thirdparty/FreeRTOS/Source/timers.o
 .bss.xTimerQueue
                0x00000000200001fc        0x4 ./Thirdparty/FreeRTOS/Source/timers.o
 .bss.xTimerTaskHandle
                0x0000000020000200        0x4 ./Thirdparty/FreeRTOS/Source/timers.o
 .bss.xLastTime.0
                0x0000000020000204        0x4 ./Thirdparty/FreeRTOS/Source/timers.o
 .bss.ucMaxSysCallPriority
                0x0000000020000208        0x1 ./Thirdparty/FreeRTOS/Source/portable/GCC/ARM_CM4F/port.o
 *fill*         0x0000000020000209        0x3 
 .bss.ulMaxPRIGROUPValue
                0x000000002000020c        0x4 ./Thirdparty/FreeRTOS/Source/portable/GCC/ARM_CM4F/port.o
 .bss.ucHeap    0x0000000020000210    0x12c00 ./Thirdparty/FreeRTOS/Source/portable/MemMang/heap_4.o
 .bss.xStart    0x0000000020012e10        0x8 ./Thirdparty/FreeRTOS/Source/portable/MemMang/heap_4.o
 .bss.pxEnd     0x0000000020012e18        0x4 ./Thirdparty/FreeRTOS/Source/portable/MemMang/heap_4.o
 .bss.xFreeBytesRemaining
                0x0000000020012e1c        0x4 ./Thirdparty/FreeRTOS/Source/portable/MemMang/heap_4.o
 .bss.xMinimumEverFreeBytesRemaining
                0x0000000020012e20        0x4 ./Thirdparty/FreeRTOS/Source/portable/MemMang/heap_4.o
 .bss.xNumberOfSuccessfulAllocations
                0x0000000020012e24        0x4 ./Thirdparty/FreeRTOS/Source/portable/MemMang/heap_4.o
 .bss.xNumberOfSuccessfulFrees
                0x0000000020012e28        0x4 ./Thirdparty/FreeRTOS/Source/portable/MemMang/heap_4.o
 *(COMMON)
                0x0000000020012e2c                . = ALIGN (0x4)
                0x0000000020012e2c                _ebss = .
                0x0000000020012e2c                __bss_end__ = _ebss

._user_heap_stack
                0x0000000020012e2c      0x604
                0x0000000020012e30                . = ALIGN (0x8)
 *fill*         0x0000000020012e2c        0x4 
                [!provide]                        PROVIDE (end = .)
                [!provide]                        PROVIDE (_end = .)
                0x0000000020013030                . = (. + _Min_Heap_Size)
 *fill*         0x0000000020012e30      0x200 
                0x0000000020013430                . = (. + _Min_Stack_Size)
 *fill*         0x0000000020013030      0x400 
                0x0000000020013430                . = ALIGN (0x8)

/DISCARD/
 libc.a(*)
 libm.a(*)
 libgcc.a(*)

.ARM.attributes
                0x0000000000000000       0x30
 *(.ARM.attributes)
 .ARM.attributes
                0x0000000000000000       0x1e c:/st/stm32cubeide_1.11.0/stm32cubeide/plugins/com.st.stm32cube.ide.mcu.externaltools.gnu-tools-for-stm32.10.3-2021.10.win32_1.0.100.202210260954/tools/bin/../lib/gcc/arm-none-eabi/10.3.1/thumb/v7e-m+fp/hard/crti.o
 .ARM.attributes
                0x000000000000001e       0x34 c:/st/stm32cubeide_1.11.0/stm32cubeide/plugins/com.st.stm32cube.ide.mcu.externaltools.gnu-tools-for-stm32.10.3-2021.10.win32_1.0.100.202210260954/tools/bin/../lib/gcc/arm-none-eabi/10.3.1/thumb/v7e-m+fp/hard/crtbegin.o
 .ARM.attributes
                0x0000000000000052       0x34 ./Core/Src/main.o
 .ARM.attributes
                0x0000000000000086       0x34 ./Core/Src/stm32f4xx_hal_msp.o
 .ARM.attributes
                0x00000000000000ba       0x34 ./Core/Src/stm32f4xx_hal_timebase_tim.o
 .ARM.attributes
                0x00000000000000ee       0x34 ./Core/Src/stm32f4xx_it.o
 .ARM.attributes
                0x0000000000000122       0x34 ./Core/Src/system_stm32f4xx.o
 .ARM.attributes
                0x0000000000000156       0x21 ./Core/Startup/startup_stm32f405rgtx.o
 .ARM.attributes
                0x0000000000000177       0x34 ./Drivers/STM32F4xx_HAL_Driver/Src/stm32f4xx_hal.o
 .ARM.attributes
                0x00000000000001ab       0x34 ./Drivers/STM32F4xx_HAL_Driver/Src/stm32f4xx_hal_cortex.o
 .ARM.attributes
                0x00000000000001df       0x34 ./Drivers/STM32F4xx_HAL_Driver/Src/stm32f4xx_hal_gpio.o
 .ARM.attributes
                0x0000000000000213       0x34 ./Drivers/STM32F4xx_HAL_Driver/Src/stm32f4xx_hal_rcc.o
 .ARM.attributes
                0x0000000000000247       0x34 ./Drivers/STM32F4xx_HAL_Driver/Src/stm32f4xx_hal_tim.o
 .ARM.attributes
                0x000000000000027b       0x34 ./Drivers/STM32F4xx_HAL_Driver/Src/stm32f4xx_hal_tim_ex.o
 .ARM.attributes
                0x00000000000002af       0x34 ./Thirdparty/FreeRTOS/Source/list.o
 .ARM.attributes
                0x00000000000002e3       0x34 ./Thirdparty/FreeRTOS/Source/queue.o
 .ARM.attributes
                0x0000000000000317       0x34 ./Thirdparty/FreeRTOS/Source/tasks.o
 .ARM.attributes
                0x000000000000034b       0x34 ./Thirdparty/FreeRTOS/Source/timers.o
 .ARM.attributes
                0x000000000000037f       0x34 ./Thirdparty/FreeRTOS/Source/portable/GCC/ARM_CM4F/port.o
 .ARM.attributes
                0x00000000000003b3       0x34 ./Thirdparty/FreeRTOS/Source/portable/MemMang/heap_4.o
 .ARM.attributes
                0x00000000000003e7       0x34 c:/st/stm32cubeide_1.11.0/stm32cubeide/plugins/com.st.stm32cube.ide.mcu.externaltools.gnu-tools-for-stm32.10.3-2021.10.win32_1.0.100.202210260954/tools/bin/../lib/gcc/arm-none-eabi/10.3.1/../../../../arm-none-eabi/lib/thumb/v7e-m+fp/hard\libc_nano.a(lib_a-init.o)
 .ARM.attributes
                0x000000000000041b       0x34 c:/st/stm32cubeide_1.11.0/stm32cubeide/plugins/com.st.stm32cube.ide.mcu.externaltools.gnu-tools-for-stm32.10.3-2021.10.win32_1.0.100.202210260954/tools/bin/../lib/gcc/arm-none-eabi/10.3.1/../../../../arm-none-eabi/lib/thumb/v7e-m+fp/hard\libc_nano.a(lib_a-memcpy-stub.o)
 .ARM.attributes
                0x000000000000044f       0x34 c:/st/stm32cubeide_1.11.0/stm32cubeide/plugins/com.st.stm32cube.ide.mcu.externaltools.gnu-tools-for-stm32.10.3-2021.10.win32_1.0.100.202210260954/tools/bin/../lib/gcc/arm-none-eabi/10.3.1/../../../../arm-none-eabi/lib/thumb/v7e-m+fp/hard\libc_nano.a(lib_a-memset.o)
 .ARM.attributes
                0x0000000000000483       0x1e c:/st/stm32cubeide_1.11.0/stm32cubeide/plugins/com.st.stm32cube.ide.mcu.externaltools.gnu-tools-for-stm32.10.3-2021.10.win32_1.0.100.202210260954/tools/bin/../lib/gcc/arm-none-eabi/10.3.1/thumb/v7e-m+fp/hard\libgcc.a(_aeabi_uldivmod.o)
 .ARM.attributes
                0x00000000000004a1       0x34 c:/st/stm32cubeide_1.11.0/stm32cubeide/plugins/com.st.stm32cube.ide.mcu.externaltools.gnu-tools-for-stm32.10.3-2021.10.win32_1.0.100.202210260954/tools/bin/../lib/gcc/arm-none-eabi/10.3.1/thumb/v7e-m+fp/hard\libgcc.a(_udivmoddi4.o)
 .ARM.attributes
                0x00000000000004d5       0x1e c:/st/stm32cubeide_1.11.0/stm32cubeide/plugins/com.st.stm32cube.ide.mcu.externaltools.gnu-tools-for-stm32.10.3-2021.10.win32_1.0.100.202210260954/tools/bin/../lib/gcc/arm-none-eabi/10.3.1/thumb/v7e-m+fp/hard\libgcc.a(_dvmd_tls.o)
 .ARM.attributes
                0x00000000000004f3       0x1e c:/st/stm32cubeide_1.11.0/stm32cubeide/plugins/com.st.stm32cube.ide.mcu.externaltools.gnu-tools-for-stm32.10.3-2021.10.win32_1.0.100.202210260954/tools/bin/../lib/gcc/arm-none-eabi/10.3.1/thumb/v7e-m+fp/hard/crtn.o
OUTPUT(MUTEX.elf elf32-littlearm)
LOAD linker stubs
LOAD c:/st/stm32cubeide_1.11.0/stm32cubeide/plugins/com.st.stm32cube.ide.mcu.externaltools.gnu-tools-for-stm32.10.3-2021.10.win32_1.0.100.202210260954/tools/bin/../lib/gcc/arm-none-eabi/10.3.1/../../../../arm-none-eabi/lib/thumb/v7e-m+fp/hard\libc.a
LOAD c:/st/stm32cubeide_1.11.0/stm32cubeide/plugins/com.st.stm32cube.ide.mcu.externaltools.gnu-tools-for-stm32.10.3-2021.10.win32_1.0.100.202210260954/tools/bin/../lib/gcc/arm-none-eabi/10.3.1/../../../../arm-none-eabi/lib/thumb/v7e-m+fp/hard\libm.a
LOAD c:/st/stm32cubeide_1.11.0/stm32cubeide/plugins/com.st.stm32cube.ide.mcu.externaltools.gnu-tools-for-stm32.10.3-2021.10.win32_1.0.100.202210260954/tools/bin/../lib/gcc/arm-none-eabi/10.3.1/thumb/v7e-m+fp/hard\libgcc.a

.debug_info     0x0000000000000000     0xef03
 .debug_info    0x0000000000000000      0xf0f ./Core/Src/main.o
 .debug_info    0x0000000000000f0f      0x2a8 ./Core/Src/stm32f4xx_hal_msp.o
 .debug_info    0x00000000000011b7      0xc39 ./Core/Src/stm32f4xx_hal_timebase_tim.o
 .debug_info    0x0000000000001df0      0x6f8 ./Core/Src/stm32f4xx_it.o
 .debug_info    0x00000000000024e8      0x523 ./Core/Src/system_stm32f4xx.o
 .debug_info    0x0000000000002a0b       0x22 ./Core/Startup/startup_stm32f405rgtx.o
 .debug_info    0x0000000000002a2d      0x96a ./Drivers/STM32F4xx_HAL_Driver/Src/stm32f4xx_hal.o
 .debug_info    0x0000000000003397      0xe09 ./Drivers/STM32F4xx_HAL_Driver/Src/stm32f4xx_hal_cortex.o
 .debug_info    0x00000000000041a0      0x76a ./Drivers/STM32F4xx_HAL_Driver/Src/stm32f4xx_hal_gpio.o
 .debug_info    0x000000000000490a      0x966 ./Drivers/STM32F4xx_HAL_Driver/Src/stm32f4xx_hal_rcc.o
 .debug_info    0x0000000000005270     0x2bbe ./Drivers/STM32F4xx_HAL_Driver/Src/stm32f4xx_hal_tim.o
 .debug_info    0x0000000000007e2e     0x15e0 ./Drivers/STM32F4xx_HAL_Driver/Src/stm32f4xx_hal_tim_ex.o
 .debug_info    0x000000000000940e      0x2d1 ./Thirdparty/FreeRTOS/Source/list.o
 .debug_info    0x00000000000096df     0x196b ./Thirdparty/FreeRTOS/Source/queue.o
 .debug_info    0x000000000000b04a     0x25ab ./Thirdparty/FreeRTOS/Source/tasks.o
 .debug_info    0x000000000000d5f5      0xeaf ./Thirdparty/FreeRTOS/Source/timers.o
 .debug_info    0x000000000000e4a4      0x507 ./Thirdparty/FreeRTOS/Source/portable/GCC/ARM_CM4F/port.o
 .debug_info    0x000000000000e9ab      0x558 ./Thirdparty/FreeRTOS/Source/portable/MemMang/heap_4.o

.debug_abbrev   0x0000000000000000     0x251b
 .debug_abbrev  0x0000000000000000      0x299 ./Core/Src/main.o
 .debug_abbrev  0x0000000000000299       0xd4 ./Core/Src/stm32f4xx_hal_msp.o
 .debug_abbrev  0x000000000000036d      0x1e6 ./Core/Src/stm32f4xx_hal_timebase_tim.o
 .debug_abbrev  0x0000000000000553      0x171 ./Core/Src/stm32f4xx_it.o
 .debug_abbrev  0x00000000000006c4      0x116 ./Core/Src/system_stm32f4xx.o
 .debug_abbrev  0x00000000000007da       0x12 ./Core/Startup/startup_stm32f405rgtx.o
 .debug_abbrev  0x00000000000007ec      0x20d ./Drivers/STM32F4xx_HAL_Driver/Src/stm32f4xx_hal.o
 .debug_abbrev  0x00000000000009f9      0x316 ./Drivers/STM32F4xx_HAL_Driver/Src/stm32f4xx_hal_cortex.o
 .debug_abbrev  0x0000000000000d0f      0x1c4 ./Drivers/STM32F4xx_HAL_Driver/Src/stm32f4xx_hal_gpio.o
 .debug_abbrev  0x0000000000000ed3      0x2aa ./Drivers/STM32F4xx_HAL_Driver/Src/stm32f4xx_hal_rcc.o
 .debug_abbrev  0x000000000000117d      0x25d ./Drivers/STM32F4xx_HAL_Driver/Src/stm32f4xx_hal_tim.o
 .debug_abbrev  0x00000000000013da      0x265 ./Drivers/STM32F4xx_HAL_Driver/Src/stm32f4xx_hal_tim_ex.o
 .debug_abbrev  0x000000000000163f       0xf2 ./Thirdparty/FreeRTOS/Source/list.o
 .debug_abbrev  0x0000000000001731      0x312 ./Thirdparty/FreeRTOS/Source/queue.o
 .debug_abbrev  0x0000000000001a43      0x36c ./Thirdparty/FreeRTOS/Source/tasks.o
 .debug_abbrev  0x0000000000001daf      0x2c5 ./Thirdparty/FreeRTOS/Source/timers.o
 .debug_abbrev  0x0000000000002074      0x259 ./Thirdparty/FreeRTOS/Source/portable/GCC/ARM_CM4F/port.o
 .debug_abbrev  0x00000000000022cd      0x24e ./Thirdparty/FreeRTOS/Source/portable/MemMang/heap_4.o

.debug_aranges  0x0000000000000000      0xe90
 .debug_aranges
                0x0000000000000000       0x50 ./Core/Src/main.o
 .debug_aranges
                0x0000000000000050       0x20 ./Core/Src/stm32f4xx_hal_msp.o
 .debug_aranges
                0x0000000000000070       0x30 ./Core/Src/stm32f4xx_hal_timebase_tim.o
 .debug_aranges
                0x00000000000000a0       0x50 ./Core/Src/stm32f4xx_it.o
 .debug_aranges
                0x00000000000000f0       0x28 ./Core/Src/system_stm32f4xx.o
 .debug_aranges
                0x0000000000000118       0x28 ./Core/Startup/startup_stm32f405rgtx.o
 .debug_aranges
                0x0000000000000140       0xf0 ./Drivers/STM32F4xx_HAL_Driver/Src/stm32f4xx_hal.o
 .debug_aranges
                0x0000000000000230      0x118 ./Drivers/STM32F4xx_HAL_Driver/Src/stm32f4xx_hal_cortex.o
 .debug_aranges
                0x0000000000000348       0x58 ./Drivers/STM32F4xx_HAL_Driver/Src/stm32f4xx_hal_gpio.o
 .debug_aranges
                0x00000000000003a0       0x88 ./Drivers/STM32F4xx_HAL_Driver/Src/stm32f4xx_hal_rcc.o
 .debug_aranges
                0x0000000000000428      0x3d0 ./Drivers/STM32F4xx_HAL_Driver/Src/stm32f4xx_hal_tim.o
 .debug_aranges
                0x00000000000007f8      0x168 ./Drivers/STM32F4xx_HAL_Driver/Src/stm32f4xx_hal_tim_ex.o
 .debug_aranges
                0x0000000000000960       0x40 ./Thirdparty/FreeRTOS/Source/list.o
 .debug_aranges
                0x00000000000009a0      0x130 ./Thirdparty/FreeRTOS/Source/queue.o
 .debug_aranges
                0x0000000000000ad0      0x1f8 ./Thirdparty/FreeRTOS/Source/tasks.o
 .debug_aranges
                0x0000000000000cc8       0xe8 ./Thirdparty/FreeRTOS/Source/timers.o
 .debug_aranges
                0x0000000000000db0       0x80 ./Thirdparty/FreeRTOS/Source/portable/GCC/ARM_CM4F/port.o
 .debug_aranges
                0x0000000000000e30       0x60 ./Thirdparty/FreeRTOS/Source/portable/MemMang/heap_4.o

.debug_ranges   0x0000000000000000      0xd78
 .debug_ranges  0x0000000000000000       0x40 ./Core/Src/main.o
 .debug_ranges  0x0000000000000040       0x10 ./Core/Src/stm32f4xx_hal_msp.o
 .debug_ranges  0x0000000000000050       0x20 ./Core/Src/stm32f4xx_hal_timebase_tim.o
 .debug_ranges  0x0000000000000070       0x40 ./Core/Src/stm32f4xx_it.o
 .debug_ranges  0x00000000000000b0       0x18 ./Core/Src/system_stm32f4xx.o
 .debug_ranges  0x00000000000000c8       0x20 ./Core/Startup/startup_stm32f405rgtx.o
 .debug_ranges  0x00000000000000e8       0xe0 ./Drivers/STM32F4xx_HAL_Driver/Src/stm32f4xx_hal.o
 .debug_ranges  0x00000000000001c8      0x108 ./Drivers/STM32F4xx_HAL_Driver/Src/stm32f4xx_hal_cortex.o
 .debug_ranges  0x00000000000002d0       0x48 ./Drivers/STM32F4xx_HAL_Driver/Src/stm32f4xx_hal_gpio.o
 .debug_ranges  0x0000000000000318       0x78 ./Drivers/STM32F4xx_HAL_Driver/Src/stm32f4xx_hal_rcc.o
 .debug_ranges  0x0000000000000390      0x3c0 ./Drivers/STM32F4xx_HAL_Driver/Src/stm32f4xx_hal_tim.o
 .debug_ranges  0x0000000000000750      0x158 ./Drivers/STM32F4xx_HAL_Driver/Src/stm32f4xx_hal_tim_ex.o
 .debug_ranges  0x00000000000008a8       0x30 ./Thirdparty/FreeRTOS/Source/list.o
 .debug_ranges  0x00000000000008d8      0x120 ./Thirdparty/FreeRTOS/Source/queue.o
 .debug_ranges  0x00000000000009f8      0x1e8 ./Thirdparty/FreeRTOS/Source/tasks.o
 .debug_ranges  0x0000000000000be0       0xd8 ./Thirdparty/FreeRTOS/Source/timers.o
 .debug_ranges  0x0000000000000cb8       0x70 ./Thirdparty/FreeRTOS/Source/portable/GCC/ARM_CM4F/port.o
 .debug_ranges  0x0000000000000d28       0x50 ./Thirdparty/FreeRTOS/Source/portable/MemMang/heap_4.o

.debug_macro    0x0000000000000000    0x1f874
 .debug_macro   0x0000000000000000      0x261 ./Core/Src/main.o
 .debug_macro   0x0000000000000261      0xa78 ./Core/Src/main.o
 .debug_macro   0x0000000000000cd9       0x2f ./Core/Src/main.o
 .debug_macro   0x0000000000000d08       0x22 ./Core/Src/main.o
 .debug_macro   0x0000000000000d2a       0x8e ./Core/Src/main.o
 .debug_macro   0x0000000000000db8       0x51 ./Core/Src/main.o
 .debug_macro   0x0000000000000e09      0x103 ./Core/Src/main.o
 .debug_macro   0x0000000000000f0c       0x6a ./Core/Src/main.o
 .debug_macro   0x0000000000000f76      0x1df ./Core/Src/main.o
 .debug_macro   0x0000000000001155       0x1c ./Core/Src/main.o
 .debug_macro   0x0000000000001171       0x22 ./Core/Src/main.o
 .debug_macro   0x0000000000001193       0xd9 ./Core/Src/main.o
 .debug_macro   0x000000000000126c     0x102d ./Core/Src/main.o
 .debug_macro   0x0000000000002299      0x11f ./Core/Src/main.o
 .debug_macro   0x00000000000023b8    0x1426d ./Core/Src/main.o
 .debug_macro   0x0000000000016625      0x174 ./Core/Src/main.o
 .debug_macro   0x0000000000016799       0xfa ./Core/Src/main.o
 .debug_macro   0x0000000000016893      0x15a ./Core/Src/main.o
 .debug_macro   0x00000000000169ed       0xea ./Core/Src/main.o
 .debug_macro   0x0000000000016ad7       0x28 ./Core/Src/main.o
 .debug_macro   0x0000000000016aff       0x1f ./Core/Src/main.o
 .debug_macro   0x0000000000016b1e       0x12 ./Core/Src/main.o
 .debug_macro   0x0000000000016b30      0x52d ./Core/Src/main.o
 .debug_macro   0x000000000001705d       0xc3 ./Core/Src/main.o
 .debug_macro   0x0000000000017120      0x120 ./Core/Src/main.o
 .debug_macro   0x0000000000017240       0x80 ./Core/Src/main.o
 .debug_macro   0x00000000000172c0       0x77 ./Core/Src/main.o
 .debug_macro   0x0000000000017337      0x295 ./Core/Src/main.o
 .debug_macro   0x00000000000175cc       0x2e ./Core/Src/main.o
 .debug_macro   0x00000000000175fa       0x6d ./Core/Src/main.o
 .debug_macro   0x0000000000017667     0x367e ./Core/Src/main.o
 .debug_macro   0x000000000001ace5       0x5c ./Core/Src/main.o
 .debug_macro   0x000000000001ad41      0x8a7 ./Core/Src/main.o
 .debug_macro   0x000000000001b5e8      0x9fe ./Core/Src/main.o
 .debug_macro   0x000000000001bfe6      0x115 ./Core/Src/main.o
 .debug_macro   0x000000000001c0fb      0x130 ./Core/Src/main.o
 .debug_macro   0x000000000001c22b       0xa5 ./Core/Src/main.o
 .debug_macro   0x000000000001c2d0      0x174 ./Core/Src/main.o
 .debug_macro   0x000000000001c444      0x287 ./Core/Src/main.o
 .debug_macro   0x000000000001c6cb       0x5f ./Core/Src/main.o
 .debug_macro   0x000000000001c72a      0x236 ./Core/Src/main.o
 .debug_macro   0x000000000001c960      0x12c ./Core/Src/main.o
 .debug_macro   0x000000000001ca8c      0x21e ./Core/Src/main.o
 .debug_macro   0x000000000001ccaa       0x2e ./Core/Src/main.o
 .debug_macro   0x000000000001ccd8      0x11a ./Core/Src/main.o
 .debug_macro   0x000000000001cdf2       0x7e ./Core/Src/main.o
 .debug_macro   0x000000000001ce70       0x89 ./Core/Src/main.o
 .debug_macro   0x000000000001cef9      0x8e6 ./Core/Src/main.o
 .debug_macro   0x000000000001d7df       0x47 ./Core/Src/main.o
 .debug_macro   0x000000000001d826      0x12d ./Core/Src/main.o
 .debug_macro   0x000000000001d953      0x1ce ./Core/Src/stm32f4xx_hal_msp.o
 .debug_macro   0x000000000001db21      0x1c4 ./Core/Src/stm32f4xx_hal_timebase_tim.o
 .debug_macro   0x000000000001dce5      0x1d8 ./Core/Src/stm32f4xx_it.o
 .debug_macro   0x000000000001debd      0x1c4 ./Core/Src/system_stm32f4xx.o
 .debug_macro   0x000000000001e081      0x224 ./Drivers/STM32F4xx_HAL_Driver/Src/stm32f4xx_hal.o
 .debug_macro   0x000000000001e2a5      0x1c4 ./Drivers/STM32F4xx_HAL_Driver/Src/stm32f4xx_hal_cortex.o
 .debug_macro   0x000000000001e469      0x1ca ./Drivers/STM32F4xx_HAL_Driver/Src/stm32f4xx_hal_gpio.o
 .debug_macro   0x000000000001e633      0x1e8 ./Drivers/STM32F4xx_HAL_Driver/Src/stm32f4xx_hal_rcc.o
 .debug_macro   0x000000000001e81b      0x1c5 ./Drivers/STM32F4xx_HAL_Driver/Src/stm32f4xx_hal_tim.o
 .debug_macro   0x000000000001e9e0      0x1c4 ./Drivers/STM32F4xx_HAL_Driver/Src/stm32f4xx_hal_tim_ex.o
 .debug_macro   0x000000000001eba4      0x198 ./Thirdparty/FreeRTOS/Source/list.o
 .debug_macro   0x000000000001ed3c      0x22f ./Thirdparty/FreeRTOS/Source/queue.o
 .debug_macro   0x000000000001ef6b       0x16 ./Thirdparty/FreeRTOS/Source/queue.o
 .debug_macro   0x000000000001ef81       0x20 ./Thirdparty/FreeRTOS/Source/queue.o
 .debug_macro   0x000000000001efa1      0x27e ./Thirdparty/FreeRTOS/Source/tasks.o
 .debug_macro   0x000000000001f21f       0x17 ./Thirdparty/FreeRTOS/Source/tasks.o
 .debug_macro   0x000000000001f236      0x1e7 ./Thirdparty/FreeRTOS/Source/timers.o
 .debug_macro   0x000000000001f41d       0x97 ./Thirdparty/FreeRTOS/Source/timers.o
 .debug_macro   0x000000000001f4b4      0x1a7 ./Thirdparty/FreeRTOS/Source/portable/GCC/ARM_CM4F/port.o
 .debug_macro   0x000000000001f65b      0x219 ./Thirdparty/FreeRTOS/Source/portable/MemMang/heap_4.o

.debug_line     0x0000000000000000     0xfed6
 .debug_line    0x0000000000000000      0x995 ./Core/Src/main.o
 .debug_line    0x0000000000000995      0x6ab ./Core/Src/stm32f4xx_hal_msp.o
 .debug_line    0x0000000000001040      0x725 ./Core/Src/stm32f4xx_hal_timebase_tim.o
 .debug_line    0x0000000000001765      0x748 ./Core/Src/stm32f4xx_it.o
 .debug_line    0x0000000000001ead      0x72d ./Core/Src/system_stm32f4xx.o
 .debug_line    0x00000000000025da       0x88 ./Core/Startup/startup_stm32f405rgtx.o
 .debug_line    0x0000000000002662      0x993 ./Drivers/STM32F4xx_HAL_Driver/Src/stm32f4xx_hal.o
 .debug_line    0x0000000000002ff5      0xc42 ./Drivers/STM32F4xx_HAL_Driver/Src/stm32f4xx_hal_cortex.o
 .debug_line    0x0000000000003c37      0xb07 ./Drivers/STM32F4xx_HAL_Driver/Src/stm32f4xx_hal_gpio.o
 .debug_line    0x000000000000473e      0xd0d ./Drivers/STM32F4xx_HAL_Driver/Src/stm32f4xx_hal_rcc.o
 .debug_line    0x000000000000544b     0x3687 ./Drivers/STM32F4xx_HAL_Driver/Src/stm32f4xx_hal_tim.o
 .debug_line    0x0000000000008ad2     0x1990 ./Drivers/STM32F4xx_HAL_Driver/Src/stm32f4xx_hal_tim_ex.o
 .debug_line    0x000000000000a462      0x772 ./Thirdparty/FreeRTOS/Source/list.o
 .debug_line    0x000000000000abd4     0x167e ./Thirdparty/FreeRTOS/Source/queue.o
 .debug_line    0x000000000000c252     0x1da6 ./Thirdparty/FreeRTOS/Source/tasks.o
 .debug_line    0x000000000000dff8      0xc94 ./Thirdparty/FreeRTOS/Source/timers.o
 .debug_line    0x000000000000ec8c      0x854 ./Thirdparty/FreeRTOS/Source/portable/GCC/ARM_CM4F/port.o
 .debug_line    0x000000000000f4e0      0x9f6 ./Thirdparty/FreeRTOS/Source/portable/MemMang/heap_4.o

.debug_str      0x0000000000000000    0xc628c
 .debug_str     0x0000000000000000    0xbd06f ./Core/Src/main.o
                                      0xbd3fe (size before relaxing)
 .debug_str     0x00000000000bd06f       0x2c ./Core/Src/stm32f4xx_hal_msp.o
                                      0xb6d12 (size before relaxing)
 .debug_str     0x00000000000bd09b      0x5e9 ./Core/Src/stm32f4xx_hal_timebase_tim.o
                                      0xb7898 (size before relaxing)
 .debug_str     0x00000000000bd684       0xb9 ./Core/Src/stm32f4xx_it.o
                                      0xb71c3 (size before relaxing)
 .debug_str     0x00000000000bd73d       0xdb ./Core/Src/system_stm32f4xx.o
                                      0xb6dc2 (size before relaxing)
 .debug_str     0x00000000000bd818       0x36 ./Core/Startup/startup_stm32f405rgtx.o
                                         0x6a (size before relaxing)
 .debug_str     0x00000000000bd84e      0x5d3 ./Drivers/STM32F4xx_HAL_Driver/Src/stm32f4xx_hal.o
                                      0xb7925 (size before relaxing)
 .debug_str     0x00000000000bde21      0x33a ./Drivers/STM32F4xx_HAL_Driver/Src/stm32f4xx_hal_cortex.o
                                      0xb7658 (size before relaxing)
 .debug_str     0x00000000000be15b      0x11e ./Drivers/STM32F4xx_HAL_Driver/Src/stm32f4xx_hal_gpio.o
                                      0xb6f3d (size before relaxing)
 .debug_str     0x00000000000be279      0x1fd ./Drivers/STM32F4xx_HAL_Driver/Src/stm32f4xx_hal_rcc.o
                                      0xb71f6 (size before relaxing)
 .debug_str     0x00000000000be476      0xe69 ./Drivers/STM32F4xx_HAL_Driver/Src/stm32f4xx_hal_tim.o
                                      0xb813c (size before relaxing)
 .debug_str     0x00000000000bf2df      0x503 ./Drivers/STM32F4xx_HAL_Driver/Src/stm32f4xx_hal_tim_ex.o
                                      0xb7958 (size before relaxing)
 .debug_str     0x00000000000bf7e2     0x300f ./Thirdparty/FreeRTOS/Source/list.o
                                       0xacbb (size before relaxing)
 .debug_str     0x00000000000c27f1      0xd05 ./Thirdparty/FreeRTOS/Source/queue.o
                                       0xd3ba (size before relaxing)
 .debug_str     0x00000000000c34f6     0x1a90 ./Thirdparty/FreeRTOS/Source/tasks.o
                                       0xddcc (size before relaxing)
 .debug_str     0x00000000000c4f86      0x54b ./Thirdparty/FreeRTOS/Source/timers.o
                                       0xd53a (size before relaxing)
 .debug_str     0x00000000000c54d1      0x7dd ./Thirdparty/FreeRTOS/Source/portable/GCC/ARM_CM4F/port.o
                                       0x982a (size before relaxing)
 .debug_str     0x00000000000c5cae      0x5de ./Thirdparty/FreeRTOS/Source/portable/MemMang/heap_4.o
                                       0xc4e5 (size before relaxing)

.comment        0x0000000000000000       0x50
 .comment       0x0000000000000000       0x50 ./Core/Src/main.o
                                         0x51 (size before relaxing)
 .comment       0x0000000000000050       0x51 ./Core/Src/stm32f4xx_hal_msp.o
 .comment       0x0000000000000050       0x51 ./Core/Src/stm32f4xx_hal_timebase_tim.o
 .comment       0x0000000000000050       0x51 ./Core/Src/stm32f4xx_it.o
 .comment       0x0000000000000050       0x51 ./Core/Src/system_stm32f4xx.o
 .comment       0x0000000000000050       0x51 ./Drivers/STM32F4xx_HAL_Driver/Src/stm32f4xx_hal.o
 .comment       0x0000000000000050       0x51 ./Drivers/STM32F4xx_HAL_Driver/Src/stm32f4xx_hal_cortex.o
 .comment       0x0000000000000050       0x51 ./Drivers/STM32F4xx_HAL_Driver/Src/stm32f4xx_hal_gpio.o
 .comment       0x0000000000000050       0x51 ./Drivers/STM32F4xx_HAL_Driver/Src/stm32f4xx_hal_rcc.o
 .comment       0x0000000000000050       0x51 ./Drivers/STM32F4xx_HAL_Driver/Src/stm32f4xx_hal_tim.o
 .comment       0x0000000000000050       0x51 ./Drivers/STM32F4xx_HAL_Driver/Src/stm32f4xx_hal_tim_ex.o
 .comment       0x0000000000000050       0x51 ./Thirdparty/FreeRTOS/Source/list.o
 .comment       0x0000000000000050       0x51 ./Thirdparty/FreeRTOS/Source/queue.o
 .comment       0x0000000000000050       0x51 ./Thirdparty/FreeRTOS/Source/tasks.o
 .comment       0x0000000000000050       0x51 ./Thirdparty/FreeRTOS/Source/timers.o
 .comment       0x0000000000000050       0x51 ./Thirdparty/FreeRTOS/Source/portable/GCC/ARM_CM4F/port.o
 .comment       0x0000000000000050       0x51 ./Thirdparty/FreeRTOS/Source/portable/MemMang/heap_4.o

.debug_frame    0x0000000000000000     0x3c54
 .debug_frame   0x0000000000000000      0x100 ./Core/Src/main.o
 .debug_frame   0x0000000000000100       0x38 ./Core/Src/stm32f4xx_hal_msp.o
 .debug_frame   0x0000000000000138       0x74 ./Core/Src/stm32f4xx_hal_timebase_tim.o
 .debug_frame   0x00000000000001ac       0xc4 ./Core/Src/stm32f4xx_it.o
 .debug_frame   0x0000000000000270       0x58 ./Core/Src/system_stm32f4xx.o
 .debug_frame   0x00000000000002c8      0x374 ./Drivers/STM32F4xx_HAL_Driver/Src/stm32f4xx_hal.o
 .debug_frame   0x000000000000063c      0x498 ./Drivers/STM32F4xx_HAL_Driver/Src/stm32f4xx_hal_cortex.o
 .debug_frame   0x0000000000000ad4      0x14c ./Drivers/STM32F4xx_HAL_Driver/Src/stm32f4xx_hal_gpio.o
 .debug_frame   0x0000000000000c20      0x1f4 ./Drivers/STM32F4xx_HAL_Driver/Src/stm32f4xx_hal_rcc.o
 .debug_frame   0x0000000000000e14     0x11c4 ./Drivers/STM32F4xx_HAL_Driver/Src/stm32f4xx_hal_tim.o
 .debug_frame   0x0000000000001fd8      0x638 ./Drivers/STM32F4xx_HAL_Driver/Src/stm32f4xx_hal_tim_ex.o
 .debug_frame   0x0000000000002610       0xd8 ./Thirdparty/FreeRTOS/Source/list.o
 .debug_frame   0x00000000000026e8      0x530 ./Thirdparty/FreeRTOS/Source/queue.o
 .debug_frame   0x0000000000002c18      0x8a8 ./Thirdparty/FreeRTOS/Source/tasks.o
 .debug_frame   0x00000000000034c0      0x3c8 ./Thirdparty/FreeRTOS/Source/timers.o
 .debug_frame   0x0000000000003888      0x1a8 ./Thirdparty/FreeRTOS/Source/portable/GCC/ARM_CM4F/port.o
 .debug_frame   0x0000000000003a30      0x150 ./Thirdparty/FreeRTOS/Source/portable/MemMang/heap_4.o
 .debug_frame   0x0000000000003b80       0x2c c:/st/stm32cubeide_1.11.0/stm32cubeide/plugins/com.st.stm32cube.ide.mcu.externaltools.gnu-tools-for-stm32.10.3-2021.10.win32_1.0.100.202210260954/tools/bin/../lib/gcc/arm-none-eabi/10.3.1/../../../../arm-none-eabi/lib/thumb/v7e-m+fp/hard\libc_nano.a(lib_a-init.o)
 .debug_frame   0x0000000000003bac       0x28 c:/st/stm32cubeide_1.11.0/stm32cubeide/plugins/com.st.stm32cube.ide.mcu.externaltools.gnu-tools-for-stm32.10.3-2021.10.win32_1.0.100.202210260954/tools/bin/../lib/gcc/arm-none-eabi/10.3.1/../../../../arm-none-eabi/lib/thumb/v7e-m+fp/hard\libc_nano.a(lib_a-memcpy-stub.o)
 .debug_frame   0x0000000000003bd4       0x20 c:/st/stm32cubeide_1.11.0/stm32cubeide/plugins/com.st.stm32cube.ide.mcu.externaltools.gnu-tools-for-stm32.10.3-2021.10.win32_1.0.100.202210260954/tools/bin/../lib/gcc/arm-none-eabi/10.3.1/../../../../arm-none-eabi/lib/thumb/v7e-m+fp/hard\libc_nano.a(lib_a-memset.o)
 .debug_frame   0x0000000000003bf4       0x2c c:/st/stm32cubeide_1.11.0/stm32cubeide/plugins/com.st.stm32cube.ide.mcu.externaltools.gnu-tools-for-stm32.10.3-2021.10.win32_1.0.100.202210260954/tools/bin/../lib/gcc/arm-none-eabi/10.3.1/thumb/v7e-m+fp/hard\libgcc.a(_aeabi_uldivmod.o)
 .debug_frame   0x0000000000003c20       0x34 c:/st/stm32cubeide_1.11.0/stm32cubeide/plugins/com.st.stm32cube.ide.mcu.externaltools.gnu-tools-for-stm32.10.3-2021.10.win32_1.0.100.202210260954/tools/bin/../lib/gcc/arm-none-eabi/10.3.1/thumb/v7e-m+fp/hard\libgcc.a(_udivmoddi4.o)
