Archive member included to satisfy reference by file (symbol)

c:/st/stm32cubeide_1.11.0/stm32cubeide/plugins/com.st.stm32cube.ide.mcu.externaltools.gnu-tools-for-stm32.10.3-2021.10.win32_1.0.100.202210260954/tools/bin/../lib/gcc/arm-none-eabi/10.3.1/../../../../arm-none-eabi/lib/thumb/v7e-m+fp/hard\libc_nano.a(lib_a-errno.o)
                              ./Core/Src/syscalls.o (__errno)
c:/st/stm32cubeide_1.11.0/stm32cubeide/plugins/com.st.stm32cube.ide.mcu.externaltools.gnu-tools-for-stm32.10.3-2021.10.win32_1.0.100.202210260954/tools/bin/../lib/gcc/arm-none-eabi/10.3.1/../../../../arm-none-eabi/lib/thumb/v7e-m+fp/hard\libc_nano.a(lib_a-exit.o)
                              c:/st/stm32cubeide_1.11.0/stm32cubeide/plugins/com.st.stm32cube.ide.mcu.externaltools.gnu-tools-for-stm32.10.3-2021.10.win32_1.0.100.202210260954/tools/bin/../lib/gcc/arm-none-eabi/10.3.1/../../../../arm-none-eabi/lib/thumb/v7e-m+fp/hard/crt0.o (exit)
c:/st/stm32cubeide_1.11.0/stm32cubeide/plugins/com.st.stm32cube.ide.mcu.externaltools.gnu-tools-for-stm32.10.3-2021.10.win32_1.0.100.202210260954/tools/bin/../lib/gcc/arm-none-eabi/10.3.1/../../../../arm-none-eabi/lib/thumb/v7e-m+fp/hard\libc_nano.a(lib_a-impure.o)
                              c:/st/stm32cubeide_1.11.0/stm32cubeide/plugins/com.st.stm32cube.ide.mcu.externaltools.gnu-tools-for-stm32.10.3-2021.10.win32_1.0.100.202210260954/tools/bin/../lib/gcc/arm-none-eabi/10.3.1/../../../../arm-none-eabi/lib/thumb/v7e-m+fp/hard\libc_nano.a(lib_a-exit.o) (_global_impure_ptr)
c:/st/stm32cubeide_1.11.0/stm32cubeide/plugins/com.st.stm32cube.ide.mcu.externaltools.gnu-tools-for-stm32.10.3-2021.10.win32_1.0.100.202210260954/tools/bin/../lib/gcc/arm-none-eabi/10.3.1/../../../../arm-none-eabi/lib/thumb/v7e-m+fp/hard\libc_nano.a(lib_a-init.o)
                              c:/st/stm32cubeide_1.11.0/stm32cubeide/plugins/com.st.stm32cube.ide.mcu.externaltools.gnu-tools-for-stm32.10.3-2021.10.win32_1.0.100.202210260954/tools/bin/../lib/gcc/arm-none-eabi/10.3.1/../../../../arm-none-eabi/lib/thumb/v7e-m+fp/hard/crt0.o (__libc_init_array)
c:/st/stm32cubeide_1.11.0/stm32cubeide/plugins/com.st.stm32cube.ide.mcu.externaltools.gnu-tools-for-stm32.10.3-2021.10.win32_1.0.100.202210260954/tools/bin/../lib/gcc/arm-none-eabi/10.3.1/../../../../arm-none-eabi/lib/thumb/v7e-m+fp/hard\libc_nano.a(lib_a-memcpy-stub.o)
                              ./Thirdparty/FreeRTOS/Source/queue.o (memcpy)
c:/st/stm32cubeide_1.11.0/stm32cubeide/plugins/com.st.stm32cube.ide.mcu.externaltools.gnu-tools-for-stm32.10.3-2021.10.win32_1.0.100.202210260954/tools/bin/../lib/gcc/arm-none-eabi/10.3.1/../../../../arm-none-eabi/lib/thumb/v7e-m+fp/hard\libc_nano.a(lib_a-memset.o)
                              c:/st/stm32cubeide_1.11.0/stm32cubeide/plugins/com.st.stm32cube.ide.mcu.externaltools.gnu-tools-for-stm32.10.3-2021.10.win32_1.0.100.202210260954/tools/bin/../lib/gcc/arm-none-eabi/10.3.1/../../../../arm-none-eabi/lib/thumb/v7e-m+fp/hard/crt0.o (memset)
c:/st/stm32cubeide_1.11.0/stm32cubeide/plugins/com.st.stm32cube.ide.mcu.externaltools.gnu-tools-for-stm32.10.3-2021.10.win32_1.0.100.202210260954/tools/bin/../lib/gcc/arm-none-eabi/10.3.1/thumb/v7e-m+fp/hard\libgcc.a(_aeabi_uldivmod.o)
                              ./Drivers/STM32F4xx_HAL_Driver/Src/stm32f4xx_hal_rcc.o (__aeabi_uldivmod)
c:/st/stm32cubeide_1.11.0/stm32cubeide/plugins/com.st.stm32cube.ide.mcu.externaltools.gnu-tools-for-stm32.10.3-2021.10.win32_1.0.100.202210260954/tools/bin/../lib/gcc/arm-none-eabi/10.3.1/thumb/v7e-m+fp/hard\libgcc.a(_udivmoddi4.o)
                              c:/st/stm32cubeide_1.11.0/stm32cubeide/plugins/com.st.stm32cube.ide.mcu.externaltools.gnu-tools-for-stm32.10.3-2021.10.win32_1.0.100.202210260954/tools/bin/../lib/gcc/arm-none-eabi/10.3.1/thumb/v7e-m+fp/hard\libgcc.a(_aeabi_uldivmod.o) (__udivmoddi4)
c:/st/stm32cubeide_1.11.0/stm32cubeide/plugins/com.st.stm32cube.ide.mcu.externaltools.gnu-tools-for-stm32.10.3-2021.10.win32_1.0.100.202210260954/tools/bin/../lib/gcc/arm-none-eabi/10.3.1/thumb/v7e-m+fp/hard\libgcc.a(_dvmd_tls.o)
                              c:/st/stm32cubeide_1.11.0/stm32cubeide/plugins/com.st.stm32cube.ide.mcu.externaltools.gnu-tools-for-stm32.10.3-2021.10.win32_1.0.100.202210260954/tools/bin/../lib/gcc/arm-none-eabi/10.3.1/thumb/v7e-m+fp/hard\libgcc.a(_aeabi_uldivmod.o) (__aeabi_ldiv0)

Discarded input sections

 .text          0x0000000000000000        0x0 c:/st/stm32cubeide_1.11.0/stm32cubeide/plugins/com.st.stm32cube.ide.mcu.externaltools.gnu-tools-for-stm32.10.3-2021.10.win32_1.0.100.202210260954/tools/bin/../lib/gcc/arm-none-eabi/10.3.1/thumb/v7e-m+fp/hard/crti.o
 .data          0x0000000000000000        0x0 c:/st/stm32cubeide_1.11.0/stm32cubeide/plugins/com.st.stm32cube.ide.mcu.externaltools.gnu-tools-for-stm32.10.3-2021.10.win32_1.0.100.202210260954/tools/bin/../lib/gcc/arm-none-eabi/10.3.1/thumb/v7e-m+fp/hard/crti.o
[...]
Memory Configuration

Name             Origin             Length             Attributes
CCMRAM           0x0000000010000000 0x0000000000010000 xrw
RAM              0x0000000020000000 0x0000000000020000 xrw
FLASH            0x0000000008000000 0x0000000000100000 xr
*default*        0x0000000000000000 0xffffffffffffffff

Linker script and memory map

LOAD c:/st/stm32cubeide_1.11.0/stm32cubeide/plugins/com.st.stm32cube.ide.mcu.externaltools.gnu-tools-for-stm32.10.3-2021.10.win32_1.0.100.202210260954/tools/bin/../lib/gcc/arm-none-eabi/10.3.1/thumb/v7e-m+fp/hard/crti.o
LOAD c:/st/stm32cubeide_1.11.0/stm32cubeide/plugins/com.st.stm32cube.ide.mcu.externaltools.gnu-tools-for-stm32.10.3-2021.10.win32_1.0.100.202210260954/tools/bin/../lib/gcc/arm-none-eabi/10.3.1/thumb/v7e-m+fp/hard/crtbegin.o
LOAD c:/st/stm32cubeide_1.11.0/stm32cubeide/plugins/com.st.stm32cube.ide.mcu.externaltools.gnu-tools-for-stm32.10.3-2021.10.win32_1.0.100.202210260954/tools/bin/../lib/gcc/arm-none-eabi/10.3.1/../../../../arm-none-eabi/lib/thumb/v7e-m+fp/hard/crt0.o
LOAD ./Core/Src/cmn.o
LOAD ./Core/Src/lcd.o
LOAD ./Core/Src/main.o
LOAD ./Core/Src/stm32f4xx_hal_msp.o
LOAD ./Core/Src/stm32f4xx_hal_timebase_tim.o
LOAD ./Core/Src/stm32f4xx_it.o
LOAD ./Core/Src/syscalls.o
LOAD ./Core/Src/system_stm32f4xx.o
LOAD ./Core/Startup/startup_stm32f405rgtx.o
LOAD ./Drivers/STM32F4xx_HAL_Driver/Src/stm32f4xx_hal.o
LOAD ./Drivers/STM32F4xx_HAL_Driver/Src/stm32f4xx_hal_cortex.o
LOAD ./Drivers/STM32F4xx_HAL_Driver/Src/stm32f4xx_hal_dma.o
LOAD ./Drivers/STM32F4xx_HAL_Driver/Src/stm32f4xx_hal_dma_ex.o
LOAD ./Drivers/STM32F4xx_HAL_Driver/Src/stm32f4xx_hal_exti.o
LOAD ./Drivers/STM32F4xx_HAL_Driver/Src/stm32f4xx_hal_flash.o
LOAD ./Drivers/STM32F4xx_HAL_Driver/Src/stm32f4xx_hal_flash_ex.o
LOAD ./Drivers/STM32F4xx_HAL_Driver/Src/stm32f4xx_hal_flash_ramfunc.o
LOAD ./Drivers/STM32F4xx_HAL_Driver/Src/stm32f4xx_hal_gpio.o
LOAD ./Drivers/STM32F4xx_HAL_Driver/Src/stm32f4xx_hal_pwr.o
LOAD ./Drivers/STM32F4xx_HAL_Driver/Src/stm32f4xx_hal_pwr_ex.o
LOAD ./Drivers/STM32F4xx_HAL_Driver/Src/stm32f4xx_hal_rcc.o
LOAD ./Drivers/STM32F4xx_HAL_Driver/Src/stm32f4xx_hal_rcc_ex.o
LOAD ./Drivers/STM32F4xx_HAL_Driver/Src/stm32f4xx_hal_tim.o
LOAD ./Drivers/STM32F4xx_HAL_Driver/Src/stm32f4xx_hal_tim_ex.o
LOAD ./Thirdparty/FreeRTOS/Source/croutine.o
LOAD ./Thirdparty/FreeRTOS/Source/event_groups.o
LOAD ./Thirdparty/FreeRTOS/Source/list.o
LOAD ./Thirdparty/FreeRTOS/Source/queue.o
LOAD ./Thirdparty/FreeRTOS/Source/stream_buffer.o
LOAD ./Thirdparty/FreeRTOS/Source/tasks.o
LOAD ./Thirdparty/FreeRTOS/Source/timers.o
LOAD ./Thirdparty/FreeRTOS/Source/portable/GCC/ARM_CM4F/port.o
LOAD ./Thirdparty/FreeRTOS/Source/portable/MemMang/heap_4.o
START GROUP
LOAD c:/st/stm32cubeide_1.11.0/stm32cubeide/plugins/com.st.stm32cube.ide.mcu.externaltools.gnu-tools-for-stm32.10.3-2021.10.win32_1.0.100.202210260954/tools/bin/../lib/gcc/arm-none-eabi/10.3.1/../../../../arm-none-eabi/lib/thumb/v7e-m+fp/hard\libc_nano.a
LOAD c:/st/stm32cubeide_1.11.0/stm32cubeide/plugins/com.st.stm32cube.ide.mcu.externaltools.gnu-tools-for-stm32.10.3-2021.10.win32_1.0.100.202210260954/tools/bin/../lib/gcc/arm-none-eabi/10.3.1/../../../../arm-none-eabi/lib/thumb/v7e-m+fp/hard\libm.a
END GROUP
START GROUP
LOAD c:/st/stm32cubeide_1.11.0/stm32cubeide/plugins/com.st.stm32cube.ide.mcu.externaltools.gnu-tools-for-stm32.10.3-2021.10.win32_1.0.100.202210260954/tools/bin/../lib/gcc/arm-none-eabi/10.3.1/thumb/v7e-m+fp/hard\libgcc.a
LOAD c:/st/stm32cubeide_1.11.0/stm32cubeide/plugins/com.st.stm32cube.ide.mcu.externaltools.gnu-tools-for-stm32.10.3-2021.10.win32_1.0.100.202210260954/tools/bin/../lib/gcc/arm-none-eabi/10.3.1/../../../../arm-none-eabi/lib/thumb/v7e-m+fp/hard\libc_nano.a
END GROUP
START GROUP
LOAD c:/st/stm32cubeide_1.11.0/stm32cubeide/plugins/com.st.stm32cube.ide.mcu.externaltools.gnu-tools-for-stm32.10.3-2021.10.win32_1.0.100.202210260954/tools/bin/../lib/gcc/arm-none-eabi/10.3.1/thumb/v7e-m+fp/hard\libgcc.a
LOAD c:/st/stm32cubeide_1.11.0/stm32cubeide/plugins/com.st.stm32cube.ide.mcu.externaltools.gnu-tools-for-stm32.10.3-2021.10.win32_1.0.100.202210260954/tools/bin/../lib/gcc/arm-none-eabi/10.3.1/../../../../arm-none-eabi/lib/thumb/v7e-m+fp/hard\libc_nano.a
LOAD c:/st/stm32cubeide_1.11.0/stm32cubeide/plugins/com.st.stm32cube.ide.mcu.externaltools.gnu-tools-for-stm32.10.3-2021.10.win32_1.0.100.202210260954/tools/bin/../lib/gcc/arm-none-eabi/10.3.1/../../../../arm-none-eabi/lib/thumb/v7e-m+fp/hard\libnosys.a
END GROUP
START GROUP
LOAD c:/st/stm32cubeide_1.11.0/stm32cubeide/plugins/com.st.stm32cube.ide.mcu.externaltools.gnu-tools-for-stm32.10.3-2021.10.win32_1.0.100.202210260954/tools/bin/../lib/gcc/arm-none-eabi/10.3.1/thumb/v7e-m+fp/hard\libgcc.a
LOAD c:/st/stm32cubeide_1.11.0/stm32cubeide/plugins/com.st.stm32cube.ide.mcu.externaltools.gnu-tools-for-stm32.10.3-2021.10.win32_1.0.100.202210260954/tools/bin/../lib/gcc/arm-none-eabi/10.3.1/../../../../arm-none-eabi/lib/thumb/v7e-m+fp/hard\libc_nano.a
LOAD c:/st/stm32cubeide_1.11.0/stm32cubeide/plugins/com.st.stm32cube.ide.mcu.externaltools.gnu-tools-for-stm32.10.3-2021.10.win32_1.0.100.202210260954/tools/bin/../lib/gcc/arm-none-eabi/10.3.1/../../../../arm-none-eabi/lib/thumb/v7e-m+fp/hard\libnosys.a
END GROUP
LOAD c:/st/stm32cubeide_1.11.0/stm32cubeide/plugins/com.st.stm32cube.ide.mcu.externaltools.gnu-tools-for-stm32.10.3-2021.10.win32_1.0.100.202210260954/tools/bin/../lib/gcc/arm-none-eabi/10.3.1/thumb/v7e-m+fp/hard/crtend.o
LOAD c:/st/stm32cubeide_1.11.0/stm32cubeide/plugins/com.st.stm32cube.ide.mcu.externaltools.gnu-tools-for-stm32.10.3-2021.10.win32_1.0.100.202210260954/tools/bin/../lib/gcc/arm-none-eabi/10.3.1/thumb/v7e-m+fp/hard/crtn.o
                0x0000000020020000                _estack = (ORIGIN (RAM) + LENGTH (RAM))
                0x0000000000000200                _Min_Heap_Size = 0x200
                0x0000000000000400                _Min_Stack_Size = 0x400

.isr_vector     0x0000000008000000      0x188
                0x0000000008000000                . = ALIGN (0x4)
 *(.isr_vector)
 .isr_vector    0x0000000008000000      0x188 ./Core/Startup/startup_stm32f405rgtx.o
                0x0000000008000000                g_pfnVectors
                0x0000000008000188                . = ALIGN (0x4)

.text           0x0000000008000190     0x4560
                0x0000000008000190                . = ALIGN (0x4)
 *(.text)
 .text          0x0000000008000190       0x40 c:/st/stm32cubeide_1.11.0/stm32cubeide/plugins/com.st.stm32cube.ide.mcu.externaltools.gnu-tools-for-stm32.10.3-2021.10.win32_1.0.100.202210260954/tools/bin/../lib/gcc/arm-none-eabi/10.3.1/thumb/v7e-m+fp/hard/crtbegin.o
 .text          0x00000000080001d0       0x30 c:/st/stm32cubeide_1.11.0/stm32cubeide/plugins/com.st.stm32cube.ide.mcu.externaltools.gnu-tools-for-stm32.10.3-2021.10.win32_1.0.100.202210260954/tools/bin/../lib/gcc/arm-none-eabi/10.3.1/thumb/v7e-m+fp/hard\libgcc.a(_aeabi_uldivmod.o)
                0x00000000080001d0                __aeabi_uldivmod
 .text          0x0000000008000200      0x2d0 c:/st/stm32cubeide_1.11.0/stm32cubeide/plugins/com.st.stm32cube.ide.mcu.externaltools.gnu-tools-for-stm32.10.3-2021.10.win32_1.0.100.202210260954/tools/bin/../lib/gcc/arm-none-eabi/10.3.1/thumb/v7e-m+fp/hard\libgcc.a(_udivmoddi4.o)
                0x0000000008000200                __udivmoddi4
 .text          0x00000000080004d0        0x4 c:/st/stm32cubeide_1.11.0/stm32cubeide/plugins/com.st.stm32cube.ide.mcu.externaltools.gnu-tools-for-stm32.10.3-2021.10.win32_1.0.100.202210260954/tools/bin/../lib/gcc/arm-none-eabi/10.3.1/thumb/v7e-m+fp/hard\libgcc.a(_dvmd_tls.o)
                0x00000000080004d0                __aeabi_idiv0
                0x00000000080004d0                __aeabi_ldiv0
 *(.text*)
 .text.SetOutput
                0x00000000080004d4       0x42 ./Core/Src/cmn.o
                0x00000000080004d4                SetOutput
 .text.SetBit   0x0000000008000516       0x28 ./Core/Src/cmn.o
                0x0000000008000516                SetBit
 .text.ClrBit   0x000000000800053e       0x2a ./Core/Src/cmn.o
                0x000000000800053e                ClrBit
 .text.DelayLcd
                0x0000000008000568       0x2e ./Core/Src/lcd.o
                0x0000000008000568                DelayLcd
 *fill*         0x0000000008000596        0x2 
 .text.LcdInit  0x0000000008000598       0x84 ./Core/Src/lcd.o
                0x0000000008000598                LcdInit
 .text.LcdFxn   0x000000000800061c      0x160 ./Core/Src/lcd.o
                0x000000000800061c                LcdFxn
 .text.lprint   0x000000000800077c       0x50 ./Core/Src/lcd.o
                0x000000000800077c                lprint
 .text.main     0x00000000080007cc       0x90 ./Core/Src/main.o
                0x00000000080007cc                main
 .text.Task1    0x000000000800085c       0x50 ./Core/Src/main.o
                0x000000000800085c                Task1
 .text.Task2    0x00000000080008ac       0x4c ./Core/Src/main.o
                0x00000000080008ac                Task2
 .text.Task3    0x00000000080008f8       0x34 ./Core/Src/main.o
                0x00000000080008f8                Task3
 .text.SystemClock_Config
                0x000000000800092c       0xbc ./Core/Src/main.o
                0x000000000800092c                SystemClock_Config
 .text.MX_GPIO_Init
                0x00000000080009e8       0x68 ./Core/Src/main.o
 .text.HAL_TIM_PeriodElapsedCallback
                0x0000000008000a50       0x24 ./Core/Src/main.o
                0x0000000008000a50                HAL_TIM_PeriodElapsedCallback
 .text.Error_Handler
                0x0000000008000a74        0xa ./Core/Src/main.o
                0x0000000008000a74                Error_Handler
 *fill*         0x0000000008000a7e        0x2 
 .text.HAL_MspInit
                0x0000000008000a80       0x50 ./Core/Src/stm32f4xx_hal_msp.o
                0x0000000008000a80                HAL_MspInit
 .text.HAL_InitTick
                0x0000000008000ad0       0xf8 ./Core/Src/stm32f4xx_hal_timebase_tim.o
                0x0000000008000ad0                HAL_InitTick
 .text.NMI_Handler
                0x0000000008000bc8        0x6 ./Core/Src/stm32f4xx_it.o
                0x0000000008000bc8                NMI_Handler
 .text.HardFault_Handler
                0x0000000008000bce        0x6 ./Core/Src/stm32f4xx_it.o
                0x0000000008000bce                HardFault_Handler
 .text.MemManage_Handler
                0x0000000008000bd4        0x6 ./Core/Src/stm32f4xx_it.o
                0x0000000008000bd4                MemManage_Handler
 .text.BusFault_Handler
                0x0000000008000bda        0x6 ./Core/Src/stm32f4xx_it.o
                0x0000000008000bda                BusFault_Handler
 .text.UsageFault_Handler
                0x0000000008000be0        0x6 ./Core/Src/stm32f4xx_it.o
                0x0000000008000be0                UsageFault_Handler
 .text.DebugMon_Handler
                0x0000000008000be6        0xe ./Core/Src/stm32f4xx_it.o
                0x0000000008000be6                DebugMon_Handler
 .text.TIM6_DAC_IRQHandler
                0x0000000008000bf4       0x14 ./Core/Src/stm32f4xx_it.o
                0x0000000008000bf4                TIM6_DAC_IRQHandler
 .text.SystemInit
                0x0000000008000c08       0x24 ./Core/Src/system_stm32f4xx.o
                0x0000000008000c08                SystemInit
 .text.Reset_Handler
                0x0000000008000c2c       0x50 ./Core/Startup/startup_stm32f405rgtx.o
                0x0000000008000c2c                Reset_Handler
 .text.Default_Handler
                0x0000000008000c7c        0x2 ./Core/Startup/startup_stm32f405rgtx.o
                0x0000000008000c7c                RTC_Alarm_IRQHandler
                0x0000000008000c7c                HASH_RNG_IRQHandler
                0x0000000008000c7c                EXTI2_IRQHandler
                0x0000000008000c7c                TIM8_CC_IRQHandler
                0x0000000008000c7c                TIM1_CC_IRQHandler
                0x0000000008000c7c                DMA2_Stream5_IRQHandler
                0x0000000008000c7c                DMA1_Stream5_IRQHandler
                0x0000000008000c7c                PVD_IRQHandler
                0x0000000008000c7c                SDIO_IRQHandler
                0x0000000008000c7c                TAMP_STAMP_IRQHandler
                0x0000000008000c7c                CAN2_RX1_IRQHandler
                0x0000000008000c7c                EXTI3_IRQHandler
                0x0000000008000c7c                TIM8_TRG_COM_TIM14_IRQHandler
                0x0000000008000c7c                TIM1_UP_TIM10_IRQHandler
                0x0000000008000c7c                TIM8_UP_TIM13_IRQHandler
                0x0000000008000c7c                I2C3_ER_IRQHandler
                0x0000000008000c7c                EXTI0_IRQHandler
                0x0000000008000c7c                I2C2_EV_IRQHandler
                0x0000000008000c7c                DMA1_Stream2_IRQHandler
                0x0000000008000c7c                CAN1_RX0_IRQHandler
                0x0000000008000c7c                FPU_IRQHandler
                0x0000000008000c7c                OTG_HS_WKUP_IRQHandler
                0x0000000008000c7c                CAN2_SCE_IRQHandler
                0x0000000008000c7c                DMA2_Stream2_IRQHandler
                0x0000000008000c7c                SPI1_IRQHandler
                0x0000000008000c7c                TIM1_BRK_TIM9_IRQHandler
                0x0000000008000c7c                CAN2_RX0_IRQHandler
                0x0000000008000c7c                DMA2_Stream3_IRQHandler
                0x0000000008000c7c                USART6_IRQHandler
                0x0000000008000c7c                USART3_IRQHandler
                0x0000000008000c7c                CAN1_RX1_IRQHandler
                0x0000000008000c7c                UART5_IRQHandler
                0x0000000008000c7c                DMA2_Stream0_IRQHandler
                0x0000000008000c7c                TIM4_IRQHandler
                0x0000000008000c7c                I2C1_EV_IRQHandler
                0x0000000008000c7c                DMA1_Stream6_IRQHandler
                0x0000000008000c7c                DMA1_Stream1_IRQHandler
                0x0000000008000c7c                UART4_IRQHandler
                0x0000000008000c7c                TIM3_IRQHandler
                0x0000000008000c7c                RCC_IRQHandler
                0x0000000008000c7c                TIM8_BRK_TIM12_IRQHandler
                0x0000000008000c7c                Default_Handler
                0x0000000008000c7c                EXTI15_10_IRQHandler
                0x0000000008000c7c                ADC_IRQHandler
                0x0000000008000c7c                DMA1_Stream7_IRQHandler
                0x0000000008000c7c                TIM7_IRQHandler
                0x0000000008000c7c                CAN2_TX_IRQHandler
                0x0000000008000c7c                TIM5_IRQHandler
                0x0000000008000c7c                DMA2_Stream7_IRQHandler
                0x0000000008000c7c                I2C3_EV_IRQHandler
                0x0000000008000c7c                EXTI9_5_IRQHandler
                0x0000000008000c7c                RTC_WKUP_IRQHandler
                0x0000000008000c7c                SPI2_IRQHandler
                0x0000000008000c7c                OTG_HS_EP1_IN_IRQHandler
                0x0000000008000c7c                DMA1_Stream0_IRQHandler
                0x0000000008000c7c                CAN1_TX_IRQHandler
                0x0000000008000c7c                EXTI4_IRQHandler
                0x0000000008000c7c                FSMC_IRQHandler
                0x0000000008000c7c                OTG_HS_EP1_OUT_IRQHandler
                0x0000000008000c7c                WWDG_IRQHandler
                0x0000000008000c7c                TIM2_IRQHandler
                0x0000000008000c7c                OTG_FS_WKUP_IRQHandler
                0x0000000008000c7c                TIM1_TRG_COM_TIM11_IRQHandler
                0x0000000008000c7c                OTG_HS_IRQHandler
                0x0000000008000c7c                EXTI1_IRQHandler
                0x0000000008000c7c                USART2_IRQHandler
                0x0000000008000c7c                I2C2_ER_IRQHandler
                0x0000000008000c7c                DMA2_Stream1_IRQHandler
                0x0000000008000c7c                CAN1_SCE_IRQHandler
                0x0000000008000c7c                FLASH_IRQHandler
                0x0000000008000c7c                DMA2_Stream4_IRQHandler
                0x0000000008000c7c                USART1_IRQHandler
                0x0000000008000c7c                OTG_FS_IRQHandler
                0x0000000008000c7c                SPI3_IRQHandler
                0x0000000008000c7c                DMA1_Stream4_IRQHandler
                0x0000000008000c7c                I2C1_ER_IRQHandler
                0x0000000008000c7c                DMA2_Stream6_IRQHandler
                0x0000000008000c7c                DMA1_Stream3_IRQHandler
 *fill*         0x0000000008000c7e        0x2 
 .text.HAL_Init
                0x0000000008000c80       0x44 ./Drivers/STM32F4xx_HAL_Driver/Src/stm32f4xx_hal.o
                0x0000000008000c80                HAL_Init
 .text.HAL_IncTick
                0x0000000008000cc4       0x28 ./Drivers/STM32F4xx_HAL_Driver/Src/stm32f4xx_hal.o
                0x0000000008000cc4                HAL_IncTick
 .text.HAL_GetTick
                0x0000000008000cec       0x18 ./Drivers/STM32F4xx_HAL_Driver/Src/stm32f4xx_hal.o
                0x0000000008000cec                HAL_GetTick
 .text.__NVIC_SetPriorityGrouping
                0x0000000008000d04       0x48 ./Drivers/STM32F4xx_HAL_Driver/Src/stm32f4xx_hal_cortex.o
 .text.__NVIC_GetPriorityGrouping
                0x0000000008000d4c       0x1c ./Drivers/STM32F4xx_HAL_Driver/Src/stm32f4xx_hal_cortex.o
 .text.__NVIC_EnableIRQ
                0x0000000008000d68       0x3c ./Drivers/STM32F4xx_HAL_Driver/Src/stm32f4xx_hal_cortex.o
 .text.__NVIC_SetPriority
                0x0000000008000da4       0x54 ./Drivers/STM32F4xx_HAL_Driver/Src/stm32f4xx_hal_cortex.o
 .text.NVIC_EncodePriority
                0x0000000008000df8       0x66 ./Drivers/STM32F4xx_HAL_Driver/Src/stm32f4xx_hal_cortex.o
 .text.HAL_NVIC_SetPriorityGrouping
                0x0000000008000e5e       0x16 ./Drivers/STM32F4xx_HAL_Driver/Src/stm32f4xx_hal_cortex.o
                0x0000000008000e5e                HAL_NVIC_SetPriorityGrouping
 .text.HAL_NVIC_SetPriority
                0x0000000008000e74       0x38 ./Drivers/STM32F4xx_HAL_Driver/Src/stm32f4xx_hal_cortex.o
                0x0000000008000e74                HAL_NVIC_SetPriority
 .text.HAL_NVIC_EnableIRQ
                0x0000000008000eac       0x1c ./Drivers/STM32F4xx_HAL_Driver/Src/stm32f4xx_hal_cortex.o
                0x0000000008000eac                HAL_NVIC_EnableIRQ
 .text.HAL_GPIO_Init
                0x0000000008000ec8      0x338 ./Drivers/STM32F4xx_HAL_Driver/Src/stm32f4xx_hal_gpio.o
                0x0000000008000ec8                HAL_GPIO_Init
 .text.HAL_GPIO_WritePin
                0x0000000008001200       0x32 ./Drivers/STM32F4xx_HAL_Driver/Src/stm32f4xx_hal_gpio.o
                0x0000000008001200                HAL_GPIO_WritePin
 *fill*         0x0000000008001232        0x2 
 .text.HAL_RCC_OscConfig
                0x0000000008001234      0x4f0 ./Drivers/STM32F4xx_HAL_Driver/Src/stm32f4xx_hal_rcc.o
                0x0000000008001234                HAL_RCC_OscConfig
 .text.HAL_RCC_ClockConfig
                0x0000000008001724      0x1cc ./Drivers/STM32F4xx_HAL_Driver/Src/stm32f4xx_hal_rcc.o
                0x0000000008001724                HAL_RCC_ClockConfig
 .text.HAL_RCC_GetSysClockFreq
                0x00000000080018f0      0x18c ./Drivers/STM32F4xx_HAL_Driver/Src/stm32f4xx_hal_rcc.o
                0x00000000080018f0                HAL_RCC_GetSysClockFreq
 .text.HAL_RCC_GetHCLKFreq
                0x0000000008001a7c       0x18 ./Drivers/STM32F4xx_HAL_Driver/Src/stm32f4xx_hal_rcc.o
                0x0000000008001a7c                HAL_RCC_GetHCLKFreq
 .text.HAL_RCC_GetPCLK1Freq
                0x0000000008001a94       0x28 ./Drivers/STM32F4xx_HAL_Driver/Src/stm32f4xx_hal_rcc.o
                0x0000000008001a94                HAL_RCC_GetPCLK1Freq
 .text.HAL_RCC_GetClockConfig
                0x0000000008001abc       0x64 ./Drivers/STM32F4xx_HAL_Driver/Src/stm32f4xx_hal_rcc.o
                0x0000000008001abc                HAL_RCC_GetClockConfig
 .text.HAL_TIM_Base_Init
                0x0000000008001b20       0x9e ./Drivers/STM32F4xx_HAL_Driver/Src/stm32f4xx_hal_tim.o
                0x0000000008001b20                HAL_TIM_Base_Init
 .text.HAL_TIM_Base_MspInit
                0x0000000008001bbe       0x14 ./Drivers/STM32F4xx_HAL_Driver/Src/stm32f4xx_hal_tim.o
                0x0000000008001bbe                HAL_TIM_Base_MspInit
 *fill*         0x0000000008001bd2        0x2 
 .text.HAL_TIM_Base_Start_IT
                0x0000000008001bd4       0xe0 ./Drivers/STM32F4xx_HAL_Driver/Src/stm32f4xx_hal_tim.o
                0x0000000008001bd4                HAL_TIM_Base_Start_IT
 .text.HAL_TIM_IRQHandler
                0x0000000008001cb4      0x210 ./Drivers/STM32F4xx_HAL_Driver/Src/stm32f4xx_hal_tim.o
                0x0000000008001cb4                HAL_TIM_IRQHandler
 .text.HAL_TIM_OC_DelayElapsedCallback
                0x0000000008001ec4       0x14 ./Drivers/STM32F4xx_HAL_Driver/Src/stm32f4xx_hal_tim.o
                0x0000000008001ec4                HAL_TIM_OC_DelayElapsedCallback
 .text.HAL_TIM_IC_CaptureCallback
                0x0000000008001ed8       0x14 ./Drivers/STM32F4xx_HAL_Driver/Src/stm32f4xx_hal_tim.o
                0x0000000008001ed8                HAL_TIM_IC_CaptureCallback
 .text.HAL_TIM_PWM_PulseFinishedCallback
                0x0000000008001eec       0x14 ./Drivers/STM32F4xx_HAL_Driver/Src/stm32f4xx_hal_tim.o
                0x0000000008001eec                HAL_TIM_PWM_PulseFinishedCallback
 .text.HAL_TIM_TriggerCallback
                0x0000000008001f00       0x14 ./Drivers/STM32F4xx_HAL_Driver/Src/stm32f4xx_hal_tim.o
                0x0000000008001f00                HAL_TIM_TriggerCallback
 .text.TIM_Base_SetConfig
                0x0000000008001f14      0x140 ./Drivers/STM32F4xx_HAL_Driver/Src/stm32f4xx_hal_tim.o
                0x0000000008001f14                TIM_Base_SetConfig
 .text.HAL_TIMEx_CommutCallback
                0x0000000008002054       0x14 ./Drivers/STM32F4xx_HAL_Driver/Src/stm32f4xx_hal_tim_ex.o
                0x0000000008002054                HAL_TIMEx_CommutCallback
 .text.HAL_TIMEx_BreakCallback
                0x0000000008002068       0x14 ./Drivers/STM32F4xx_HAL_Driver/Src/stm32f4xx_hal_tim_ex.o
                0x0000000008002068                HAL_TIMEx_BreakCallback
 .text.vListInitialise
                0x000000000800207c       0x40 ./Thirdparty/FreeRTOS/Source/list.o
                0x000000000800207c                vListInitialise
 .text.vListInitialiseItem
                0x00000000080020bc       0x1a ./Thirdparty/FreeRTOS/Source/list.o
                0x00000000080020bc                vListInitialiseItem
 .text.vListInsertEnd
                0x00000000080020d6       0x48 ./Thirdparty/FreeRTOS/Source/list.o
                0x00000000080020d6                vListInsertEnd
 .text.vListInsert
                0x000000000800211e       0x72 ./Thirdparty/FreeRTOS/Source/list.o
                0x000000000800211e                vListInsert
 .text.uxListRemove
                0x0000000008002190       0x54 ./Thirdparty/FreeRTOS/Source/list.o
                0x0000000008002190                uxListRemove
 .text.xQueueGenericReset
                0x00000000080021e4      0x120 ./Thirdparty/FreeRTOS/Source/queue.o
                0x00000000080021e4                xQueueGenericReset
 .text.xQueueGenericCreate
                0x0000000008002304       0x9c ./Thirdparty/FreeRTOS/Source/queue.o
                0x0000000008002304                xQueueGenericCreate
 .text.prvInitialiseNewQueue
                0x00000000080023a0       0x46 ./Thirdparty/FreeRTOS/Source/queue.o
 *fill*         0x00000000080023e6        0x2 
 .text.xQueueReceive
                0x00000000080023e8      0x1c0 ./Thirdparty/FreeRTOS/Source/queue.o
                0x00000000080023e8                xQueueReceive
 .text.prvCopyDataFromQueue
                0x00000000080025a8       0x4c ./Thirdparty/FreeRTOS/Source/queue.o
 .text.prvUnlockQueue
                0x00000000080025f4       0xa4 ./Thirdparty/FreeRTOS/Source/queue.o
 .text.prvIsQueueEmpty
                0x0000000008002698       0x2c ./Thirdparty/FreeRTOS/Source/queue.o
 .text.vQueueAddToRegistry
                0x00000000080026c4       0x9c ./Thirdparty/FreeRTOS/Source/queue.o
                0x00000000080026c4                vQueueAddToRegistry
 .text.vQueueWaitForMessageRestricted
                0x0000000008002760       0x68 ./Thirdparty/FreeRTOS/Source/queue.o
                0x0000000008002760                vQueueWaitForMessageRestricted
 .text.xTaskCreate
                0x00000000080027c8       0x8c ./Thirdparty/FreeRTOS/Source/tasks.o
                0x00000000080027c8                xTaskCreate
 .text.prvInitialiseNewTask
                0x0000000008002854      0x11c ./Thirdparty/FreeRTOS/Source/tasks.o
 .text.prvAddNewTaskToReadyList
                0x0000000008002970      0x12c ./Thirdparty/FreeRTOS/Source/tasks.o
 .text.vTaskDelay
                0x0000000008002a9c       0x68 ./Thirdparty/FreeRTOS/Source/tasks.o
                0x0000000008002a9c                vTaskDelay
 .text.vTaskSuspend
                0x0000000008002b04      0x140 ./Thirdparty/FreeRTOS/Source/tasks.o
                0x0000000008002b04                vTaskSuspend
 .text.prvTaskIsTaskSuspended
                0x0000000008002c44       0x64 ./Thirdparty/FreeRTOS/Source/tasks.o
 .text.vTaskResume
                0x0000000008002ca8      0x10c ./Thirdparty/FreeRTOS/Source/tasks.o
                0x0000000008002ca8                vTaskResume
 .text.vTaskStartScheduler
                0x0000000008002db4       0xa4 ./Thirdparty/FreeRTOS/Source/tasks.o
                0x0000000008002db4                vTaskStartScheduler
 .text.vTaskSuspendAll
                0x0000000008002e58       0x1c ./Thirdparty/FreeRTOS/Source/tasks.o
                0x0000000008002e58                vTaskSuspendAll
 .text.xTaskResumeAll
                0x0000000008002e74      0x1f8 ./Thirdparty/FreeRTOS/Source/tasks.o
                0x0000000008002e74                xTaskResumeAll
 .text.xTaskGetTickCount
                0x000000000800306c       0x20 ./Thirdparty/FreeRTOS/Source/tasks.o
                0x000000000800306c                xTaskGetTickCount
 .text.xTaskIncrementTick
                0x000000000800308c      0x22c ./Thirdparty/FreeRTOS/Source/tasks.o
                0x000000000800308c                xTaskIncrementTick
 .text.vTaskSwitchContext
                0x00000000080032b8       0xb8 ./Thirdparty/FreeRTOS/Source/tasks.o
                0x00000000080032b8                vTaskSwitchContext
 .text.vTaskPlaceOnEventList
                0x0000000008003370       0x48 ./Thirdparty/FreeRTOS/Source/tasks.o
                0x0000000008003370                vTaskPlaceOnEventList
 .text.vTaskPlaceOnEventListRestricted
                0x00000000080033b8       0x8c ./Thirdparty/FreeRTOS/Source/tasks.o
                0x00000000080033b8                vTaskPlaceOnEventListRestricted
 .text.xTaskRemoveFromEventList
                0x0000000008003444      0x1ac ./Thirdparty/FreeRTOS/Source/tasks.o
                0x0000000008003444                xTaskRemoveFromEventList
 .text.vTaskInternalSetTimeOutState
                0x00000000080035f0       0x2c ./Thirdparty/FreeRTOS/Source/tasks.o
                0x00000000080035f0                vTaskInternalSetTimeOutState
 .text.xTaskCheckForTimeOut
                0x000000000800361c       0xcc ./Thirdparty/FreeRTOS/Source/tasks.o
                0x000000000800361c                xTaskCheckForTimeOut
 .text.vTaskMissedYield
                0x00000000080036e8       0x18 ./Thirdparty/FreeRTOS/Source/tasks.o
                0x00000000080036e8                vTaskMissedYield
 .text.prvIdleTask
                0x0000000008003700       0x30 ./Thirdparty/FreeRTOS/Source/tasks.o
 .text.prvInitialiseTaskLists
                0x0000000008003730       0x80 ./Thirdparty/FreeRTOS/Source/tasks.o
 .text.prvCheckTasksWaitingTermination
                0x00000000080037b0       0x5c ./Thirdparty/FreeRTOS/Source/tasks.o
 .text.prvDeleteTCB
                0x000000000800380c       0x20 ./Thirdparty/FreeRTOS/Source/tasks.o
 .text.prvResetNextTaskUnblockTime
                0x000000000800382c       0x38 ./Thirdparty/FreeRTOS/Source/tasks.o
 .text.xTaskGetSchedulerState
                0x0000000008003864       0x3c ./Thirdparty/FreeRTOS/Source/tasks.o
                0x0000000008003864                xTaskGetSchedulerState
 .text.prvAddCurrentTaskToDelayedList
                0x00000000080038a0      0x100 ./Thirdparty/FreeRTOS/Source/tasks.o
 .text.xTimerCreateTimerTask
                0x00000000080039a0       0x64 ./Thirdparty/FreeRTOS/Source/timers.o
                0x00000000080039a0                xTimerCreateTimerTask
 .text.prvReloadTimer
                0x0000000008003a04       0x42 ./Thirdparty/FreeRTOS/Source/timers.o
 *fill*         0x0000000008003a46        0x2 
 .text.prvProcessExpiredTimer
                0x0000000008003a48       0x60 ./Thirdparty/FreeRTOS/Source/timers.o
 .text.prvTimerTask
                0x0000000008003aa8       0x24 ./Thirdparty/FreeRTOS/Source/timers.o
 .text.prvProcessTimerOrBlockTask
                0x0000000008003acc       0x9c ./Thirdparty/FreeRTOS/Source/timers.o
 .text.prvGetNextExpireTime
                0x0000000008003b68       0x48 ./Thirdparty/FreeRTOS/Source/timers.o
 .text.prvSampleTimeNow
                0x0000000008003bb0       0x40 ./Thirdparty/FreeRTOS/Source/timers.o
 .text.prvInsertTimerInActiveList
                0x0000000008003bf0       0x84 ./Thirdparty/FreeRTOS/Source/timers.o
 .text.prvProcessReceivedCommands
                0x0000000008003c74      0x17c ./Thirdparty/FreeRTOS/Source/timers.o
 .text.prvSwitchTimerLists
                0x0000000008003df0       0x4c ./Thirdparty/FreeRTOS/Source/timers.o
 .text.prvCheckForValidListAndQueue
                0x0000000008003e3c       0x6c ./Thirdparty/FreeRTOS/Source/timers.o
 .text.pxPortInitialiseStack
                0x0000000008003ea8       0x68 ./Thirdparty/FreeRTOS/Source/portable/GCC/ARM_CM4F/port.o
                0x0000000008003ea8                pxPortInitialiseStack
 .text.prvTaskExitError
                0x0000000008003f10       0x58 ./Thirdparty/FreeRTOS/Source/portable/GCC/ARM_CM4F/port.o
 *fill*         0x0000000008003f68        0x8 
 .text.SVC_Handler
                0x0000000008003f70       0x28 ./Thirdparty/FreeRTOS/Source/portable/GCC/ARM_CM4F/port.o
                0x0000000008003f70                SVC_Handler
 .text.prvPortStartFirstTask
                0x0000000008003f98       0x2c ./Thirdparty/FreeRTOS/Source/portable/GCC/ARM_CM4F/port.o
 .text.xPortStartScheduler
                0x0000000008003fc4      0x144 ./Thirdparty/FreeRTOS/Source/portable/GCC/ARM_CM4F/port.o
                0x0000000008003fc4                xPortStartScheduler
 .text.vPortEnterCritical
                0x0000000008004108       0x60 ./Thirdparty/FreeRTOS/Source/portable/GCC/ARM_CM4F/port.o
                0x0000000008004108                vPortEnterCritical
 .text.vPortExitCritical
                0x0000000008004168       0x54 ./Thirdparty/FreeRTOS/Source/portable/GCC/ARM_CM4F/port.o
                0x0000000008004168                vPortExitCritical
 *fill*         0x00000000080041bc        0x4 
 .text.PendSV_Handler
                0x00000000080041c0       0x68 ./Thirdparty/FreeRTOS/Source/portable/GCC/ARM_CM4F/port.o
                0x00000000080041c0                PendSV_Handler
 .text.SysTick_Handler
                0x0000000008004228       0x44 ./Thirdparty/FreeRTOS/Source/portable/GCC/ARM_CM4F/port.o
                0x0000000008004228                SysTick_Handler
 .text.vPortSetupTimerInterrupt
                0x000000000800426c       0x48 ./Thirdparty/FreeRTOS/Source/portable/GCC/ARM_CM4F/port.o
                0x000000000800426c                vPortSetupTimerInterrupt
 .text.vPortEnableVFP
                0x00000000080042b4       0x18 ./Thirdparty/FreeRTOS/Source/portable/GCC/ARM_CM4F/port.o
 .text.pvPortMalloc
                0x00000000080042cc      0x174 ./Thirdparty/FreeRTOS/Source/portable/MemMang/heap_4.o
                0x00000000080042cc                pvPortMalloc
 .text.vPortFree
                0x0000000008004440       0xb8 ./Thirdparty/FreeRTOS/Source/portable/MemMang/heap_4.o
                0x0000000008004440                vPortFree
 .text.prvHeapInit
                0x00000000080044f8       0xb8 ./Thirdparty/FreeRTOS/Source/portable/MemMang/heap_4.o
 .text.prvInsertBlockIntoFreeList
                0x00000000080045b0       0xb4 ./Thirdparty/FreeRTOS/Source/portable/MemMang/heap_4.o
 .text.__libc_init_array
                0x0000000008004664       0x48 c:/st/stm32cubeide_1.11.0/stm32cubeide/plugins/com.st.stm32cube.ide.mcu.externaltools.gnu-tools-for-stm32.10.3-2021.10.win32_1.0.100.202210260954/tools/bin/../lib/gcc/arm-none-eabi/10.3.1/../../../../arm-none-eabi/lib/thumb/v7e-m+fp/hard\libc_nano.a(lib_a-init.o)
                0x0000000008004664                __libc_init_array
 .text.memcpy   0x00000000080046ac       0x1c c:/st/stm32cubeide_1.11.0/stm32cubeide/plugins/com.st.stm32cube.ide.mcu.externaltools.gnu-tools-for-stm32.10.3-2021.10.win32_1.0.100.202210260954/tools/bin/../lib/gcc/arm-none-eabi/10.3.1/../../../../arm-none-eabi/lib/thumb/v7e-m+fp/hard\libc_nano.a(lib_a-memcpy-stub.o)
                0x00000000080046ac                memcpy
 .text.memset   0x00000000080046c8       0x10 c:/st/stm32cubeide_1.11.0/stm32cubeide/plugins/com.st.stm32cube.ide.mcu.externaltools.gnu-tools-for-stm32.10.3-2021.10.win32_1.0.100.202210260954/tools/bin/../lib/gcc/arm-none-eabi/10.3.1/../../../../arm-none-eabi/lib/thumb/v7e-m+fp/hard\libc_nano.a(lib_a-memset.o)
                0x00000000080046c8                memset
 *(.glue_7)
 .glue_7        0x00000000080046d8        0x0 linker stubs
 *(.glue_7t)
 .glue_7t       0x00000000080046d8        0x0 linker stubs
 *(.eh_frame)
 .eh_frame      0x00000000080046d8        0x0 c:/st/stm32cubeide_1.11.0/stm32cubeide/plugins/com.st.stm32cube.ide.mcu.externaltools.gnu-tools-for-stm32.10.3-2021.10.win32_1.0.100.202210260954/tools/bin/../lib/gcc/arm-none-eabi/10.3.1/thumb/v7e-m+fp/hard/crtbegin.o
 *(.init)
 .init          0x00000000080046d8        0x4 c:/st/stm32cubeide_1.11.0/stm32cubeide/plugins/com.st.stm32cube.ide.mcu.externaltools.gnu-tools-for-stm32.10.3-2021.10.win32_1.0.100.202210260954/tools/bin/../lib/gcc/arm-none-eabi/10.3.1/thumb/v7e-m+fp/hard/crti.o
                0x00000000080046d8                _init
 .init          0x00000000080046dc        0x8 c:/st/stm32cubeide_1.11.0/stm32cubeide/plugins/com.st.stm32cube.ide.mcu.externaltools.gnu-tools-for-stm32.10.3-2021.10.win32_1.0.100.202210260954/tools/bin/../lib/gcc/arm-none-eabi/10.3.1/thumb/v7e-m+fp/hard/crtn.o
 *(.fini)
 .fini          0x00000000080046e4        0x4 c:/st/stm32cubeide_1.11.0/stm32cubeide/plugins/com.st.stm32cube.ide.mcu.externaltools.gnu-tools-for-stm32.10.3-2021.10.win32_1.0.100.202210260954/tools/bin/../lib/gcc/arm-none-eabi/10.3.1/thumb/v7e-m+fp/hard/crti.o
                0x00000000080046e4                _fini
 .fini          0x00000000080046e8        0x8 c:/st/stm32cubeide_1.11.0/stm32cubeide/plugins/com.st.stm32cube.ide.mcu.externaltools.gnu-tools-for-stm32.10.3-2021.10.win32_1.0.100.202210260954/tools/bin/../lib/gcc/arm-none-eabi/10.3.1/thumb/v7e-m+fp/hard/crtn.o
                0x00000000080046f0                . = ALIGN (0x4)
                0x00000000080046f0                _etext = .

.vfp11_veneer   0x00000000080046f0        0x0
 .vfp11_veneer  0x00000000080046f0        0x0 linker stubs

.v4_bx          0x00000000080046f0        0x0
 .v4_bx         0x00000000080046f0        0x0 linker stubs

.iplt           0x00000000080046f0        0x0
 .iplt          0x00000000080046f0        0x0 c:/st/stm32cubeide_1.11.0/stm32cubeide/plugins/com.st.stm32cube.ide.mcu.externaltools.gnu-tools-for-stm32.10.3-2021.10.win32_1.0.100.202210260954/tools/bin/../lib/gcc/arm-none-eabi/10.3.1/thumb/v7e-m+fp/hard/crtbegin.o

.rodata         0x00000000080046f0       0x7c
                0x00000000080046f0                . = ALIGN (0x4)
 *(.rodata)
 .rodata        0x00000000080046f0       0x4b ./Core/Src/main.o
 *fill*         0x000000000800473b        0x1 
 .rodata        0x000000000800473c        0x5 ./Thirdparty/FreeRTOS/Source/tasks.o
 *fill*         0x0000000008004741        0x3 
 .rodata        0x0000000008004744        0xd ./Thirdparty/FreeRTOS/Source/timers.o
 *(.rodata*)
 *fill*         0x0000000008004751        0x3 
 .rodata.AHBPrescTable
                0x0000000008004754       0x10 ./Core/Src/system_stm32f4xx.o
                0x0000000008004754                AHBPrescTable
 .rodata.APBPrescTable
                0x0000000008004764        0x8 ./Core/Src/system_stm32f4xx.o
                0x0000000008004764                APBPrescTable
                0x000000000800476c                . = ALIGN (0x4)

.ARM.extab      0x000000000800476c        0x0
                0x000000000800476c                . = ALIGN (0x4)
 *(.ARM.extab* .gnu.linkonce.armextab.*)
                0x000000000800476c                . = ALIGN (0x4)

.ARM            0x000000000800476c        0x8
                0x000000000800476c                . = ALIGN (0x4)
                0x000000000800476c                __exidx_start = .
 *(.ARM.exidx*)
 .ARM.exidx     0x000000000800476c        0x8 c:/st/stm32cubeide_1.11.0/stm32cubeide/plugins/com.st.stm32cube.ide.mcu.externaltools.gnu-tools-for-stm32.10.3-2021.10.win32_1.0.100.202210260954/tools/bin/../lib/gcc/arm-none-eabi/10.3.1/thumb/v7e-m+fp/hard\libgcc.a(_udivmoddi4.o)
                0x0000000008004774                __exidx_end = .
                0x0000000008004774                . = ALIGN (0x4)

.rel.dyn        0x0000000008004774        0x0
 .rel.iplt      0x0000000008004774        0x0 c:/st/stm32cubeide_1.11.0/stm32cubeide/plugins/com.st.stm32cube.ide.mcu.externaltools.gnu-tools-for-stm32.10.3-2021.10.win32_1.0.100.202210260954/tools/bin/../lib/gcc/arm-none-eabi/10.3.1/thumb/v7e-m+fp/hard/crtbegin.o

.preinit_array  0x0000000008004774        0x0
                0x0000000008004774                . = ALIGN (0x4)
                0x0000000008004774                PROVIDE (__preinit_array_start = .)
 *(.preinit_array*)
                0x0000000008004774                PROVIDE (__preinit_array_end = .)
                0x0000000008004774                . = ALIGN (0x4)

.init_array     0x0000000008004774        0x4
                0x0000000008004774                . = ALIGN (0x4)
                0x0000000008004774                PROVIDE (__init_array_start = .)
 *(SORT_BY_NAME(.init_array.*))
 *(.init_array*)
 .init_array    0x0000000008004774        0x4 c:/st/stm32cubeide_1.11.0/stm32cubeide/plugins/com.st.stm32cube.ide.mcu.externaltools.gnu-tools-for-stm32.10.3-2021.10.win32_1.0.100.202210260954/tools/bin/../lib/gcc/arm-none-eabi/10.3.1/thumb/v7e-m+fp/hard/crtbegin.o
                0x0000000008004778                PROVIDE (__init_array_end = .)
                0x0000000008004778                . = ALIGN (0x4)

.fini_array     0x0000000008004778        0x4
                0x0000000008004778                . = ALIGN (0x4)
                [!provide]                        PROVIDE (__fini_array_start = .)
 *(SORT_BY_NAME(.fini_array.*))
 *(.fini_array*)
 .fini_array    0x0000000008004778        0x4 c:/st/stm32cubeide_1.11.0/stm32cubeide/plugins/com.st.stm32cube.ide.mcu.externaltools.gnu-tools-for-stm32.10.3-2021.10.win32_1.0.100.202210260954/tools/bin/../lib/gcc/arm-none-eabi/10.3.1/thumb/v7e-m+fp/hard/crtbegin.o
                [!provide]                        PROVIDE (__fini_array_end = .)
                0x000000000800477c                . = ALIGN (0x4)
                0x000000000800477c                _sidata = LOADADDR (.data)

.data           0x0000000020000000       0x14 load address 0x000000000800477c
                0x0000000020000000                . = ALIGN (0x4)
                0x0000000020000000                _sdata = .
 *(.data)
 *(.data*)
 .data.SystemCoreClock
                0x0000000020000000        0x4 ./Core/Src/system_stm32f4xx.o
                0x0000000020000000                SystemCoreClock
 .data.uwTickPrio
                0x0000000020000004        0x4 ./Drivers/STM32F4xx_HAL_Driver/Src/stm32f4xx_hal.o
                0x0000000020000004                uwTickPrio
 .data.uwTickFreq
                0x0000000020000008        0x1 ./Drivers/STM32F4xx_HAL_Driver/Src/stm32f4xx_hal.o
                0x0000000020000008                uwTickFreq
 *fill*         0x0000000020000009        0x3 
 .data.uxTopUsedPriority
                0x000000002000000c        0x4 ./Thirdparty/FreeRTOS/Source/tasks.o
                0x000000002000000c                uxTopUsedPriority
 .data.uxCriticalNesting
                0x0000000020000010        0x4 ./Thirdparty/FreeRTOS/Source/portable/GCC/ARM_CM4F/port.o
 *(.RamFunc)
 *(.RamFunc*)
                0x0000000020000014                . = ALIGN (0x4)
                0x0000000020000014                _edata = .
                0x0000000008004790                _siccmram = LOADADDR (.ccmram)

.igot.plt       0x0000000020000014        0x0 load address 0x0000000008004790
 .igot.plt      0x0000000020000014        0x0 c:/st/stm32cubeide_1.11.0/stm32cubeide/plugins/com.st.stm32cube.ide.mcu.externaltools.gnu-tools-for-stm32.10.3-2021.10.win32_1.0.100.202210260954/tools/bin/../lib/gcc/arm-none-eabi/10.3.1/thumb/v7e-m+fp/hard/crtbegin.o

.ccmram         0x0000000010000000        0x0 load address 0x0000000008004790
                0x0000000010000000                . = ALIGN (0x4)
                0x0000000010000000                _sccmram = .
 *(.ccmram)
 *(.ccmram*)
                0x0000000010000000                . = ALIGN (0x4)
                0x0000000010000000                _eccmram = .
                0x0000000010000000                . = ALIGN (0x4)

.bss            0x0000000020000014    0x12e18
                0x0000000020000014                _sbss = .
                0x0000000020000014                __bss_start__ = _sbss
 *(.bss)
 .bss           0x0000000020000014       0x1c c:/st/stm32cubeide_1.11.0/stm32cubeide/plugins/com.st.stm32cube.ide.mcu.externaltools.gnu-tools-for-stm32.10.3-2021.10.win32_1.0.100.202210260954/tools/bin/../lib/gcc/arm-none-eabi/10.3.1/thumb/v7e-m+fp/hard/crtbegin.o
 *(.bss*)
 .bss.Task1Handle
                0x0000000020000030        0x4 ./Core/Src/main.o
                0x0000000020000030                Task1Handle
 .bss.Task2Handle
                0x0000000020000034        0x4 ./Core/Src/main.o
                0x0000000020000034                Task2Handle
 .bss.Task3Handle
                0x0000000020000038        0x4 ./Core/Src/main.o
                0x0000000020000038                Task3Handle
 .bss.htim6     0x000000002000003c       0x48 ./Core/Src/stm32f4xx_hal_timebase_tim.o
                0x000000002000003c                htim6
 .bss.uwTick    0x0000000020000084        0x4 ./Drivers/STM32F4xx_HAL_Driver/Src/stm32f4xx_hal.o
                0x0000000020000084                uwTick
 .bss.xQueueRegistry
                0x0000000020000088       0x40 ./Thirdparty/FreeRTOS/Source/queue.o
                0x0000000020000088                xQueueRegistry
 .bss.pxCurrentTCB
                0x00000000200000c8        0x4 ./Thirdparty/FreeRTOS/Source/tasks.o
                0x00000000200000c8                pxCurrentTCB
 .bss.pxReadyTasksLists
                0x00000000200000cc       0x64 ./Thirdparty/FreeRTOS/Source/tasks.o
 .bss.xDelayedTaskList1
                0x0000000020000130       0x14 ./Thirdparty/FreeRTOS/Source/tasks.o
 .bss.xDelayedTaskList2
                0x0000000020000144       0x14 ./Thirdparty/FreeRTOS/Source/tasks.o
 .bss.pxDelayedTaskList
                0x0000000020000158        0x4 ./Thirdparty/FreeRTOS/Source/tasks.o
 .bss.pxOverflowDelayedTaskList
                0x000000002000015c        0x4 ./Thirdparty/FreeRTOS/Source/tasks.o
 .bss.xPendingReadyList
                0x0000000020000160       0x14 ./Thirdparty/FreeRTOS/Source/tasks.o
 .bss.xTasksWaitingTermination
                0x0000000020000174       0x14 ./Thirdparty/FreeRTOS/Source/tasks.o
 .bss.uxDeletedTasksWaitingCleanUp
                0x0000000020000188        0x4 ./Thirdparty/FreeRTOS/Source/tasks.o
 .bss.xSuspendedTaskList
                0x000000002000018c       0x14 ./Thirdparty/FreeRTOS/Source/tasks.o
 .bss.uxCurrentNumberOfTasks
                0x00000000200001a0        0x4 ./Thirdparty/FreeRTOS/Source/tasks.o
 .bss.xTickCount
                0x00000000200001a4        0x4 ./Thirdparty/FreeRTOS/Source/tasks.o
 .bss.uxTopReadyPriority
                0x00000000200001a8        0x4 ./Thirdparty/FreeRTOS/Source/tasks.o
 .bss.xSchedulerRunning
                0x00000000200001ac        0x4 ./Thirdparty/FreeRTOS/Source/tasks.o
 .bss.xPendedTicks
                0x00000000200001b0        0x4 ./Thirdparty/FreeRTOS/Source/tasks.o
 .bss.xYieldPending
                0x00000000200001b4        0x4 ./Thirdparty/FreeRTOS/Source/tasks.o
 .bss.xNumOfOverflows
                0x00000000200001b8        0x4 ./Thirdparty/FreeRTOS/Source/tasks.o
 .bss.uxTaskNumber
                0x00000000200001bc        0x4 ./Thirdparty/FreeRTOS/Source/tasks.o
 .bss.xNextTaskUnblockTime
                0x00000000200001c0        0x4 ./Thirdparty/FreeRTOS/Source/tasks.o
 .bss.xIdleTaskHandle
                0x00000000200001c4        0x4 ./Thirdparty/FreeRTOS/Source/tasks.o
 .bss.uxSchedulerSuspended
                0x00000000200001c8        0x4 ./Thirdparty/FreeRTOS/Source/tasks.o
 .bss.xActiveTimerList1
                0x00000000200001cc       0x14 ./Thirdparty/FreeRTOS/Source/timers.o
 .bss.xActiveTimerList2
                0x00000000200001e0       0x14 ./Thirdparty/FreeRTOS/Source/timers.o
 .bss.pxCurrentTimerList
                0x00000000200001f4        0x4 ./Thirdparty/FreeRTOS/Source/timers.o
 .bss.pxOverflowTimerList
                0x00000000200001f8        0x4 ./Thirdparty/FreeRTOS/Source/timers.o
 .bss.xTimerQueue
                0x00000000200001fc        0x4 ./Thirdparty/FreeRTOS/Source/timers.o
 .bss.xTimerTaskHandle
                0x0000000020000200        0x4 ./Thirdparty/FreeRTOS/Source/timers.o
 .bss.xLastTime.0
                0x0000000020000204        0x4 ./Thirdparty/FreeRTOS/Source/timers.o
 .bss.ucMaxSysCallPriority
                0x0000000020000208        0x1 ./Thirdparty/FreeRTOS/Source/portable/GCC/ARM_CM4F/port.o
 *fill*         0x0000000020000209        0x3 
 .bss.ulMaxPRIGROUPValue
                0x000000002000020c        0x4 ./Thirdparty/FreeRTOS/Source/portable/GCC/ARM_CM4F/port.o
 .bss.ucHeap    0x0000000020000210    0x12c00 ./Thirdparty/FreeRTOS/Source/portable/MemMang/heap_4.o
 .bss.xStart    0x0000000020012e10        0x8 ./Thirdparty/FreeRTOS/Source/portable/MemMang/heap_4.o
 .bss.pxEnd     0x0000000020012e18        0x4 ./Thirdparty/FreeRTOS/Source/portable/MemMang/heap_4.o
 .bss.xFreeBytesRemaining
                0x0000000020012e1c        0x4 ./Thirdparty/FreeRTOS/Source/portable/MemMang/heap_4.o
 .bss.xMinimumEverFreeBytesRemaining
                0x0000000020012e20        0x4 ./Thirdparty/FreeRTOS/Source/portable/MemMang/heap_4.o
 .bss.xNumberOfSuccessfulAllocations
                0x0000000020012e24        0x4 ./Thirdparty/FreeRTOS/Source/portable/MemMang/heap_4.o
 .bss.xNumberOfSuccessfulFrees
                0x0000000020012e28        0x4 ./Thirdparty/FreeRTOS/Source/portable/MemMang/heap_4.o
 *(COMMON)
                0x0000000020012e2c                . = ALIGN (0x4)
                0x0000000020012e2c                _ebss = .
                0x0000000020012e2c                __bss_end__ = _ebss

._user_heap_stack
                0x0000000020012e2c      0x604
                0x0000000020012e30                . = ALIGN (0x8)
 *fill*         0x0000000020012e2c        0x4 
                [!provide]                        PROVIDE (end = .)
                [!provide]                        PROVIDE (_end = .)
                0x0000000020013030                . = (. + _Min_Heap_Size)
 *fill*         0x0000000020012e30      0x200 
                0x0000000020013430                . = (. + _Min_Stack_Size)
 *fill*         0x0000000020013030      0x400 
                0x0000000020013430                . = ALIGN (0x8)

/DISCARD/
 libc.a(*)
 libm.a(*)
 libgcc.a(*)

.ARM.attributes
                0x0000000000000000       0x30
 *(.ARM.attributes)
 .ARM.attributes
                0x0000000000000000       0x1e c:/st/stm32cubeide_1.11.0/stm32cubeide/plugins/com.st.stm32cube.ide.mcu.externaltools.gnu-tools-for-stm32.10.3-2021.10.win32_1.0.100.202210260954/tools/bin/../lib/gcc/arm-none-eabi/10.3.1/thumb/v7e-m+fp/hard/crti.o
 .ARM.attributes
                0x000000000000001e       0x34 c:/st/stm32cubeide_1.11.0/stm32cubeide/plugins/com.st.stm32cube.ide.mcu.externaltools.gnu-tools-for-stm32.10.3-2021.10.win32_1.0.100.202210260954/tools/bin/../lib/gcc/arm-none-eabi/10.3.1/thumb/v7e-m+fp/hard/crtbegin.o
 .ARM.attributes
                0x0000000000000052       0x34 ./Core/Src/cmn.o
 .ARM.attributes
                0x0000000000000086       0x34 ./Core/Src/lcd.o
 .ARM.attributes
                0x00000000000000ba       0x34 ./Core/Src/main.o
 .ARM.attributes
                0x00000000000000ee       0x34 ./Core/Src/stm32f4xx_hal_msp.o
 .ARM.attributes
                0x0000000000000122       0x34 ./Core/Src/stm32f4xx_hal_timebase_tim.o
 .ARM.attributes
                0x0000000000000156       0x34 ./Core/Src/stm32f4xx_it.o
 .ARM.attributes
                0x000000000000018a       0x34 ./Core/Src/system_stm32f4xx.o
 .ARM.attributes
                0x00000000000001be       0x21 ./Core/Startup/startup_stm32f405rgtx.o
 .ARM.attributes
                0x00000000000001df       0x34 ./Drivers/STM32F4xx_HAL_Driver/Src/stm32f4xx_hal.o
 .ARM.attributes
                0x0000000000000213       0x34 ./Drivers/STM32F4xx_HAL_Driver/Src/stm32f4xx_hal_cortex.o
 .ARM.attributes
                0x0000000000000247       0x34 ./Drivers/STM32F4xx_HAL_Driver/Src/stm32f4xx_hal_gpio.o
 .ARM.attributes
                0x000000000000027b       0x34 ./Drivers/STM32F4xx_HAL_Driver/Src/stm32f4xx_hal_rcc.o
 .ARM.attributes
                0x00000000000002af       0x34 ./Drivers/STM32F4xx_HAL_Driver/Src/stm32f4xx_hal_tim.o
 .ARM.attributes
                0x00000000000002e3       0x34 ./Drivers/STM32F4xx_HAL_Driver/Src/stm32f4xx_hal_tim_ex.o
 .ARM.attributes
                0x0000000000000317       0x34 ./Thirdparty/FreeRTOS/Source/list.o
 .ARM.attributes
                0x000000000000034b       0x34 ./Thirdparty/FreeRTOS/Source/queue.o
 .ARM.attributes
                0x000000000000037f       0x34 ./Thirdparty/FreeRTOS/Source/tasks.o
 .ARM.attributes
                0x00000000000003b3       0x34 ./Thirdparty/FreeRTOS/Source/timers.o
 .ARM.attributes
                0x00000000000003e7       0x34 ./Thirdparty/FreeRTOS/Source/portable/GCC/ARM_CM4F/port.o
 .ARM.attributes
                0x000000000000041b       0x34 ./Thirdparty/FreeRTOS/Source/portable/MemMang/heap_4.o
 .ARM.attributes
                0x000000000000044f       0x34 c:/st/stm32cubeide_1.11.0/stm32cubeide/plugins/com.st.stm32cube.ide.mcu.externaltools.gnu-tools-for-stm32.10.3-2021.10.win32_1.0.100.202210260954/tools/bin/../lib/gcc/arm-none-eabi/10.3.1/../../../../arm-none-eabi/lib/thumb/v7e-m+fp/hard\libc_nano.a(lib_a-init.o)
 .ARM.attributes
                0x0000000000000483       0x34 c:/st/stm32cubeide_1.11.0/stm32cubeide/plugins/com.st.stm32cube.ide.mcu.externaltools.gnu-tools-for-stm32.10.3-2021.10.win32_1.0.100.202210260954/tools/bin/../lib/gcc/arm-none-eabi/10.3.1/../../../../arm-none-eabi/lib/thumb/v7e-m+fp/hard\libc_nano.a(lib_a-memcpy-stub.o)
 .ARM.attributes
                0x00000000000004b7       0x34 c:/st/stm32cubeide_1.11.0/stm32cubeide/plugins/com.st.stm32cube.ide.mcu.externaltools.gnu-tools-for-stm32.10.3-2021.10.win32_1.0.100.202210260954/tools/bin/../lib/gcc/arm-none-eabi/10.3.1/../../../../arm-none-eabi/lib/thumb/v7e-m+fp/hard\libc_nano.a(lib_a-memset.o)
 .ARM.attributes
                0x00000000000004eb       0x1e c:/st/stm32cubeide_1.11.0/stm32cubeide/plugins/com.st.stm32cube.ide.mcu.externaltools.gnu-tools-for-stm32.10.3-2021.10.win32_1.0.100.202210260954/tools/bin/../lib/gcc/arm-none-eabi/10.3.1/thumb/v7e-m+fp/hard\libgcc.a(_aeabi_uldivmod.o)
 .ARM.attributes
                0x0000000000000509       0x34 c:/st/stm32cubeide_1.11.0/stm32cubeide/plugins/com.st.stm32cube.ide.mcu.externaltools.gnu-tools-for-stm32.10.3-2021.10.win32_1.0.100.202210260954/tools/bin/../lib/gcc/arm-none-eabi/10.3.1/thumb/v7e-m+fp/hard\libgcc.a(_udivmoddi4.o)
 .ARM.attributes
                0x000000000000053d       0x1e c:/st/stm32cubeide_1.11.0/stm32cubeide/plugins/com.st.stm32cube.ide.mcu.externaltools.gnu-tools-for-stm32.10.3-2021.10.win32_1.0.100.202210260954/tools/bin/../lib/gcc/arm-none-eabi/10.3.1/thumb/v7e-m+fp/hard\libgcc.a(_dvmd_tls.o)
 .ARM.attributes
                0x000000000000055b       0x1e c:/st/stm32cubeide_1.11.0/stm32cubeide/plugins/com.st.stm32cube.ide.mcu.externaltools.gnu-tools-for-stm32.10.3-2021.10.win32_1.0.100.202210260954/tools/bin/../lib/gcc/arm-none-eabi/10.3.1/thumb/v7e-m+fp/hard/crtn.o
OUTPUT(RTOSTEST.elf elf32-littlearm)
LOAD linker stubs
LOAD c:/st/stm32cubeide_1.11.0/stm32cubeide/plugins/com.st.stm32cube.ide.mcu.externaltools.gnu-tools-for-stm32.10.3-2021.10.win32_1.0.100.202210260954/tools/bin/../lib/gcc/arm-none-eabi/10.3.1/../../../../arm-none-eabi/lib/thumb/v7e-m+fp/hard\libc.a
LOAD c:/st/stm32cubeide_1.11.0/stm32cubeide/plugins/com.st.stm32cube.ide.mcu.externaltools.gnu-tools-for-stm32.10.3-2021.10.win32_1.0.100.202210260954/tools/bin/../lib/gcc/arm-none-eabi/10.3.1/../../../../arm-none-eabi/lib/thumb/v7e-m+fp/hard\libm.a
LOAD c:/st/stm32cubeide_1.11.0/stm32cubeide/plugins/com.st.stm32cube.ide.mcu.externaltools.gnu-tools-for-stm32.10.3-2021.10.win32_1.0.100.202210260954/tools/bin/../lib/gcc/arm-none-eabi/10.3.1/thumb/v7e-m+fp/hard\libgcc.a

.debug_info     0x0000000000000000     0xf65d
 .debug_info    0x0000000000000000      0x34d ./Core/Src/cmn.o
 .debug_info    0x000000000000034d      0x498 ./Core/Src/lcd.o
 .debug_info    0x00000000000007e5      0xe84 ./Core/Src/main.o
 .debug_info    0x0000000000001669      0x2a8 ./Core/Src/stm32f4xx_hal_msp.o
 .debug_info    0x0000000000001911      0xc39 ./Core/Src/stm32f4xx_hal_timebase_tim.o
 .debug_info    0x000000000000254a      0x6f8 ./Core/Src/stm32f4xx_it.o
 .debug_info    0x0000000000002c42      0x523 ./Core/Src/system_stm32f4xx.o
 .debug_info    0x0000000000003165       0x22 ./Core/Startup/startup_stm32f405rgtx.o
 .debug_info    0x0000000000003187      0x96a ./Drivers/STM32F4xx_HAL_Driver/Src/stm32f4xx_hal.o
 .debug_info    0x0000000000003af1      0xe09 ./Drivers/STM32F4xx_HAL_Driver/Src/stm32f4xx_hal_cortex.o
 .debug_info    0x00000000000048fa      0x76a ./Drivers/STM32F4xx_HAL_Driver/Src/stm32f4xx_hal_gpio.o
 .debug_info    0x0000000000005064      0x966 ./Drivers/STM32F4xx_HAL_Driver/Src/stm32f4xx_hal_rcc.o
 .debug_info    0x00000000000059ca     0x2bbe ./Drivers/STM32F4xx_HAL_Driver/Src/stm32f4xx_hal_tim.o
 .debug_info    0x0000000000008588     0x15e0 ./Drivers/STM32F4xx_HAL_Driver/Src/stm32f4xx_hal_tim_ex.o
 .debug_info    0x0000000000009b68      0x2d1 ./Thirdparty/FreeRTOS/Source/list.o
 .debug_info    0x0000000000009e39     0x196b ./Thirdparty/FreeRTOS/Source/queue.o
 .debug_info    0x000000000000b7a4     0x25ab ./Thirdparty/FreeRTOS/Source/tasks.o
 .debug_info    0x000000000000dd4f      0xeaf ./Thirdparty/FreeRTOS/Source/timers.o
 .debug_info    0x000000000000ebfe      0x507 ./Thirdparty/FreeRTOS/Source/portable/GCC/ARM_CM4F/port.o
 .debug_info    0x000000000000f105      0x558 ./Thirdparty/FreeRTOS/Source/portable/MemMang/heap_4.o

.debug_abbrev   0x0000000000000000     0x276f
 .debug_abbrev  0x0000000000000000      0x125 ./Core/Src/cmn.o
 .debug_abbrev  0x0000000000000125      0x13d ./Core/Src/lcd.o
 .debug_abbrev  0x0000000000000262      0x28b ./Core/Src/main.o
 .debug_abbrev  0x00000000000004ed       0xd4 ./Core/Src/stm32f4xx_hal_msp.o
 .debug_abbrev  0x00000000000005c1      0x1e6 ./Core/Src/stm32f4xx_hal_timebase_tim.o
 .debug_abbrev  0x00000000000007a7      0x171 ./Core/Src/stm32f4xx_it.o
 .debug_abbrev  0x0000000000000918      0x116 ./Core/Src/system_stm32f4xx.o
 .debug_abbrev  0x0000000000000a2e       0x12 ./Core/Startup/startup_stm32f405rgtx.o
 .debug_abbrev  0x0000000000000a40      0x20d ./Drivers/STM32F4xx_HAL_Driver/Src/stm32f4xx_hal.o
 .debug_abbrev  0x0000000000000c4d      0x316 ./Drivers/STM32F4xx_HAL_Driver/Src/stm32f4xx_hal_cortex.o
 .debug_abbrev  0x0000000000000f63      0x1c4 ./Drivers/STM32F4xx_HAL_Driver/Src/stm32f4xx_hal_gpio.o
 .debug_abbrev  0x0000000000001127      0x2aa ./Drivers/STM32F4xx_HAL_Driver/Src/stm32f4xx_hal_rcc.o
 .debug_abbrev  0x00000000000013d1      0x25d ./Drivers/STM32F4xx_HAL_Driver/Src/stm32f4xx_hal_tim.o
 .debug_abbrev  0x000000000000162e      0x265 ./Drivers/STM32F4xx_HAL_Driver/Src/stm32f4xx_hal_tim_ex.o
 .debug_abbrev  0x0000000000001893       0xf2 ./Thirdparty/FreeRTOS/Source/list.o
 .debug_abbrev  0x0000000000001985      0x312 ./Thirdparty/FreeRTOS/Source/queue.o
 .debug_abbrev  0x0000000000001c97      0x36c ./Thirdparty/FreeRTOS/Source/tasks.o
 .debug_abbrev  0x0000000000002003      0x2c5 ./Thirdparty/FreeRTOS/Source/timers.o
 .debug_abbrev  0x00000000000022c8      0x259 ./Thirdparty/FreeRTOS/Source/portable/GCC/ARM_CM4F/port.o
 .debug_abbrev  0x0000000000002521      0x24e ./Thirdparty/FreeRTOS/Source/portable/MemMang/heap_4.o

.debug_aranges  0x0000000000000000      0xf38
 .debug_aranges
                0x0000000000000000       0x60 ./Core/Src/cmn.o
 .debug_aranges
                0x0000000000000060       0x40 ./Core/Src/lcd.o
 .debug_aranges
                0x00000000000000a0       0x58 ./Core/Src/main.o
 .debug_aranges
                0x00000000000000f8       0x20 ./Core/Src/stm32f4xx_hal_msp.o
 .debug_aranges
                0x0000000000000118       0x30 ./Core/Src/stm32f4xx_hal_timebase_tim.o
 .debug_aranges
                0x0000000000000148       0x50 ./Core/Src/stm32f4xx_it.o
 .debug_aranges
                0x0000000000000198       0x28 ./Core/Src/system_stm32f4xx.o
 .debug_aranges
                0x00000000000001c0       0x28 ./Core/Startup/startup_stm32f405rgtx.o
 .debug_aranges
                0x00000000000001e8       0xf0 ./Drivers/STM32F4xx_HAL_Driver/Src/stm32f4xx_hal.o
 .debug_aranges
                0x00000000000002d8      0x118 ./Drivers/STM32F4xx_HAL_Driver/Src/stm32f4xx_hal_cortex.o
 .debug_aranges
                0x00000000000003f0       0x58 ./Drivers/STM32F4xx_HAL_Driver/Src/stm32f4xx_hal_gpio.o
 .debug_aranges
                0x0000000000000448       0x88 ./Drivers/STM32F4xx_HAL_Driver/Src/stm32f4xx_hal_rcc.o
 .debug_aranges
                0x00000000000004d0      0x3d0 ./Drivers/STM32F4xx_HAL_Driver/Src/stm32f4xx_hal_tim.o
 .debug_aranges
                0x00000000000008a0      0x168 ./Drivers/STM32F4xx_HAL_Driver/Src/stm32f4xx_hal_tim_ex.o
 .debug_aranges
                0x0000000000000a08       0x40 ./Thirdparty/FreeRTOS/Source/list.o
 .debug_aranges
                0x0000000000000a48      0x130 ./Thirdparty/FreeRTOS/Source/queue.o
 .debug_aranges
                0x0000000000000b78      0x1f8 ./Thirdparty/FreeRTOS/Source/tasks.o
 .debug_aranges
                0x0000000000000d70       0xe8 ./Thirdparty/FreeRTOS/Source/timers.o
 .debug_aranges
                0x0000000000000e58       0x80 ./Thirdparty/FreeRTOS/Source/portable/GCC/ARM_CM4F/port.o
 .debug_aranges
                0x0000000000000ed8       0x60 ./Thirdparty/FreeRTOS/Source/portable/MemMang/heap_4.o

.debug_ranges   0x0000000000000000      0xe00
 .debug_ranges  0x0000000000000000       0x50 ./Core/Src/cmn.o
 .debug_ranges  0x0000000000000050       0x30 ./Core/Src/lcd.o
 .debug_ranges  0x0000000000000080       0x48 ./Core/Src/main.o
 .debug_ranges  0x00000000000000c8       0x10 ./Core/Src/stm32f4xx_hal_msp.o
 .debug_ranges  0x00000000000000d8       0x20 ./Core/Src/stm32f4xx_hal_timebase_tim.o
 .debug_ranges  0x00000000000000f8       0x40 ./Core/Src/stm32f4xx_it.o
 .debug_ranges  0x0000000000000138       0x18 ./Core/Src/system_stm32f4xx.o
 .debug_ranges  0x0000000000000150       0x20 ./Core/Startup/startup_stm32f405rgtx.o
 .debug_ranges  0x0000000000000170       0xe0 ./Drivers/STM32F4xx_HAL_Driver/Src/stm32f4xx_hal.o
 .debug_ranges  0x0000000000000250      0x108 ./Drivers/STM32F4xx_HAL_Driver/Src/stm32f4xx_hal_cortex.o
 .debug_ranges  0x0000000000000358       0x48 ./Drivers/STM32F4xx_HAL_Driver/Src/stm32f4xx_hal_gpio.o
 .debug_ranges  0x00000000000003a0       0x78 ./Drivers/STM32F4xx_HAL_Driver/Src/stm32f4xx_hal_rcc.o
 .debug_ranges  0x0000000000000418      0x3c0 ./Drivers/STM32F4xx_HAL_Driver/Src/stm32f4xx_hal_tim.o
 .debug_ranges  0x00000000000007d8      0x158 ./Drivers/STM32F4xx_HAL_Driver/Src/stm32f4xx_hal_tim_ex.o
 .debug_ranges  0x0000000000000930       0x30 ./Thirdparty/FreeRTOS/Source/list.o
 .debug_ranges  0x0000000000000960      0x120 ./Thirdparty/FreeRTOS/Source/queue.o
 .debug_ranges  0x0000000000000a80      0x1e8 ./Thirdparty/FreeRTOS/Source/tasks.o
 .debug_ranges  0x0000000000000c68       0xd8 ./Thirdparty/FreeRTOS/Source/timers.o
 .debug_ranges  0x0000000000000d40       0x70 ./Thirdparty/FreeRTOS/Source/portable/GCC/ARM_CM4F/port.o
 .debug_ranges  0x0000000000000db0       0x50 ./Thirdparty/FreeRTOS/Source/portable/MemMang/heap_4.o

.debug_macro    0x0000000000000000    0x1f9ec
 .debug_macro   0x0000000000000000       0xcf ./Core/Src/cmn.o
 .debug_macro   0x00000000000000cf      0xa78 ./Core/Src/cmn.o
 .debug_macro   0x0000000000000b47       0x2f ./Core/Src/cmn.o
 .debug_macro   0x0000000000000b76       0x22 ./Core/Src/cmn.o
 .debug_macro   0x0000000000000b98       0x8e ./Core/Src/cmn.o
 .debug_macro   0x0000000000000c26       0x51 ./Core/Src/cmn.o
 .debug_macro   0x0000000000000c77      0x103 ./Core/Src/cmn.o
 .debug_macro   0x0000000000000d7a       0x6a ./Core/Src/cmn.o
 .debug_macro   0x0000000000000de4      0x1df ./Core/Src/cmn.o
 .debug_macro   0x0000000000000fc3       0x1c ./Core/Src/cmn.o
 .debug_macro   0x0000000000000fdf       0x22 ./Core/Src/cmn.o
 .debug_macro   0x0000000000001001       0xd9 ./Core/Src/cmn.o
 .debug_macro   0x00000000000010da     0x102d ./Core/Src/cmn.o
 .debug_macro   0x0000000000002107      0x11f ./Core/Src/cmn.o
 .debug_macro   0x0000000000002226    0x1426d ./Core/Src/cmn.o
 .debug_macro   0x0000000000016493       0xd7 ./Core/Src/lcd.o
 .debug_macro   0x000000000001656a       0x4c ./Core/Src/lcd.o
 .debug_macro   0x00000000000165b6       0x10 ./Core/Src/lcd.o
 .debug_macro   0x00000000000165c6      0x24e ./Core/Src/main.o
 .debug_macro   0x0000000000016814      0x295 ./Core/Src/main.o
 .debug_macro   0x0000000000016aa9       0x2e ./Core/Src/main.o
 .debug_macro   0x0000000000016ad7       0x6d ./Core/Src/main.o
 .debug_macro   0x0000000000016b44     0x367e ./Core/Src/main.o
 .debug_macro   0x000000000001a1c2      0x174 ./Core/Src/main.o
 .debug_macro   0x000000000001a336       0x5c ./Core/Src/main.o
 .debug_macro   0x000000000001a392      0x8a7 ./Core/Src/main.o
 .debug_macro   0x000000000001ac39      0x9fe ./Core/Src/main.o
 .debug_macro   0x000000000001b637      0x115 ./Core/Src/main.o
 .debug_macro   0x000000000001b74c      0x130 ./Core/Src/main.o
 .debug_macro   0x000000000001b87c       0xa5 ./Core/Src/main.o
 .debug_macro   0x000000000001b921      0x174 ./Core/Src/main.o
 .debug_macro   0x000000000001ba95      0x287 ./Core/Src/main.o
 .debug_macro   0x000000000001bd1c       0x5f ./Core/Src/main.o
 .debug_macro   0x000000000001bd7b      0x236 ./Core/Src/main.o
 .debug_macro   0x000000000001bfb1      0x12c ./Core/Src/main.o
 .debug_macro   0x000000000001c0dd      0x21e ./Core/Src/main.o
 .debug_macro   0x000000000001c2fb       0x2e ./Core/Src/main.o
 .debug_macro   0x000000000001c329      0x11a ./Core/Src/main.o
 .debug_macro   0x000000000001c443       0x7e ./Core/Src/main.o
 .debug_macro   0x000000000001c4c1       0x89 ./Core/Src/main.o
 .debug_macro   0x000000000001c54a      0x8e6 ./Core/Src/main.o
 .debug_macro   0x000000000001ce30       0x47 ./Core/Src/main.o
 .debug_macro   0x000000000001ce77      0x12d ./Core/Src/main.o
 .debug_macro   0x000000000001cfa4       0xfa ./Core/Src/main.o
 .debug_macro   0x000000000001d09e      0x15a ./Core/Src/main.o
 .debug_macro   0x000000000001d1f8       0xea ./Core/Src/main.o
 .debug_macro   0x000000000001d2e2       0x28 ./Core/Src/main.o
 .debug_macro   0x000000000001d30a       0x1f ./Core/Src/main.o
 .debug_macro   0x000000000001d329       0x12 ./Core/Src/main.o
 .debug_macro   0x000000000001d33b      0x52d ./Core/Src/main.o
 .debug_macro   0x000000000001d868       0xc3 ./Core/Src/main.o
 .debug_macro   0x000000000001d92b      0x120 ./Core/Src/main.o
 .debug_macro   0x000000000001da4b      0x1ce ./Core/Src/stm32f4xx_hal_msp.o
 .debug_macro   0x000000000001dc19      0x1c4 ./Core/Src/stm32f4xx_hal_timebase_tim.o
 .debug_macro   0x000000000001dddd      0x1d8 ./Core/Src/stm32f4xx_it.o
 .debug_macro   0x000000000001dfb5      0x1c4 ./Core/Src/system_stm32f4xx.o
 .debug_macro   0x000000000001e179      0x224 ./Drivers/STM32F4xx_HAL_Driver/Src/stm32f4xx_hal.o
 .debug_macro   0x000000000001e39d      0x1c4 ./Drivers/STM32F4xx_HAL_Driver/Src/stm32f4xx_hal_cortex.o
 .debug_macro   0x000000000001e561      0x1ca ./Drivers/STM32F4xx_HAL_Driver/Src/stm32f4xx_hal_gpio.o
 .debug_macro   0x000000000001e72b      0x1e8 ./Drivers/STM32F4xx_HAL_Driver/Src/stm32f4xx_hal_rcc.o
 .debug_macro   0x000000000001e913      0x1c5 ./Drivers/STM32F4xx_HAL_Driver/Src/stm32f4xx_hal_tim.o
 .debug_macro   0x000000000001ead8      0x1c4 ./Drivers/STM32F4xx_HAL_Driver/Src/stm32f4xx_hal_tim_ex.o
 .debug_macro   0x000000000001ec9c      0x198 ./Thirdparty/FreeRTOS/Source/list.o
 .debug_macro   0x000000000001ee34      0x22f ./Thirdparty/FreeRTOS/Source/queue.o
 .debug_macro   0x000000000001f063       0x16 ./Thirdparty/FreeRTOS/Source/queue.o
 .debug_macro   0x000000000001f079       0x20 ./Thirdparty/FreeRTOS/Source/queue.o
 .debug_macro   0x000000000001f099       0x80 ./Thirdparty/FreeRTOS/Source/queue.o
 .debug_macro   0x000000000001f119      0x27e ./Thirdparty/FreeRTOS/Source/tasks.o
 .debug_macro   0x000000000001f397       0x17 ./Thirdparty/FreeRTOS/Source/tasks.o
 .debug_macro   0x000000000001f3ae      0x1e7 ./Thirdparty/FreeRTOS/Source/timers.o
 .debug_macro   0x000000000001f595       0x97 ./Thirdparty/FreeRTOS/Source/timers.o
 .debug_macro   0x000000000001f62c      0x1a7 ./Thirdparty/FreeRTOS/Source/portable/GCC/ARM_CM4F/port.o
 .debug_macro   0x000000000001f7d3      0x219 ./Thirdparty/FreeRTOS/Source/portable/MemMang/heap_4.o

.debug_line     0x0000000000000000    0x10a95
 .debug_line    0x0000000000000000      0x5ef ./Core/Src/cmn.o
 .debug_line    0x00000000000005ef      0x597 ./Core/Src/lcd.o
 .debug_line    0x0000000000000b86      0x998 ./Core/Src/main.o
 .debug_line    0x000000000000151e      0x6ab ./Core/Src/stm32f4xx_hal_msp.o
 .debug_line    0x0000000000001bc9      0x725 ./Core/Src/stm32f4xx_hal_timebase_tim.o
 .debug_line    0x00000000000022ee      0x748 ./Core/Src/stm32f4xx_it.o
 .debug_line    0x0000000000002a36      0x72d ./Core/Src/system_stm32f4xx.o
 .debug_line    0x0000000000003163       0x88 ./Core/Startup/startup_stm32f405rgtx.o
 .debug_line    0x00000000000031eb      0x993 ./Drivers/STM32F4xx_HAL_Driver/Src/stm32f4xx_hal.o
 .debug_line    0x0000000000003b7e      0xc42 ./Drivers/STM32F4xx_HAL_Driver/Src/stm32f4xx_hal_cortex.o
 .debug_line    0x00000000000047c0      0xb07 ./Drivers/STM32F4xx_HAL_Driver/Src/stm32f4xx_hal_gpio.o
 .debug_line    0x00000000000052c7      0xd0d ./Drivers/STM32F4xx_HAL_Driver/Src/stm32f4xx_hal_rcc.o
 .debug_line    0x0000000000005fd4     0x3687 ./Drivers/STM32F4xx_HAL_Driver/Src/stm32f4xx_hal_tim.o
 .debug_line    0x000000000000965b     0x1990 ./Drivers/STM32F4xx_HAL_Driver/Src/stm32f4xx_hal_tim_ex.o
 .debug_line    0x000000000000afeb      0x77b ./Thirdparty/FreeRTOS/Source/list.o
 .debug_line    0x000000000000b766     0x1687 ./Thirdparty/FreeRTOS/Source/queue.o
 .debug_line    0x000000000000cded     0x1daf ./Thirdparty/FreeRTOS/Source/tasks.o
 .debug_line    0x000000000000eb9c      0xc9d ./Thirdparty/FreeRTOS/Source/timers.o
 .debug_line    0x000000000000f839      0x85d ./Thirdparty/FreeRTOS/Source/portable/GCC/ARM_CM4F/port.o
 .debug_line    0x0000000000010096      0x9ff ./Thirdparty/FreeRTOS/Source/portable/MemMang/heap_4.o

.debug_str      0x0000000000000000    0xc5d0b
 .debug_str     0x0000000000000000    0x7d785 ./Core/Src/cmn.o
                                      0x7d8fc (size before relaxing)
 .debug_str     0x000000000007d785      0x1cf ./Core/Src/lcd.o
                                      0x7da82 (size before relaxing)
 .debug_str     0x000000000007d954    0x3ea18 ./Core/Src/main.o
                                      0xbc627 (size before relaxing)
 .debug_str     0x00000000000bc36c       0x2c ./Core/Src/stm32f4xx_hal_msp.o
                                      0xb6d15 (size before relaxing)
 .debug_str     0x00000000000bc398      0x5e9 ./Core/Src/stm32f4xx_hal_timebase_tim.o
                                      0xb789b (size before relaxing)
 .debug_str     0x00000000000bc981       0xb9 ./Core/Src/stm32f4xx_it.o
                                      0xb71c6 (size before relaxing)
 .debug_str     0x00000000000bca3a       0xdb ./Core/Src/system_stm32f4xx.o
                                      0xb6dc5 (size before relaxing)
 .debug_str     0x00000000000bcb15       0x36 ./Core/Startup/startup_stm32f405rgtx.o
                                         0x6d (size before relaxing)
 .debug_str     0x00000000000bcb4b      0x5d3 ./Drivers/STM32F4xx_HAL_Driver/Src/stm32f4xx_hal.o
                                      0xb7928 (size before relaxing)
 .debug_str     0x00000000000bd11e      0x33a ./Drivers/STM32F4xx_HAL_Driver/Src/stm32f4xx_hal_cortex.o
                                      0xb765b (size before relaxing)
 .debug_str     0x00000000000bd458      0x131 ./Drivers/STM32F4xx_HAL_Driver/Src/stm32f4xx_hal_gpio.o
                                      0xb6f40 (size before relaxing)
 .debug_str     0x00000000000bd589      0x1fd ./Drivers/STM32F4xx_HAL_Driver/Src/stm32f4xx_hal_rcc.o
                                      0xb71f9 (size before relaxing)
 .debug_str     0x00000000000bd786      0xe69 ./Drivers/STM32F4xx_HAL_Driver/Src/stm32f4xx_hal_tim.o
                                      0xb813f (size before relaxing)
 .debug_str     0x00000000000be5ef      0x503 ./Drivers/STM32F4xx_HAL_Driver/Src/stm32f4xx_hal_tim_ex.o
                                      0xb795b (size before relaxing)
 .debug_str     0x00000000000beaf2     0x300f ./Thirdparty/FreeRTOS/Source/list.o
                                       0xacbe (size before relaxing)
 .debug_str     0x00000000000c1b01     0x146a ./Thirdparty/FreeRTOS/Source/queue.o
                                       0xd3bd (size before relaxing)
 .debug_str     0x00000000000c2f6b     0x1a9a ./Thirdparty/FreeRTOS/Source/tasks.o
                                       0xddcf (size before relaxing)
 .debug_str     0x00000000000c4a05      0x54b ./Thirdparty/FreeRTOS/Source/timers.o
                                       0xd53d (size before relaxing)
 .debug_str     0x00000000000c4f50      0x7dd ./Thirdparty/FreeRTOS/Source/portable/GCC/ARM_CM4F/port.o
                                       0x982d (size before relaxing)
 .debug_str     0x00000000000c572d      0x5de ./Thirdparty/FreeRTOS/Source/portable/MemMang/heap_4.o
                                       0xc4e8 (size before relaxing)

.comment        0x0000000000000000       0x50
 .comment       0x0000000000000000       0x50 ./Core/Src/cmn.o
                                         0x51 (size before relaxing)
 .comment       0x0000000000000050       0x51 ./Core/Src/lcd.o
 .comment       0x0000000000000050       0x51 ./Core/Src/main.o
 .comment       0x0000000000000050       0x51 ./Core/Src/stm32f4xx_hal_msp.o
 .comment       0x0000000000000050       0x51 ./Core/Src/stm32f4xx_hal_timebase_tim.o
 .comment       0x0000000000000050       0x51 ./Core/Src/stm32f4xx_it.o
 .comment       0x0000000000000050       0x51 ./Core/Src/system_stm32f4xx.o
 .comment       0x0000000000000050       0x51 ./Drivers/STM32F4xx_HAL_Driver/Src/stm32f4xx_hal.o
 .comment       0x0000000000000050       0x51 ./Drivers/STM32F4xx_HAL_Driver/Src/stm32f4xx_hal_cortex.o
 .comment       0x0000000000000050       0x51 ./Drivers/STM32F4xx_HAL_Driver/Src/stm32f4xx_hal_gpio.o
 .comment       0x0000000000000050       0x51 ./Drivers/STM32F4xx_HAL_Driver/Src/stm32f4xx_hal_rcc.o
 .comment       0x0000000000000050       0x51 ./Drivers/STM32F4xx_HAL_Driver/Src/stm32f4xx_hal_tim.o
 .comment       0x0000000000000050       0x51 ./Drivers/STM32F4xx_HAL_Driver/Src/stm32f4xx_hal_tim_ex.o
 .comment       0x0000000000000050       0x51 ./Thirdparty/FreeRTOS/Source/list.o
 .comment       0x0000000000000050       0x51 ./Thirdparty/FreeRTOS/Source/queue.o
 .comment       0x0000000000000050       0x51 ./Thirdparty/FreeRTOS/Source/tasks.o
 .comment       0x0000000000000050       0x51 ./Thirdparty/FreeRTOS/Source/timers.o
 .comment       0x0000000000000050       0x51 ./Thirdparty/FreeRTOS/Source/portable/GCC/ARM_CM4F/port.o
 .comment       0x0000000000000050       0x51 ./Thirdparty/FreeRTOS/Source/portable/MemMang/heap_4.o

.debug_frame    0x0000000000000000     0x3ea0
 .debug_frame   0x0000000000000000      0x178 ./Core/Src/cmn.o
 .debug_frame   0x0000000000000178       0xc0 ./Core/Src/lcd.o
 .debug_frame   0x0000000000000238      0x114 ./Core/Src/main.o
 .debug_frame   0x000000000000034c       0x38 ./Core/Src/stm32f4xx_hal_msp.o
 .debug_frame   0x0000000000000384       0x74 ./Core/Src/stm32f4xx_hal_timebase_tim.o
 .debug_frame   0x00000000000003f8       0xc4 ./Core/Src/stm32f4xx_it.o
 .debug_frame   0x00000000000004bc       0x58 ./Core/Src/system_stm32f4xx.o
 .debug_frame   0x0000000000000514      0x374 ./Drivers/STM32F4xx_HAL_Driver/Src/stm32f4xx_hal.o
 .debug_frame   0x0000000000000888      0x498 ./Drivers/STM32F4xx_HAL_Driver/Src/stm32f4xx_hal_cortex.o
 .debug_frame   0x0000000000000d20      0x14c ./Drivers/STM32F4xx_HAL_Driver/Src/stm32f4xx_hal_gpio.o
 .debug_frame   0x0000000000000e6c      0x1f4 ./Drivers/STM32F4xx_HAL_Driver/Src/stm32f4xx_hal_rcc.o
 .debug_frame   0x0000000000001060     0x11c4 ./Drivers/STM32F4xx_HAL_Driver/Src/stm32f4xx_hal_tim.o
 .debug_frame   0x0000000000002224      0x638 ./Drivers/STM32F4xx_HAL_Driver/Src/stm32f4xx_hal_tim_ex.o
 .debug_frame   0x000000000000285c       0xd8 ./Thirdparty/FreeRTOS/Source/list.o
 .debug_frame   0x0000000000002934      0x530 ./Thirdparty/FreeRTOS/Source/queue.o
 .debug_frame   0x0000000000002e64      0x8a8 ./Thirdparty/FreeRTOS/Source/tasks.o
 .debug_frame   0x000000000000370c      0x3c8 ./Thirdparty/FreeRTOS/Source/timers.o
 .debug_frame   0x0000000000003ad4      0x1a8 ./Thirdparty/FreeRTOS/Source/portable/GCC/ARM_CM4F/port.o
 .debug_frame   0x0000000000003c7c      0x150 ./Thirdparty/FreeRTOS/Source/portable/MemMang/heap_4.o
 .debug_frame   0x0000000000003dcc       0x2c c:/st/stm32cubeide_1.11.0/stm32cubeide/plugins/com.st.stm32cube.ide.mcu.externaltools.gnu-tools-for-stm32.10.3-2021.10.win32_1.0.100.202210260954/tools/bin/../lib/gcc/arm-none-eabi/10.3.1/../../../../arm-none-eabi/lib/thumb/v7e-m+fp/hard\libc_nano.a(lib_a-init.o)
 .debug_frame   0x0000000000003df8       0x28 c:/st/stm32cubeide_1.11.0/stm32cubeide/plugins/com.st.stm32cube.ide.mcu.externaltools.gnu-tools-for-stm32.10.3-2021.10.win32_1.0.100.202210260954/tools/bin/../lib/gcc/arm-none-eabi/10.3.1/../../../../arm-none-eabi/lib/thumb/v7e-m+fp/hard\libc_nano.a(lib_a-memcpy-stub.o)
 .debug_frame   0x0000000000003e20       0x20 c:/st/stm32cubeide_1.11.0/stm32cubeide/plugins/com.st.stm32cube.ide.mcu.externaltools.gnu-tools-for-stm32.10.3-2021.10.win32_1.0.100.202210260954/tools/bin/../lib/gcc/arm-none-eabi/10.3.1/../../../../arm-none-eabi/lib/thumb/v7e-m+fp/hard\libc_nano.a(lib_a-memset.o)
 .debug_frame   0x0000000000003e40       0x2c c:/st/stm32cubeide_1.11.0/stm32cubeide/plugins/com.st.stm32cube.ide.mcu.externaltools.gnu-tools-for-stm32.10.3-2021.10.win32_1.0.100.202210260954/tools/bin/../lib/gcc/arm-none-eabi/10.3.1/thumb/v7e-m+fp/hard\libgcc.a(_aeabi_uldivmod.o)
 .debug_frame   0x0000000000003e6c       0x34 c:/st/stm32cubeide_1.11.0/stm32cubeide/plugins/com.st.stm32cube.ide.mcu.externaltools.gnu-tools-for-stm32.10.3-2021.10.win32_1.0.100.202210260954/tools/bin/../lib/gcc/arm-none-eabi/10.3.1/thumb/v7e-m+fp/hard\libgcc.a(_udivmoddi4.o)
